--------- beginning of system
I/Vold    (   47): Vold 2.1 (the revenge) firing up
D/Vold    (   47): Volume sdcard state changing -1 (Initializing) -> 0 (No-Media)
D/Vold    (   47): Volume sdcard state changing 0 (No-Media) -> 1 (Idle-Unmounted)
I/SystemServer(  345): Entered the Android system server!
I/SystemServiceManager(  345): Starting com.android.server.pm.Installer
I/Installer(  345): Waiting for installd to be ready.
I/Installer(  345): connecting...
I/SystemServiceManager(  345): Starting com.android.server.power.PowerManagerService
I/SystemServiceManager(  345): Starting com.android.server.am.ActivityManagerService$Lifecycle
I/ActivityManager(  345): Memory class: 32
I/ServiceThread(  345): Enabled StrictMode logging for ActivityManager looper.
W/UsageStats(  345): Usage stats version changed; dropping
I/IntentFirewall(  345): Read new rules (A:0 B:0 S:0)
I/ServiceThread(  345): Enabled StrictMode logging for android.ui looper.
I/ServiceThread(  345): Enabled StrictMode logging for android.display looper.
I/SystemServiceManager(  345): Starting com.android.server.display.DisplayManagerService
I/DisplayManagerService(  345): Display device added: DisplayDeviceInfo{"Built-in Screen": 480 x 800, 60.000004 fps, density 240, 240.0 x 240.0 dpi, touch INTERNAL, rotation 0, type BUILT_IN, state UNKNOWN, FLAG_DEFAULT_DISPLAY, FLAG_ROTATES_WITH_CONTENT, FLAG_SECURE, FLAG_SUPPORTS_PROTECTED_BUFFERS}
I/SystemServer(  345): Telephony Registry
I/SystemServer(  345): Scheduling Policy
I/SystemServiceManager(  345): Starting phase 100
I/SystemServer(  345): Package Manager
D/SELinuxMMAC(  345): Couldn't find install policy /data/security/mac_permissions.xml
D/SELinuxMMAC(  345): Using install policy file /system/etc/security/mac_permissions.xml
W/PackageManager(  345): Running ENG build: no pre-dexopt!
I/PackageManager(  345): Replacing default ResolverActivity with custom activity: ComponentInfo{com.google.android.apps.wearable.settings/com.google.android.apps.wearable.resolver.ResolverActivity}
W/PackageParser(  345): No actions in intent filter at /system/app/Bluetooth.apk Binary XML file line #212
W/PackageParser(  345): Unable to read AndroidManifest.xml of /data/app/com.eg.hello-1.apk
W/PackageParser(  345): java.io.FileNotFoundException: AndroidManifest.xml
W/PackageParser(  345): 	at android.content.res.AssetManager.openXmlAssetNative(Native Method)
W/PackageParser(  345): 	at android.content.res.AssetManager.openXmlBlockAsset(AssetManager.java:487)
W/PackageParser(  345): 	at android.content.res.AssetManager.openXmlResourceParser(AssetManager.java:455)
W/PackageParser(  345): 	at android.content.pm.PackageParser.parsePackage(PackageParser.java:528)
W/PackageParser(  345): 	at com.android.server.pm.PackageManagerService.scanPackageLI(PackageManagerService.java:3601)
W/PackageParser(  345): 	at com.android.server.pm.PackageManagerService.scanDirLI(PackageManagerService.java:3524)
W/PackageParser(  345): 	at com.android.server.pm.PackageManagerService.<init>(PackageManagerService.java:1389)
W/PackageParser(  345): 	at com.android.server.pm.PackageManagerService.main(PackageManagerService.java:1043)
W/PackageParser(  345): 	at com.android.server.SystemServer.startOtherServices(SystemServer.java:354)
W/PackageParser(  345): 	at com.android.server.SystemServer.run(SystemServer.java:223)
W/PackageParser(  345): 	at com.android.server.SystemServer.main(SystemServer.java:142)
W/PackageParser(  345): 	at java.lang.reflect.Method.invokeNative(Native Method)
W/PackageParser(  345): 	at java.lang.reflect.Method.invoke(Method.java:515)
W/PackageParser(  345): 	at com.android.internal.os.ZygoteInit$MethodAndArgsCaller.run(ZygoteInit.java:777)
W/PackageParser(  345): 	at com.android.internal.os.ZygoteInit.main(ZygoteInit.java:602)
W/PackageParser(  345): 	at dalvik.system.NativeStart.main(Native Method)
W/PackageParser(  345): Unable to read AndroidManifest.xml of /data/app/com.recipesapp-1.apk
W/PackageParser(  345): java.io.FileNotFoundException: AndroidManifest.xml
W/PackageParser(  345): 	at android.content.res.AssetManager.openXmlAssetNative(Native Method)
W/PackageParser(  345): 	at android.content.res.AssetManager.openXmlBlockAsset(AssetManager.java:487)
W/PackageParser(  345): 	at android.content.res.AssetManager.openXmlResourceParser(AssetManager.java:455)
W/PackageParser(  345): 	at android.content.pm.PackageParser.parsePackage(PackageParser.java:528)
W/PackageParser(  345): 	at com.android.server.pm.PackageManagerService.scanPackageLI(PackageManagerService.java:3601)
W/PackageParser(  345): 	at com.android.server.pm.PackageManagerService.scanDirLI(PackageManagerService.java:3524)
W/PackageParser(  345): 	at com.android.server.pm.PackageManagerService.<init>(PackageManagerService.java:1389)
W/PackageParser(  345): 	at com.android.server.pm.PackageManagerService.main(PackageManagerService.java:1043)
W/PackageParser(  345): 	at com.android.server.SystemServer.startOtherServices(SystemServer.java:354)
W/PackageParser(  345): 	at com.android.server.SystemServer.run(SystemServer.java:223)
W/PackageParser(  345): 	at com.android.server.SystemServer.main(SystemServer.java:142)
W/PackageParser(  345): 	at java.lang.reflect.Method.invokeNative(Native Method)
W/PackageParser(  345): 	at java.lang.reflect.Method.invoke(Method.java:515)
W/PackageParser(  345): 	at com.android.internal.os.ZygoteInit$MethodAndArgsCaller.run(ZygoteInit.java:777)
W/PackageParser(  345): 	at com.android.internal.os.ZygoteInit.main(ZygoteInit.java:602)
W/PackageParser(  345): 	at dalvik.system.NativeStart.main(Native Method)
W/PackageParser(  345): Unable to read AndroidManifest.xml of /data/app/com.recipesapp-2.apk
W/PackageParser(  345): java.io.FileNotFoundException: AndroidManifest.xml
W/PackageParser(  345): 	at android.content.res.AssetManager.openXmlAssetNative(Native Method)
W/PackageParser(  345): 	at android.content.res.AssetManager.openXmlBlockAsset(AssetManager.java:487)
W/PackageParser(  345): 	at android.content.res.AssetManager.openXmlResourceParser(AssetManager.java:455)
W/PackageParser(  345): 	at android.content.pm.PackageParser.parsePackage(PackageParser.java:528)
W/PackageParser(  345): 	at com.android.server.pm.PackageManagerService.scanPackageLI(PackageManagerService.java:3601)
W/PackageParser(  345): 	at com.android.server.pm.PackageManagerService.scanDirLI(PackageManagerService.java:3524)
W/PackageParser(  345): 	at com.android.server.pm.PackageManagerService.<init>(PackageManagerService.java:1389)
W/PackageParser(  345): 	at com.android.server.pm.PackageManagerService.main(PackageManagerService.java:1043)
W/PackageParser(  345): 	at com.android.server.SystemServer.startOtherServices(SystemServer.java:354)
W/PackageParser(  345): 	at com.android.server.SystemServer.run(SystemServer.java:223)
W/PackageParser(  345): 	at com.android.server.SystemServer.main(SystemServer.java:142)
W/PackageParser(  345): 	at java.lang.reflect.Method.invokeNative(Native Method)
W/PackageParser(  345): 	at java.lang.reflect.Method.invoke(Method.java:515)
W/PackageParser(  345): 	at com.android.internal.os.ZygoteInit$MethodAndArgsCaller.run(ZygoteInit.java:777)
W/PackageParser(  345): 	at com.android.internal.os.ZygoteInit.main(ZygoteInit.java:602)
W/PackageParser(  345): 	at dalvik.system.NativeStart.main(Native Method)
I/PackageParser(  345): com.eg.hello: compat added android.permission.WRITE_EXTERNAL_STORAGE android.permission.READ_PHONE_STATE
I/PackageParser(  345): com.harhridfoodmonitor: compat added android.permission.WRITE_EXTERNAL_STORAGE android.permission.READ_PHONE_STATE
W/PackageParser(  345): Unable to read AndroidManifest.xml of /data/app/org.achartengine.chartdemo.demo-1.apk
W/PackageParser(  345): java.io.FileNotFoundException: AndroidManifest.xml
W/PackageParser(  345): 	at android.content.res.AssetManager.openXmlAssetNative(Native Method)
W/PackageParser(  345): 	at android.content.res.AssetManager.openXmlBlockAsset(AssetManager.java:487)
W/PackageParser(  345): 	at android.content.res.AssetManager.openXmlResourceParser(AssetManager.java:455)
W/PackageParser(  345): 	at android.content.pm.PackageParser.parsePackage(PackageParser.java:528)
W/PackageParser(  345): 	at com.android.server.pm.PackageManagerService.scanPackageLI(PackageManagerService.java:3601)
W/PackageParser(  345): 	at com.android.server.pm.PackageManagerService.scanDirLI(PackageManagerService.java:3524)
W/PackageParser(  345): 	at com.android.server.pm.PackageManagerService.<init>(PackageManagerService.java:1389)
W/PackageParser(  345): 	at com.android.server.pm.PackageManagerService.main(PackageManagerService.java:1043)
W/PackageParser(  345): 	at com.android.server.SystemServer.startOtherServices(SystemServer.java:354)
W/PackageParser(  345): 	at com.android.server.SystemServer.run(SystemServer.java:223)
W/PackageParser(  345): 	at com.android.server.SystemServer.main(SystemServer.java:142)
W/PackageParser(  345): 	at java.lang.reflect.Method.invokeNative(Native Method)
W/PackageParser(  345): 	at java.lang.reflect.Method.invoke(Method.java:515)
W/PackageParser(  345): 	at com.android.internal.os.ZygoteInit$MethodAndArgsCaller.run(ZygoteInit.java:777)
W/PackageParser(  345): 	at com.android.internal.os.ZygoteInit.main(ZygoteInit.java:602)
W/PackageParser(  345): 	at dalvik.system.NativeStart.main(Native Method)
I/PackageParser(  345): com.example.sample: compat added android.permission.WRITE_EXTERNAL_STORAGE android.permission.READ_PHONE_STATE
I/PackageParser(  345): com.turbulence.calculator: compat added android.permission.WRITE_EXTERNAL_STORAGE android.permission.READ_PHONE_STATE
I/PackageParser(  345): com.example.learning: compat added android.permission.WRITE_EXTERNAL_STORAGE android.permission.READ_PHONE_STATE
W/PackageParser(  345): Unable to read AndroidManifest.xml of /data/app/com.example.ARMflow-1.apk
W/PackageParser(  345): java.io.FileNotFoundException: AndroidManifest.xml
W/PackageParser(  345): 	at android.content.res.AssetManager.openXmlAssetNative(Native Method)
W/PackageParser(  345): 	at android.content.res.AssetManager.openXmlBlockAsset(AssetManager.java:487)
W/PackageParser(  345): 	at android.content.res.AssetManager.openXmlResourceParser(AssetManager.java:455)
W/PackageParser(  345): 	at android.content.pm.PackageParser.parsePackage(PackageParser.java:528)
W/PackageParser(  345): 	at com.android.server.pm.PackageManagerService.scanPackageLI(PackageManagerService.java:3601)
W/PackageParser(  345): 	at com.android.server.pm.PackageManagerService.scanDirLI(PackageManagerService.java:3524)
W/PackageParser(  345): 	at com.android.server.pm.PackageManagerService.<init>(PackageManagerService.java:1389)
W/PackageParser(  345): 	at com.android.server.pm.PackageManagerService.main(PackageManagerService.java:1043)
W/PackageParser(  345): 	at com.android.server.SystemServer.startOtherServices(SystemServer.java:354)
W/PackageParser(  345): 	at com.android.server.SystemServer.run(SystemServer.java:223)
W/PackageParser(  345): 	at com.android.server.SystemServer.main(SystemServer.java:142)
W/PackageParser(  345): 	at java.lang.reflect.Method.invokeNative(Native Method)
W/PackageParser(  345): 	at java.lang.reflect.Method.invoke(Method.java:515)
W/PackageParser(  345): 	at com.android.internal.os.ZygoteInit$MethodAndArgsCaller.run(ZygoteInit.java:777)
W/PackageParser(  345): 	at com.android.internal.os.ZygoteInit.main(ZygoteInit.java:602)
W/PackageParser(  345): 	at dalvik.system.NativeStart.main(Native Method)
W/PackageParser(  345): Unable to read AndroidManifest.xml of /data/app/com.example.PotentialFlowApp-2.apk
W/PackageParser(  345): java.io.FileNotFoundException: AndroidManifest.xml
W/PackageParser(  345): 	at android.content.res.AssetManager.openXmlAssetNative(Native Method)
W/PackageParser(  345): 	at android.content.res.AssetManager.openXmlBlockAsset(AssetManager.java:487)
W/PackageParser(  345): 	at android.content.res.AssetManager.openXmlResourceParser(AssetManager.java:455)
W/PackageParser(  345): 	at android.content.pm.PackageParser.parsePackage(PackageParser.java:528)
W/PackageParser(  345): 	at com.android.server.pm.PackageManagerService.scanPackageLI(PackageManagerService.java:3601)
W/PackageParser(  345): 	at com.android.server.pm.PackageManagerService.scanDirLI(PackageManagerService.java:3524)
W/PackageParser(  345): 	at com.android.server.pm.PackageManagerService.<init>(PackageManagerService.java:1389)
W/PackageParser(  345): 	at com.android.server.pm.PackageManagerService.main(PackageManagerService.java:1043)
W/PackageParser(  345): 	at com.android.server.SystemServer.startOtherServices(SystemServer.java:354)
W/PackageParser(  345): 	at com.android.server.SystemServer.run(SystemServer.java:223)
W/PackageParser(  345): 	at com.android.server.SystemServer.main(SystemServer.java:142)
W/PackageParser(  345): 	at java.lang.reflect.Method.invokeNative(Native Method)
W/PackageParser(  345): 	at java.lang.reflect.Method.invoke(Method.java:515)
W/PackageParser(  345): 	at com.android.internal.os.ZygoteInit$MethodAndArgsCaller.run(ZygoteInit.java:777)
W/PackageParser(  345): 	at com.android.internal.os.ZygoteInit.main(ZygoteInit.java:602)
W/PackageParser(  345): 	at dalvik.system.NativeStart.main(Native Method)
W/PackageManager(  345): Package com.google.android.gms desires unavailable shared library com.google.android.ble; ignoring!
I/PackageManager(  345): Time to scan packages: 1.827 seconds
W/PackageManager(  345): Unknown permission com.google.android.gallery3d.permission.GALLERY_PROVIDER in package com.android.bluetooth
W/PackageManager(  345): Unknown permission com.android.gallery3d.permission.GALLERY_PROVIDER in package com.android.bluetooth
W/PackageManager(  345): Unknown permission android.permission.MMS_SEND_OUTBOX_MSG in package com.android.bluetooth
W/PackageManager(  345): Unknown permission android.permission.RECOVERY in package com.google.android.gms
W/PackageManager(  345): Unknown permission com.google.android.googlequicksearchbox.permission.PAUSE_HOTWORD in package com.google.android.gms
W/PackageManager(  345): Unknown permission com.google.android.hangouts.START_HANGOUT in package com.google.android.gms
W/PackageManager(  345): Unknown permission com.google.android.googleapps.permission.ACCESS_GOOGLE_PASSWORD in package com.android.development
W/PackageManager(  345): Unknown permission com.google.android.googleapps.permission.ACCESS_GOOGLE_PASSWORD in package com.google.android.gsf
W/PackageManager(  345): Unknown permission com.google.android.googleapps.permission.GOOGLE_MAIL_SWITCH in package com.google.android.gsf
W/PackageSettings(  345): Skipping PackageSetting{b3d42308 com.example.PotentialFlowApp/10025} due to missing metadata
W/PackageSettings(  345): Skipping PackageSetting{b3cdf918 com.example.ARMflow/10023} due to missing metadata
W/PackageSettings(  345): Skipping PackageSetting{b3ce0aa0 com.recipesapp/10020} due to missing metadata
W/PackageSettings(  345): Skipping PackageSetting{b3d3d5c8 org.achartengine.chartdemo.demo/10027} due to missing metadata
I/SystemServer(  345): Entropy Mixer
I/EntropyMixer(  345): Writing entropy...
I/SystemServer(  345): User Service
I/SystemServer(  345): Account Manager
I/SystemServer(  345): Content Manager
I/SystemServer(  345): System Content Providers
I/SystemServiceManager(  345): Starting com.android.server.lights.LightsService
I/SystemServer(  345): Battery Service
I/SystemServer(  345): Vibrator Service
I/ServiceThread(  345): Enabled StrictMode logging for PowerManagerService looper.
I/SystemServer(  345): Consumer IR Service
I/SystemServiceManager(  345): Starting com.android.server.AlarmManagerService
I/SystemServer(  345): Init Watchdog
I/SystemServer(  345): Input Manager
I/InputManager(  345): Initializing input manager, mUseDevInputEventForAudioJack=false
I/SystemServer(  345): Window Manager
I/WindowManager(  345): No existing display settings /data/system/display_settings.xml; starting empty
I/InputManager(  345): Starting input manager
I/SystemServer(  345): No Bluetooh Service (emulator)
I/SystemServer(  345): Input Method Service
W/InputMethodManagerService(  345): Couldn't create dir.: /data/system/inputmethod
W/InputMethodManagerService(  345): No IME selected. Choose the most applicable IME.
I/SystemServer(  345): Accessibility Manager
I/ActivityManager(  345): Config changes=1df8 {1.0 ?mcc?mnc en_US ldltr sw320dp w320dp h533dp 240dpi nrml long port ?uimode ?night -touch qwerty/v/v -nav/h s.2}
I/ActivityManager(  345): Config changes=408 {1.0 ?mcc?mnc en_US ldltr sw320dp w320dp h508dp 240dpi nrml long port ?uimode ?night finger qwerty/v/v -nav/h s.3}
I/SystemServer(  345): Mount Service
D/MountService(  345): got storage path: /storage/sdcard description: USB storage primary: true removable: false emulated: false mtpReserve: 0 allowMassStorage: false maxFileSize: 0
D/MountService(  345): addVolumeLocked() StorageVolume:
D/MountService(  345):     mStorageId=0 mPath=/storage/sdcard mDescriptionId=17040673 mPrimary=true 
D/MountService(  345):     mRemovable=false mEmulated=false mMtpReserveSpace=0 
D/MountService(  345):     mAllowMassStorage=false mMaxFileSize=0 mOwner=null mUuid=null 
D/MountService(  345):     mUserLabel=null mState=null 
I/SystemServer(  345): LockSettingsService
I/SystemServiceManager(  345): Starting com.android.server.devicepolicy.DevicePolicyManagerService$Lifecycle
I/SystemServer(  345): Status Bar
I/SystemServer(  345): Clipboard Service
I/SystemServer(  345): NetworkManagement Service
W/MountService(  345): Duplicate state transition (unmounted -> unmounted) for /storage/sdcard
I/SystemServer(  345): Text Service Manager Service
W/TextServicesManagerService(  345): no available spell checker services found
I/SystemServer(  345): NetworkStats Service
W/MountService(  345): getSecureContainerList() called when storage not mounted
I/SystemServer(  345): NetworkPolicy Service
W/PackageManager(  345): Unknown permission com.google.android.gallery3d.permission.GALLERY_PROVIDER in package com.android.bluetooth
W/PackageManager(  345): Unknown permission com.android.gallery3d.permission.GALLERY_PROVIDER in package com.android.bluetooth
W/PackageManager(  345): Unknown permission android.permission.MMS_SEND_OUTBOX_MSG in package com.android.bluetooth
W/PackageManager(  345): Unknown permission android.permission.RECOVERY in package com.google.android.gms
W/PackageManager(  345): Unknown permission com.google.android.googlequicksearchbox.permission.PAUSE_HOTWORD in package com.google.android.gms
W/PackageManager(  345): Unknown permission com.google.android.hangouts.START_HANGOUT in package com.google.android.gms
I/SystemServer(  345): Wi-Fi P2pService
W/PackageManager(  345): Unknown permission com.google.android.googleapps.permission.ACCESS_GOOGLE_PASSWORD in package com.android.development
W/PackageManager(  345): Unknown permission com.google.android.googleapps.permission.ACCESS_GOOGLE_PASSWORD in package com.google.android.gsf
W/PackageManager(  345): Unknown permission com.google.android.googleapps.permission.GOOGLE_MAIL_SWITCH in package com.google.android.gsf
W/PackageSettings(  345): Skipping PackageSetting{b3d42308 com.example.PotentialFlowApp/10025} due to missing metadata
W/PackageSettings(  345): Skipping PackageSetting{b3cdf918 com.example.ARMflow/10023} due to missing metadata
W/PackageSettings(  345): Skipping PackageSetting{b3ce0aa0 com.recipesapp/10020} due to missing metadata
W/PackageSettings(  345): Skipping PackageSetting{b3d3d5c8 org.achartengine.chartdemo.demo/10027} due to missing metadata
W/WindowManager(  345): Timeout waiting for drawn: undrawn=[]
I/SystemServer(  345): Wi-Fi Service
I/SystemServer(  345): Connectivity Service
D/ConnectivityService(  345): ConnectivityService starting up
D/ConnectivityService(  345): wifiOnly=false
E/ConnectivityService(  345): Ignoring protectedNetwork 10
E/ConnectivityService(  345): Ignoring protectedNetwork 11
E/ConnectivityService(  345): Ignoring protectedNetwork 12
E/ConnectivityService(  345): Ignoring protectedNetwork 14
I/WifiService(  345): WifiService starting up with Wi-Fi disabled
I/SystemServer(  345): Network Service Discovery Service
D/NsdService(  345): Network service discovery enabled true
I/SystemServer(  345): UpdateLock Service
I/SystemServiceManager(  345): Starting com.android.server.notification.NotificationManagerService
I/SystemServiceManager(  345): Starting com.android.server.storage.DeviceStorageMonitorService
I/SystemServer(  345): Location Manager
I/SystemServer(  345): Country Detector
I/SystemServer(  345): Search Service
I/SystemServer(  345): DropBox Service
I/SystemServer(  345): Audio Service
I/SystemServiceManager(  345): Starting com.android.server.DockObserver
W/DockObserver(  345): This kernel does not have dock station support
I/SystemServer(  345): Wired Accessory Manager
W/WiredAccessoryManager(  345): This kernel does not have wired headset support
W/WiredAccessoryManager(  345): This kernel does not have usb audio support
W/WiredAccessoryManager(  345): This kernel does not have HDMI audio support
I/SystemServiceManager(  345): Starting com.android.server.usb.UsbService$Lifecycle
I/SystemServer(  345): Serial Service
I/SystemServiceManager(  345): Starting com.android.server.twilight.TwilightService
I/SystemServiceManager(  345): Starting com.android.server.UiModeManagerService
I/SystemServer(  345): Recognition Service
I/SystemServer(  345): DiskStats Service
I/SystemServer(  345): SamplingProfiler Service
I/SystemServer(  345): NetworkTimeUpdateService
I/SystemServer(  345): CommonTimeManagementService
I/SystemServer(  345): CertBlacklister
I/SystemServiceManager(  345): Starting com.android.server.dreams.DreamManagerService
I/SystemServer(  345): Assets Atlas Service
I/SystemServer(  345): IdleMaintenanceService
I/SystemServiceManager(  345): Starting com.android.server.hdmi.HdmiCecService
I/SystemServer(  345): Media Router Service
I/SystemServiceManager(  345): Starting phase 480
I/SystemServiceManager(  345): Starting phase 500
I/ActivityManager(  345): Config changes=200 {1.0 ?mcc?mnc en_US ldltr sw320dp w320dp h508dp 240dpi nrml long port watch finger qwerty/v/v -nav/h s.4}
W/ActivityManager(  345): Unable to start service Intent { cmp=com.android.keyguard/.KeyguardService } U=0: not found
I/DisplayManagerService(  345): Display device changed: DisplayDeviceInfo{"Built-in Screen": 480 x 800, 60.000004 fps, density 240, 240.0 x 240.0 dpi, touch INTERNAL, rotation 0, type BUILT_IN, state ON, FLAG_DEFAULT_DISPLAY, FLAG_ROTATES_WITH_CONTENT, FLAG_SECURE, FLAG_SUPPORTS_PROTECTED_BUFFERS}
I/AppOps  (  345): Pruning old package media/1013: new uid=-1
I/ActivityManager(  345): System now ready
I/SystemServer(  345): Making services ready
I/SystemServiceManager(  345): Starting phase 550
W/ActivityManager(  345): Unable to start service Intent { cmp=com.android.systemui/.SystemUIService } U=0: not found
D/NetworkManagementService(  345): enabling bandwidth control
I/Vold    (   47): /dev/block/vold/179:0 being considered for volume sdcard
D/Vold    (   47): Volume sdcard state changing 1 (Idle-Unmounted) -> 3 (Checking)
D/MountService(  345): volume state changed for /storage/sdcard (unmounted -> checking)
D/MountService(  345): sendStorageIntent Intent { act=android.intent.action.MEDIA_CHECKING dat=file:///storage/sdcard flg=0x4000000 (has extras) } to UserHandle{-1}
I/Vold    (   47): Filesystem check completed OK
D/Vold    (   47): Volume sdcard state changing 3 (Checking) -> 4 (Mounted)
D/MountService(  345): volume state changed for /storage/sdcard (checking -> mounted)
D/MountService(  345): sendStorageIntent Intent { act=android.intent.action.MEDIA_MOUNTED dat=file:///storage/sdcard flg=0x4000000 (has extras) } to UserHandle{-1}
E/VoldConnector(  345): NDC Command {3 volume mount /storage/sdcard} took too long (954ms)
I/ActivityManager(  345): Start proc android.process.media for broadcast com.android.providers.downloads/.DownloadReceiver: pid=413 uid=10009 gids={50009, 1028, 1015, 1023, 1024, 2001, 3003, 3007}
W/PackageManager(  345): Unknown permission com.google.android.gallery3d.permission.GALLERY_PROVIDER in package com.android.bluetooth
W/PackageManager(  345): Unknown permission com.android.gallery3d.permission.GALLERY_PROVIDER in package com.android.bluetooth
W/PackageManager(  345): Unknown permission android.permission.MMS_SEND_OUTBOX_MSG in package com.android.bluetooth
W/PackageManager(  345): Unknown permission android.permission.RECOVERY in package com.google.android.gms
W/PackageManager(  345): Unknown permission com.google.android.googlequicksearchbox.permission.PAUSE_HOTWORD in package com.google.android.gms
W/PackageManager(  345): Unknown permission com.google.android.hangouts.START_HANGOUT in package com.google.android.gms
W/PackageManager(  345): Unknown permission com.google.android.googleapps.permission.ACCESS_GOOGLE_PASSWORD in package com.android.development
W/PackageManager(  345): Unknown permission com.google.android.googleapps.permission.ACCESS_GOOGLE_PASSWORD in package com.google.android.gsf
W/PackageManager(  345): Unknown permission com.google.android.googleapps.permission.GOOGLE_MAIL_SWITCH in package com.google.android.gsf
W/PackageSettings(  345): Skipping PackageSetting{b3d42308 com.example.PotentialFlowApp/10025} due to missing metadata
W/PackageSettings(  345): Skipping PackageSetting{b3cdf918 com.example.ARMflow/10023} due to missing metadata
W/PackageSettings(  345): Skipping PackageSetting{b3ce0aa0 com.recipesapp/10020} due to missing metadata
E/NetdConnector(  345): NDC Command {1 bandwidth enable} took too long (1905ms)
W/PackageSettings(  345): Skipping PackageSetting{b3d3d5c8 org.achartengine.chartdemo.demo/10027} due to missing metadata
W/RecognitionManagerService(  345): no available voice recognition services found for user 0
I/SystemServiceManager(  345): Starting phase 600
V/NotificationService(  345): enabling notification listener for user 0: ComponentInfo{com.google.android.wearable.app/com.google.android.clockwork.stream.NotificationCollectorService}
I/ActivityManager(  345): Start proc com.google.android.wearable.app for service com.google.android.wearable.app/com.google.android.clockwork.stream.NotificationCollectorService: pid=466 uid=10003 gids={50003, 3002, 3001, 3003, 1028, 1015}
W/InputMethodManagerService(  345): Ignoring setImeWindowStatus of uid 1000 token: null
W/InputMethodManagerService(  345): Reset the default IME as "Resource" is ready here.
W/InputMethodUtils(  345): NameNotFoundException: com.android.inputmethod.latin
W/InputMethodUtils(  345): android.content.pm.PackageManager$NameNotFoundException: com.android.inputmethod.latin
W/InputMethodUtils(  345): 	at android.app.ApplicationPackageManager.getApplicationInfo(ApplicationPackageManager.java:246)
W/InputMethodUtils(  345): 	at com.android.internal.inputmethod.InputMethodUtils.setNonSelectedSystemImesDisabledUntilUsed(InputMethodUtils.java:441)
W/InputMethodUtils(  345): 	at com.android.server.InputMethodManagerService.systemRunning(InputMethodManagerService.java:854)
W/InputMethodUtils(  345): 	at com.android.server.SystemServer$2.run(SystemServer.java:1067)
W/InputMethodUtils(  345): 	at com.android.server.am.ActivityManagerService.systemReady(ActivityManagerService.java:9254)
W/InputMethodUtils(  345): 	at com.android.server.SystemServer.startOtherServices(SystemServer.java:1002)
W/InputMethodUtils(  345): 	at com.android.server.SystemServer.run(SystemServer.java:223)
W/InputMethodUtils(  345): 	at com.android.server.SystemServer.main(SystemServer.java:142)
W/InputMethodUtils(  345): 	at java.lang.reflect.Method.invokeNative(Native Method)
W/InputMethodUtils(  345): 	at java.lang.reflect.Method.invoke(Method.java:515)
W/InputMethodUtils(  345): 	at com.android.internal.os.ZygoteInit$MethodAndArgsCaller.run(ZygoteInit.java:777)
W/InputMethodUtils(  345): 	at com.android.internal.os.ZygoteInit.main(ZygoteInit.java:602)
W/InputMethodUtils(  345): 	at dalvik.system.NativeStart.main(Native Method)
W/LocationManagerService(  345): no network location provider found
E/LocationManagerService(  345): no geocoder provider found
E/LocationManagerService(  345): No FusedProvider found.
E/LocationManagerService(  345): no geofence provider found
I/SystemServiceManager(  345): Starting phase 1000
I/ActivityManager(  345): START u0 {act=android.intent.action.MAIN cat=[android.intent.category.HOME] flg=0x10000000 cmp=com.google.android.wearable.app/com.google.android.clockwork.home.HomeActivity} from pid 0 on display 0
I/SystemServer(  345): Enabled StrictMode for system server main thread.
V/ActivityManager(  345): Display changed displayId=0
V/ActivityManager(  345): Display changed displayId=0
W/InputMethodManagerService(  345): Focus gain on non-focused client android.view.inputmethod.InputMethodManager$1@b3e910b0 (uid=1000 pid=345)
V/ActivityManager(  345): Display changed displayId=0
V/ActivityManager(  345): Display changed displayId=0
V/NotificationService(  345): enabling notification listener for user 0: ComponentInfo{com.google.android.wearable.app/com.google.android.clockwork.stream.NotificationCollectorService}
I/ActivityManager(  345): Start proc com.google.android.gms for broadcast com.google.android.gms/com.google.android.location.internal.NlpNetworkProviderSettingsUpdateReceiver: pid=486 uid=10010 gids={50010, 3003, 1028, 1015, 3002, 3001, 1007, 2001, 3006}
I/ActivityManager(  345): Start proc com.google.android.gms.wearable for service com.google.android.gms/.wearable.service.WearableService: pid=501 uid=10010 gids={50010, 3003, 1028, 1015, 3002, 3001, 1007, 2001, 3006}
I/ActivityManager(  345): Start proc com.google.process.gapps for content provider com.google.android.gsf/.gservices.GservicesProvider: pid=517 uid=10010 gids={50010, 3003, 1028, 1015, 3002, 3001, 1007, 2001, 3006}
I/ActivityManager(  345): Start proc com.google.android.apps.wearable.settings for content provider com.google.android.apps.wearable.settings/com.google.android.clockwork.settings.SettingsProvider: pid=552 uid=1000 gids={41000, 3002, 3003}
I/ActivityManager(  345): Start proc com.google.process.location for broadcast com.google.android.gms/com.google.android.location.network.LocationProviderChangeReceiver: pid=567 uid=10010 gids={50010, 3003, 1028, 1015, 3002, 3001, 1007, 2001, 3006}
V/ActivityManager(  345): Display changed displayId=0
I/ActivityManager(  345): Delay finish: com.google.android.gms/.wearable.init.InitializeGmsWearableReceiver
I/ActivityManager(  345): Resuming delayed broadcast
I/ActivityManager(  345): Delay finish: com.google.android.gms/.gcm.ServiceAutoStarter
I/ActivityManager(  345): Start proc com.android.defcontainer for service com.android.defcontainer/.DefaultContainerService: pid=614 uid=10008 gids={50008, 1028, 1015, 1023, 2001, 1035}
W/ActivityManager(  345): No content provider found for permission revoke: file:///data/local/tmp/learning-debug.apk
W/ActivityManager(  345): No content provider found for permission revoke: file:///data/local/tmp/learning-debug.apk
I/PackageManager(  345): Copying native libraries to /data/app-lib/vmdl-49329164
I/PackageParser(  345): com.example.learning: compat added android.permission.WRITE_EXTERNAL_STORAGE android.permission.READ_PHONE_STATE
I/ActivityManager(  345): Force stopping com.example.learning appid=10029 user=-1: uninstall pkg
W/PackageSettings(  345): Skipping PackageSetting{b3d42308 com.example.PotentialFlowApp/10025} due to missing metadata
W/PackageSettings(  345): Skipping PackageSetting{b3cdf918 com.example.ARMflow/10023} due to missing metadata
W/PackageSettings(  345): Skipping PackageSetting{b3ce0aa0 com.recipesapp/10020} due to missing metadata
W/PackageSettings(  345): Skipping PackageSetting{b3d3d5c8 org.achartengine.chartdemo.demo/10027} due to missing metadata
I/PackageManager(  345): Package com.example.learning codePath changed from /data/app/com.example.learning-1.apk to /data/app/com.example.learning-2.apk; Retaining data and using new
I/ActivityManager(  345): Force stopping com.example.learning appid=10029 user=-1: update pkg
W/PackageManager(  345): Code path for pkg : com.example.learning changing from /data/app/com.example.learning-1.apk to /data/app/com.example.learning-2.apk
W/PackageManager(  345): Resource path for pkg : com.example.learning changing from /data/app/com.example.learning-1.apk to /data/app/com.example.learning-2.apk
W/PackageSettings(  345): Skipping PackageSetting{b3d42308 com.example.PotentialFlowApp/10025} due to missing metadata
W/PackageSettings(  345): Skipping PackageSetting{b3cdf918 com.example.ARMflow/10023} due to missing metadata
W/PackageSettings(  345): Skipping PackageSetting{b3ce0aa0 com.recipesapp/10020} due to missing metadata
W/PackageSettings(  345): Skipping PackageSetting{b3d3d5c8 org.achartengine.chartdemo.demo/10027} due to missing metadata
W/PackageSettings(  345): Skipping PackageSetting{b3d42308 com.example.PotentialFlowApp/10025} due to missing metadata
W/PackageSettings(  345): Skipping PackageSetting{b3cdf918 com.example.ARMflow/10023} due to missing metadata
W/PackageSettings(  345): Skipping PackageSetting{b3ce0aa0 com.recipesapp/10020} due to missing metadata
W/PackageSettings(  345): Skipping PackageSetting{b3d3d5c8 org.achartengine.chartdemo.demo/10027} due to missing metadata
I/ActivityManager(  345): Force stopping com.example.learning appid=10029 user=0: pkg removed
W/RecognitionManagerService(  345): no available voice recognition services found for user 0
I/ActivityManager(  345): Waited long enough for: ServiceRecord{b3ef2cb0 u0 com.google.android.gms/.gcm.GcmService}
I/ActivityManager(  345): Resuming delayed broadcast
I/ActivityManager(  345): Delay finish: com.google.android.gms/.wearable.init.InitializeGmsWearableReceiver
I/ActivityManager(  345): Resuming delayed broadcast
I/ActivityManager(  345): Delay finish: com.google.android.gms/.wearable.init.InitializeGmsWearableReceiver
I/ActivityManager(  345): Resuming delayed broadcast
I/ActivityManager(  345): Delay finish: com.google.android.gms/.checkin.CheckinService$Receiver
I/ActivityManager(  345): Resuming delayed broadcast
V/WiredAccessoryManager(  345): init()
I/PowerManagerService(  345): Boot animation finished.
I/ActivityManager(  345): Start proc com.google.android.deskclock for broadcast com.google.android.deskclock/.BootCompletedReceiver: pid=646 uid=10015 gids={50015}
--------- beginning of main
D/WearableConn(  501): Socket closed
D/WearableConn(  501): Waiting 2.0 seconds to retry connection
E/WVMExtractor(   53): Failed to open libwvm.so: dlopen failed: library "libwvm.so" not found
W/MediaCodecList(   53): unable to open media codecs configuration xml file.
E/AudioCache(   53): Error 1, -2147483648 occurred
E/SoundPool(  345): Unable to load sample: (null)
W/AudioService(  345): onLoadSoundEffects(), Error -22 while loading samples
E/AudioCache(   53): Error 1, -2147483648 occurred
E/SoundPool(  345): Unable to load sample: (null)
W/Searchables(  345): No global search activity found
I/ActivityManager(  345): Delay finish: com.google.android.deskclock/.BootCompletedReceiver
D/WearableClient(  646): WearableClientImpl.onPostInitHandler: done
D/dalvikvm(  646): GC_CONCURRENT freed 213K, 14% free 2271K/2628K, paused 4ms+22ms, total 95ms
I/ActivityManager(  345): Resuming delayed broadcast
I/RecoverySystem(  345): No recovery log file
I/ActivityManager(  345): Start proc com.android.providers.calendar for broadcast com.android.providers.calendar/.CalendarReceiver: pid=666 uid=10001 gids={50001, 3003, 1028, 1015}
I/BootReceiver(  345): Copying audit failures to DropBox
I/BootReceiver(  345): Checking for fsck errors
I/ActivityManager(  345): START u0 {act=android.settings.SETTINGS flg=0x10008000 cmp=com.google.android.apps.wearable.settings/com.google.android.clockwork.settings.SettingsActivity (has extras)} from pid 466 on display 0
D/PermissionCache(   51): checking android.permission.READ_FRAME_BUFFER for uid=1000 => granted (1133 us)
E/gralloc_goldfish(   51): gralloc_alloc: Mismatched usage flags: 246 x 410, usage 333
W/GraphicBufferAllocator(   51): alloc(246, 410, 1, 00000333, ...) failed -22 (Invalid argument)
E/        (   51): GraphicBufferAlloc::createGraphicBuffer(w=246, h=410) failed (Invalid argument), handle=0x0
E/BufferQueue(  345): [ScreenshotClient] dequeueBuffer: SurfaceComposer::createGraphicBuffer failed
W/WindowManager(  345): Screenshot failure taking screenshot for (246x410) to layer 21000
D/dalvikvm(  345): GC_CONCURRENT freed 232K, 11% free 4342K/4860K, paused 23ms+51ms, total 236ms
D/rpctransport(  501): sendRpc: failed: 5
D/rpctransport(  501): sendRpc: failed: 6
W/RemoteResources(  466): unable to get resource strings
D/        (  552): HostConnection::get() New Host Connection established 0xb77c9438, tid 552
W/EGL_emulation(  552): eglSurfaceAttrib not implemented
D/OpenGLRenderer(  552): Enabling debug mode 0
D/WearableConn(  501): Connecting via TCP to /10.0.2.2:5601
D/WearableConn(  501): Error writing to device
D/WearableConn(  501): java.net.ConnectException: failed to connect to /10.0.2.2 (port 5601): connect failed: ECONNREFUSED (Connection refused)
D/WearableConn(  501): 	at libcore.io.IoBridge.connect(IoBridge.java:114)
D/WearableConn(  501): 	at java.net.PlainSocketImpl.connect(PlainSocketImpl.java:192)
D/WearableConn(  501): 	at java.net.PlainSocketImpl.connect(PlainSocketImpl.java:172)
D/WearableConn(  501): 	at java.net.Socket.startupSocket(Socket.java:567)
D/WearableConn(  501): 	at java.net.Socket.<init>(Socket.java:226)
D/WearableConn(  501): 	at btx.run(SourceFile:130)
D/WearableConn(  501): Caused by: libcore.io.ErrnoException: connect failed: ECONNREFUSED (Connection refused)
D/WearableConn(  501): 	at libcore.io.Posix.connect(Native Method)
D/WearableConn(  501): 	at libcore.io.BlockGuardOs.connect(BlockGuardOs.java:101)
D/WearableConn(  501): 	at libcore.io.IoBridge.connectErrno(IoBridge.java:127)
D/WearableConn(  501): 	at libcore.io.IoBridge.connect(IoBridge.java:112)
D/WearableConn(  501): 	... 5 more
D/WearableConn(  501): Socket closed
D/WearableConn(  501): Waiting 4.0 seconds to retry connection
I/ActivityManager(  345): Displayed com.google.android.apps.wearable.settings/com.google.android.clockwork.settings.SettingsActivity: +1s675ms
I/CalendarProvider2(  666): Created com.android.providers.calendar.CalendarAlarmManager@b3ce8ff0(com.android.providers.calendar.CalendarProvider2@b3ce1178)
E/BluetoothAdapter(  552): Bluetooth binder is null
W/settings(  552): adapter is null, can't set scan mode
I/ActivityManager(  345): Delay finish: com.android.providers.downloads/.DownloadReceiver
I/ActivityManager(  345): Resuming delayed broadcast
I/ActivityManager(  345): Delay finish: com.android.providers.media/.MediaScannerReceiver
I/ActivityManager(  345): Delaying start of: ServiceRecord{b3e1caa0 u0 com.android.providers.calendar/.EmptyService}
D/dalvikvm(  413): GC_CONCURRENT freed 264K, 15% free 2350K/2752K, paused 4ms+5ms, total 35ms
I/CalendarProvider2(  666): Sending notification intent: Intent { act=android.intent.action.PROVIDER_CHANGED dat=content://com.android.calendar }
W/ContentResolver(  666): Failed to get type for: content://com.android.calendar (Unknown URL content://com.android.calendar)
D/dalvikvm(  413): GC_CONCURRENT freed 356K, 18% free 2389K/2884K, paused 5ms+6ms, total 42ms
V/MediaScanner(  413): pruneDeadThumbnailFiles... android.database.sqlite.SQLiteCursor@b3d2e090
V/MediaScanner(  413): /pruneDeadThumbnailFiles... android.database.sqlite.SQLiteCursor@b3d2e090
I/ActivityManager(  345): Resuming delayed broadcast
E/gralloc_goldfish(   51): gralloc_alloc: Mismatched usage flags: 246 x 410, usage 333
W/GraphicBufferAllocator(   51): alloc(246, 410, 1, 00000333, ...) failed -22 (Invalid argument)
E/        (   51): GraphicBufferAlloc::createGraphicBuffer(w=246, h=410) failed (Invalid argument), handle=0x0
E/BufferQueue(  345): [ScreenshotClient] dequeueBuffer: SurfaceComposer::createGraphicBuffer failed
W/WindowManager(  345): Screenshot failure taking screenshot for (246x410) to layer 21005
D/rpctransport(  501): sendRpc: failed: 7
D/        (   51): HostConnection::get() New Host Connection established 0xb794bfd8, tid 680
I/ActivityManager(  345): Delay finish: com.google.android.gms/.checkin.EventLogService$Receiver
I/EventLogService(  486): Aggregate from 1436229689897 (log), 1436229689897 (data)
W/SurfaceFlinger(   51): couldn't log to binary event log: overflow.
I/ActivityManager(  345): Resuming delayed broadcast
I/SystemUpdateService(  486): receiver: Intent { act=android.intent.action.BOOT_COMPLETED flg=0x8000010 cmp=com.google.android.gms/.update.SystemUpdateService$Receiver (has extras) }
I/ActivityManager(  345): Delay finish: com.google.android.gms/.update.SystemUpdateService$Receiver
I/SystemUpdateService(  486): cancelUpdate (empty URL)
I/SystemUpdateService(  486): active receiver: disabled
I/SystemUpdateService(  486): cancelUpdate (empty URL)
I/SystemUpdateService(  486): active receiver: disabled
I/ActivityManager(  345): Resuming delayed broadcast
I/ActivityManager(  345): Delay finish: com.google.android.gms/.wearable.init.InitializeGmsWearableReceiver
I/ActivityManager(  345): Resuming delayed broadcast
D/GCM     (  517): GcmService start Intent { act=com.google.android.gms.INITIALIZE flg=0x10 pkg=com.google.android.gms cmp=com.google.android.gms/.gcm.GcmService } com.google.android.gms.INITIALIZE
I/ActivityManager(  345): Start proc android.process.acore for broadcast com.android.providers.contacts/.PackageIntentReceiver: pid=697 uid=10007 gids={50007}
D/WearableConn(  501): Connecting via TCP to /10.0.2.2:5601
D/WearableConn(  501): Error writing to device
D/WearableConn(  501): java.net.ConnectException: failed to connect to /10.0.2.2 (port 5601): connect failed: ECONNREFUSED (Connection refused)
D/WearableConn(  501): 	at libcore.io.IoBridge.connect(IoBridge.java:114)
D/WearableConn(  501): 	at java.net.PlainSocketImpl.connect(PlainSocketImpl.java:192)
D/WearableConn(  501): 	at java.net.PlainSocketImpl.connect(PlainSocketImpl.java:172)
D/WearableConn(  501): 	at java.net.Socket.startupSocket(Socket.java:567)
D/WearableConn(  501): 	at java.net.Socket.<init>(Socket.java:226)
D/WearableConn(  501): 	at btx.run(SourceFile:130)
D/WearableConn(  501): Caused by: libcore.io.ErrnoException: connect failed: ECONNREFUSED (Connection refused)
D/WearableConn(  501): 	at libcore.io.Posix.connect(Native Method)
D/WearableConn(  501): 	at libcore.io.BlockGuardOs.connect(BlockGuardOs.java:101)
D/WearableConn(  501): 	at libcore.io.IoBridge.connectErrno(IoBridge.java:127)
D/WearableConn(  501): 	at libcore.io.IoBridge.connect(IoBridge.java:112)
D/WearableConn(  501): 	... 5 more
D/WearableConn(  501): Socket closed
D/GridViewPager(  466): Populate in layout
D/WearableConn(  501): Waiting 4.0 seconds to retry connection
D/rpctransport(  501): sendRpc: failed: 8
D/rpctransport(  501): sendRpc: failed: 9
D/FakeRecognitionService(  466): state = STATE_LISTENING
D/FakeRecognitionService(  466): schedule SpeechTimeout in 3000 millis
W/PropertyValuesHolder(  466): Method getClipProgressAnim() with type float not found on target class class com.google.android.clockwork.home.cuecard.VoicePlateFragment
D/dalvikvm(  466): GC_CONCURRENT freed 460K, 13% free 4218K/4816K, paused 4ms+10ms, total 69ms
E/RecyclerView(  466): No adapter attached; skipping layout
D/FakeRecognitionService(  466): cancel()
D/dalvikvm(  697): GC_FOR_ALLOC freed 251K, 15% free 2298K/2688K, paused 56ms, total 56ms
D/dalvikvm(  697): GC_CONCURRENT freed 32K, 13% free 2350K/2688K, paused 2ms+2ms, total 43ms
D/GCM     (  517): GcmService start Intent { act=com.google.android.checkin.CHECKIN_COMPLETE flg=0x10 cmp=com.google.android.gms/.gcm.GcmService (has extras) } com.google.android.checkin.CHECKIN_COMPLETE
I/ActivityManager(  345): Delay finish: com.android.providers.calendar/.CalendarProviderBroadcastReceiver
I/ActivityManager(  345): Resuming delayed broadcast
I/ContactLocale(  697): AddressBook Labels [en_US]: [, A, B, C, D, E, F, G, H, I, J, K, L, M, N, O, P, Q, R, S, T, U, V, W, X, Y, Z, Α, Β, Γ, Δ, Ε, Ζ, Η, Θ, Ι, Κ, Λ, Μ, Ν, Ξ, Ο, Π, Ρ, Σ, Τ, Υ, Φ, Χ, Ψ, Ω, , А, Б, В, Г, Д, Е, Є, Ж, З, И, І, Ї, Й, К, Л, М, Н, О, П, Р, С, Т, У, Ф, Х, Ц, Ч, Ш, Щ, Ю, Я, , א, ב, ג, ד, ה, ו, ז, ח, ט, י, כ, ל, מ, נ, ס, ע, פ, צ, ק, ר, ש, ת, , ا, ب, ت, ث, ج, ح, خ, د, ذ, ر, ز, س, ش, ص, ض, ط, ظ, ع, غ, ف, ق, ك, ل, م, ن, ه, و, ي, , ก, ข, ฃ, ค, ฅ, ฆ, ง, จ, ฉ, ช, ซ, ฌ, ญ, ฎ, ฏ, ฐ, ฑ, ฒ, ณ, ด, ต, ถ, ท, ธ, น, บ, ป, ผ, ฝ, พ, ฟ, ภ, ม, ย, ร, ฤ, ล, ฦ, ว, ศ, ษ, ส, ห, ฬ, อ, ฮ, , ㄱ, ㄴ, ㄷ, ㄹ, ㅁ, ㅂ, ㅅ, ㅇ, ㅈ, ㅊ, ㅋ, ㅌ, ㅍ, ㅎ, , あ, か, さ, た, な, は, ま, や, ら, わ, #, ]
D/WearableConn(  501): Connecting via TCP to /10.0.2.2:5601
D/WearableConn(  501): Error writing to device
D/WearableConn(  501): java.net.ConnectException: failed to connect to /10.0.2.2 (port 5601): connect failed: ECONNREFUSED (Connection refused)
D/WearableConn(  501): 	at libcore.io.IoBridge.connect(IoBridge.java:114)
D/WearableConn(  501): 	at java.net.PlainSocketImpl.connect(PlainSocketImpl.java:192)
D/WearableConn(  501): 	at java.net.PlainSocketImpl.connect(PlainSocketImpl.java:172)
D/WearableConn(  501): 	at java.net.Socket.startupSocket(Socket.java:567)
D/WearableConn(  501): 	at java.net.Socket.<init>(Socket.java:226)
D/WearableConn(  501): 	at btx.run(SourceFile:130)
D/WearableConn(  501): Caused by: libcore.io.ErrnoException: connect failed: ECONNREFUSED (Connection refused)
D/WearableConn(  501): 	at libcore.io.Posix.connect(Native Method)
D/WearableConn(  501): 	at libcore.io.BlockGuardOs.connect(BlockGuardOs.java:101)
D/WearableConn(  501): 	at libcore.io.IoBridge.connectErrno(IoBridge.java:127)
D/WearableConn(  501): 	at libcore.io.IoBridge.connect(IoBridge.java:112)
D/WearableConn(  501): 	... 5 more
D/WearableConn(  501): Socket closed
D/WearableConn(  501): Waiting 4.0 seconds to retry connection
D/dalvikvm(  501): GC_CONCURRENT freed 392K, 19% free 2373K/2904K, paused 18ms+34ms, total 142ms
D/dalvikvm(  345): GC_CONCURRENT freed 448K, 12% free 4363K/4956K, paused 17ms+48ms, total 223ms
D/rpctransport(  501): sendRpc: failed: 10
W/RemoteResources(  466): unable to get resource strings
D/WearableConn(  501): Connecting via TCP to /10.0.2.2:5601
D/WearableConn(  501): Error writing to device
D/WearableConn(  501): java.net.ConnectException: failed to connect to /10.0.2.2 (port 5601): connect failed: ECONNREFUSED (Connection refused)
D/WearableConn(  501): 	at libcore.io.IoBridge.connect(IoBridge.java:114)
D/WearableConn(  501): 	at java.net.PlainSocketImpl.connect(PlainSocketImpl.java:192)
D/WearableConn(  501): 	at java.net.PlainSocketImpl.connect(PlainSocketImpl.java:172)
D/WearableConn(  501): 	at java.net.Socket.startupSocket(Socket.java:567)
D/WearableConn(  501): 	at java.net.Socket.<init>(Socket.java:226)
D/WearableConn(  501): 	at btx.run(SourceFile:130)
D/WearableConn(  501): Caused by: libcore.io.ErrnoException: connect failed: ECONNREFUSED (Connection refused)
D/WearableConn(  501): 	at libcore.io.Posix.connect(Native Method)
D/WearableConn(  501): 	at libcore.io.BlockGuardOs.connect(BlockGuardOs.java:101)
D/WearableConn(  501): 	at libcore.io.IoBridge.connectErrno(IoBridge.java:127)
D/WearableConn(  501): 	at libcore.io.IoBridge.connect(IoBridge.java:112)
D/WearableConn(  501): 	... 5 more
D/WearableConn(  501): Socket closed
D/WearableConn(  501): Waiting 4.0 seconds to retry connection
I/ActivityManager(  345): START u0 {act=android.intent.action.MAIN flg=0x10000000 cmp=com.example.learning/.learningact} from pid 466 on display 0
E/gralloc_goldfish(   51): gralloc_alloc: Mismatched usage flags: 246 x 410, usage 333
W/GraphicBufferAllocator(   51): alloc(246, 410, 1, 00000333, ...) failed -22 (Invalid argument)
E/        (   51): GraphicBufferAlloc::createGraphicBuffer(w=246, h=410) failed (Invalid argument), handle=0x0
E/BufferQueue(  345): [ScreenshotClient] dequeueBuffer: SurfaceComposer::createGraphicBuffer failed
W/WindowManager(  345): Screenshot failure taking screenshot for (246x410) to layer 21000
D/rpctransport(  501): sendRpc: failed: 11
I/ActivityManager(  345): Start proc com.example.learning for activity com.example.learning/.learningact: pid=714 uid=10029 gids={50029, 1028, 1015}
D/dalvikvm(  714): Not late-enabling CheckJNI (already on)
D/AndroidRuntime(  714): Shutting down VM
W/dalvikvm(  714): threadid=1: thread exiting with uncaught exception (group=0xb3ab9d70)
E/AndroidRuntime(  714): FATAL EXCEPTION: main
E/AndroidRuntime(  714): Process: com.example.learning, PID: 714
E/AndroidRuntime(  714): java.lang.RuntimeException: Unable to start activity ComponentInfo{com.example.learning/com.example.learning.learningact}: java.lang.NullPointerException
E/AndroidRuntime(  714): 	at android.app.ActivityThread.performLaunchActivity(ActivityThread.java:2197)
E/AndroidRuntime(  714): 	at android.app.ActivityThread.handleLaunchActivity(ActivityThread.java:2258)
E/AndroidRuntime(  714): 	at android.app.ActivityThread.access$800(ActivityThread.java:138)
E/AndroidRuntime(  714): 	at android.app.ActivityThread$H.handleMessage(ActivityThread.java:1209)
E/AndroidRuntime(  714): 	at android.os.Handler.dispatchMessage(Handler.java:102)
E/AndroidRuntime(  714): 	at android.os.Looper.loop(Looper.java:136)
E/AndroidRuntime(  714): 	at android.app.ActivityThread.main(ActivityThread.java:5026)
E/AndroidRuntime(  714): 	at java.lang.reflect.Method.invokeNative(Native Method)
E/AndroidRuntime(  714): 	at java.lang.reflect.Method.invoke(Method.java:515)
E/AndroidRuntime(  714): 	at com.android.internal.os.ZygoteInit$MethodAndArgsCaller.run(ZygoteInit.java:777)
E/AndroidRuntime(  714): 	at com.android.internal.os.ZygoteInit.main(ZygoteInit.java:602)
E/AndroidRuntime(  714): 	at dalvik.system.NativeStart.main(Native Method)
E/AndroidRuntime(  714): Caused by: java.lang.NullPointerException
