E/AndroidRuntime(  714): 	at com.example.learning.learningact.onCreate(learningact.java:20)
E/AndroidRuntime(  714): 	at android.app.Activity.performCreate(Activity.java:5242)
E/AndroidRuntime(  714): 	at android.app.Instrumentation.callActivityOnCreate(Instrumentation.java:1087)
E/AndroidRuntime(  714): 	at android.app.ActivityThread.performLaunchActivity(ActivityThread.java:2161)
E/AndroidRuntime(  714): 	... 11 more
W/ActivityManager(  345):   Force finishing activity com.example.learning/.learningact
E/gralloc_goldfish(   51): gralloc_alloc: Mismatched usage flags: 246 x 410, usage 333
W/GraphicBufferAllocator(   51): alloc(246, 410, 1, 00000333, ...) failed -22 (Invalid argument)
E/        (   51): GraphicBufferAlloc::createGraphicBuffer(w=246, h=410) failed (Invalid argument), handle=0x0
E/BufferQueue(  345): [ScreenshotClient] dequeueBuffer: SurfaceComposer::createGraphicBuffer failed
W/WindowManager(  345): Screenshot failure taking screenshot for (246x410) to layer 22005
D/dalvikvm(  345): GC_FOR_ALLOC freed 241K, 12% free 4393K/4956K, paused 49ms, total 52ms
I/dalvikvm-heap(  345): Grow heap (frag case) to 5.036MB for 635812-byte allocation
D/dalvikvm(  345): GC_FOR_ALLOC freed 7K, 11% free 5007K/5580K, paused 44ms, total 44ms
D/dalvikvm(  345): GC_CONCURRENT freed 15K, 11% free 5005K/5580K, paused 5ms+4ms, total 179ms
W/ActivityManager(  345): Activity pause timeout for ActivityRecord{b3dd6a88 u0 com.example.learning/.learningact t3 f}
D/rpctransport(  501): sendRpc: failed: 12
W/EGL_emulation(  466): eglSurfaceAttrib not implemented
D/        (  345): HostConnection::get() New Host Connection established 0xb790e1c0, tid 361
D/WearableConn(  501): Connecting via TCP to /10.0.2.2:5601
D/WearableConn(  501): Error writing to device
D/WearableConn(  501): java.net.ConnectException: failed to connect to /10.0.2.2 (port 5601): connect failed: ECONNREFUSED (Connection refused)
D/WearableConn(  501): 	at libcore.io.IoBridge.connect(IoBridge.java:114)
D/WearableConn(  501): 	at java.net.PlainSocketImpl.connect(PlainSocketImpl.java:192)
D/WearableConn(  501): 	at java.net.PlainSocketImpl.connect(PlainSocketImpl.java:172)
D/WearableConn(  501): 	at java.net.Socket.startupSocket(Socket.java:567)
D/WearableConn(  501): 	at java.net.Socket.<init>(Socket.java:226)
D/WearableConn(  501): 	at btx.run(SourceFile:130)
D/WearableConn(  501): Caused by: libcore.io.ErrnoException: connect failed: ECONNREFUSED (Connection refused)
D/WearableConn(  501): 	at libcore.io.Posix.connect(Native Method)
D/WearableConn(  501): 	at libcore.io.BlockGuardOs.connect(BlockGuardOs.java:101)
D/WearableConn(  501): 	at libcore.io.IoBridge.connectErrno(IoBridge.java:127)
D/WearableConn(  501): 	at libcore.io.IoBridge.connect(IoBridge.java:112)
D/WearableConn(  501): 	... 5 more
D/WearableConn(  501): Socket closed
D/WearableConn(  501): Waiting 4.0 seconds to retry connection
D/WearableConn(  501): Connecting via TCP to /10.0.2.2:5601
D/WearableConn(  501): Error writing to device
D/WearableConn(  501): java.net.ConnectException: failed to connect to /10.0.2.2 (port 5601): connect failed: ECONNREFUSED (Connection refused)
D/WearableConn(  501): 	at libcore.io.IoBridge.connect(IoBridge.java:114)
D/WearableConn(  501): 	at java.net.PlainSocketImpl.connect(PlainSocketImpl.java:192)
D/WearableConn(  501): 	at java.net.PlainSocketImpl.connect(PlainSocketImpl.java:172)
D/WearableConn(  501): 	at java.net.Socket.startupSocket(Socket.java:567)
D/WearableConn(  501): 	at java.net.Socket.<init>(Socket.java:226)
D/WearableConn(  501): 	at btx.run(SourceFile:130)
D/WearableConn(  501): Caused by: libcore.io.ErrnoException: connect failed: ECONNREFUSED (Connection refused)
D/WearableConn(  501): 	at libcore.io.Posix.connect(Native Method)
D/WearableConn(  501): 	at libcore.io.BlockGuardOs.connect(BlockGuardOs.java:101)
D/WearableConn(  501): 	at libcore.io.IoBridge.connectErrno(IoBridge.java:127)
D/WearableConn(  501): 	at libcore.io.IoBridge.connect(IoBridge.java:112)
D/WearableConn(  501): 	... 5 more
D/WearableConn(  501): Socket closed
D/WearableConn(  501): Waiting 4.0 seconds to retry connection
I/Process (  714): Sending signal. PID: 714 SIG: 9
W/InputMethodManagerService(  345): Window already focused, ignoring focus gain of: com.android.internal.view.IInputMethodClient$Stub$Proxy@b3f14ee8 attribute=null, token = android.os.BinderProxy@b3eae3d8
I/ActivityManager(  345): Process com.example.learning (pid 714) has died.
D/WearableConn(  501): Connecting via TCP to /10.0.2.2:5601
D/WearableConn(  501): Error writing to device
D/WearableConn(  501): java.net.ConnectException: failed to connect to /10.0.2.2 (port 5601): connect failed: ECONNREFUSED (Connection refused)
D/WearableConn(  501): 	at libcore.io.IoBridge.connect(IoBridge.java:114)
D/WearableConn(  501): 	at java.net.PlainSocketImpl.connect(PlainSocketImpl.java:192)
D/WearableConn(  501): 	at java.net.PlainSocketImpl.connect(PlainSocketImpl.java:172)
D/WearableConn(  501): 	at java.net.Socket.startupSocket(Socket.java:567)
D/WearableConn(  501): 	at java.net.Socket.<init>(Socket.java:226)
D/WearableConn(  501): 	at btx.run(SourceFile:130)
D/WearableConn(  501): Caused by: libcore.io.ErrnoException: connect failed: ECONNREFUSED (Connection refused)
D/WearableConn(  501): 	at libcore.io.Posix.connect(Native Method)
D/WearableConn(  501): 	at libcore.io.BlockGuardOs.connect(BlockGuardOs.java:101)
D/WearableConn(  501): 	at libcore.io.IoBridge.connectErrno(IoBridge.java:127)
D/WearableConn(  501): 	at libcore.io.IoBridge.connect(IoBridge.java:112)
D/WearableConn(  501): 	... 5 more
D/WearableConn(  501): Socket closed
D/WearableConn(  501): Waiting 4.0 seconds to retry connection
D/WearableConn(  501): Connecting via TCP to /10.0.2.2:5601
D/WearableConn(  501): Error writing to device
D/WearableConn(  501): java.net.ConnectException: failed to connect to /10.0.2.2 (port 5601): connect failed: ECONNREFUSED (Connection refused)
D/WearableConn(  501): 	at libcore.io.IoBridge.connect(IoBridge.java:114)
D/WearableConn(  501): 	at java.net.PlainSocketImpl.connect(PlainSocketImpl.java:192)
D/WearableConn(  501): 	at java.net.PlainSocketImpl.connect(PlainSocketImpl.java:172)
D/WearableConn(  501): 	at java.net.Socket.startupSocket(Socket.java:567)
D/WearableConn(  501): 	at java.net.Socket.<init>(Socket.java:226)
D/WearableConn(  501): 	at btx.run(SourceFile:130)
D/WearableConn(  501): Caused by: libcore.io.ErrnoException: connect failed: ECONNREFUSED (Connection refused)
D/WearableConn(  501): 	at libcore.io.Posix.connect(Native Method)
D/WearableConn(  501): 	at libcore.io.BlockGuardOs.connect(BlockGuardOs.java:101)
D/WearableConn(  501): 	at libcore.io.IoBridge.connectErrno(IoBridge.java:127)
D/WearableConn(  501): 	at libcore.io.IoBridge.connect(IoBridge.java:112)
D/WearableConn(  501): 	... 5 more
D/WearableConn(  501): Socket closed
D/WearableConn(  501): Waiting 4.0 seconds to retry connection
D/dalvikvm(  466): GC_CONCURRENT freed 1349K, 30% free 3486K/4976K, paused 12ms+5ms, total 62ms
D/ConnectivityService(  345): Sampling interval elapsed, updating statistics ..
D/ConnectivityService(  345): Done.
D/ConnectivityService(  345): Setting timer for 720seconds
D/WearableConn(  501): Connecting via TCP to /10.0.2.2:5601
D/WearableConn(  501): Error writing to device
D/WearableConn(  501): java.net.ConnectException: failed to connect to /10.0.2.2 (port 5601): connect failed: ECONNREFUSED (Connection refused)
D/WearableConn(  501): 	at libcore.io.IoBridge.connect(IoBridge.java:114)
D/WearableConn(  501): 	at java.net.PlainSocketImpl.connect(PlainSocketImpl.java:192)
D/WearableConn(  501): 	at java.net.PlainSocketImpl.connect(PlainSocketImpl.java:172)
D/WearableConn(  501): 	at java.net.Socket.startupSocket(Socket.java:567)
D/WearableConn(  501): 	at java.net.Socket.<init>(Socket.java:226)
D/WearableConn(  501): 	at btx.run(SourceFile:130)
D/WearableConn(  501): Caused by: libcore.io.ErrnoException: connect failed: ECONNREFUSED (Connection refused)
D/WearableConn(  501): 	at libcore.io.Posix.connect(Native Method)
D/WearableConn(  501): 	at libcore.io.BlockGuardOs.connect(BlockGuardOs.java:101)
D/WearableConn(  501): 	at libcore.io.IoBridge.connectErrno(IoBridge.java:127)
D/WearableConn(  501): 	at libcore.io.IoBridge.connect(IoBridge.java:112)
D/WearableConn(  501): 	... 5 more
D/WearableConn(  501): Socket closed
D/WearableConn(  501): Waiting 4.0 seconds to retry connection
D/WearableConn(  501): Connecting via TCP to /10.0.2.2:5601
D/WearableConn(  501): Error writing to device
D/WearableConn(  501): java.net.ConnectException: failed to connect to /10.0.2.2 (port 5601): connect failed: ECONNREFUSED (Connection refused)
D/WearableConn(  501): 	at libcore.io.IoBridge.connect(IoBridge.java:114)
D/WearableConn(  501): 	at java.net.PlainSocketImpl.connect(PlainSocketImpl.java:192)
D/WearableConn(  501): 	at java.net.PlainSocketImpl.connect(PlainSocketImpl.java:172)
D/WearableConn(  501): 	at java.net.Socket.startupSocket(Socket.java:567)
D/WearableConn(  501): 	at java.net.Socket.<init>(Socket.java:226)
D/WearableConn(  501): 	at btx.run(SourceFile:130)
D/WearableConn(  501): Caused by: libcore.io.ErrnoException: connect failed: ECONNREFUSED (Connection refused)
D/WearableConn(  501): 	at libcore.io.Posix.connect(Native Method)
D/WearableConn(  501): 	at libcore.io.BlockGuardOs.connect(BlockGuardOs.java:101)
D/WearableConn(  501): 	at libcore.io.IoBridge.connectErrno(IoBridge.java:127)
D/WearableConn(  501): 	at libcore.io.IoBridge.connect(IoBridge.java:112)
D/WearableConn(  501): 	... 5 more
D/WearableConn(  501): Socket closed
D/WearableConn(  501): Waiting 4.0 seconds to retry connection
D/WearableConn(  501): Connecting via TCP to /10.0.2.2:5601
D/WearableConn(  501): Error writing to device
D/WearableConn(  501): java.net.ConnectException: failed to connect to /10.0.2.2 (port 5601): connect failed: ECONNREFUSED (Connection refused)
D/WearableConn(  501): 	at libcore.io.IoBridge.connect(IoBridge.java:114)
D/WearableConn(  501): 	at java.net.PlainSocketImpl.connect(PlainSocketImpl.java:192)
D/WearableConn(  501): 	at java.net.PlainSocketImpl.connect(PlainSocketImpl.java:172)
D/WearableConn(  501): 	at java.net.Socket.startupSocket(Socket.java:567)
D/WearableConn(  501): 	at java.net.Socket.<init>(Socket.java:226)
D/WearableConn(  501): 	at btx.run(SourceFile:130)
D/WearableConn(  501): Caused by: libcore.io.ErrnoException: connect failed: ECONNREFUSED (Connection refused)
D/WearableConn(  501): 	at libcore.io.Posix.connect(Native Method)
D/WearableConn(  501): 	at libcore.io.BlockGuardOs.connect(BlockGuardOs.java:101)
D/WearableConn(  501): 	at libcore.io.IoBridge.connectErrno(IoBridge.java:127)
D/WearableConn(  501): 	at libcore.io.IoBridge.connect(IoBridge.java:112)
D/WearableConn(  501): 	... 5 more
D/WearableConn(  501): Socket closed
D/WearableConn(  501): Waiting 4.0 seconds to retry connection
D/WearableConn(  501): Connecting via TCP to /10.0.2.2:5601
D/WearableConn(  501): Error writing to device
D/WearableConn(  501): java.net.ConnectException: failed to connect to /10.0.2.2 (port 5601): connect failed: ECONNREFUSED (Connection refused)
D/WearableConn(  501): 	at libcore.io.IoBridge.connect(IoBridge.java:114)
D/WearableConn(  501): 	at java.net.PlainSocketImpl.connect(PlainSocketImpl.java:192)
D/WearableConn(  501): 	at java.net.PlainSocketImpl.connect(PlainSocketImpl.java:172)
D/WearableConn(  501): 	at java.net.Socket.startupSocket(Socket.java:567)
D/WearableConn(  501): 	at java.net.Socket.<init>(Socket.java:226)
D/WearableConn(  501): 	at btx.run(SourceFile:130)
D/WearableConn(  501): Caused by: libcore.io.ErrnoException: connect failed: ECONNREFUSED (Connection refused)
D/WearableConn(  501): 	at libcore.io.Posix.connect(Native Method)
D/WearableConn(  501): 	at libcore.io.BlockGuardOs.connect(BlockGuardOs.java:101)
D/WearableConn(  501): 	at libcore.io.IoBridge.connectErrno(IoBridge.java:127)
D/WearableConn(  501): 	at libcore.io.IoBridge.connect(IoBridge.java:112)
D/WearableConn(  501): 	... 5 more
D/WearableConn(  501): Socket closed
D/WearableConn(  501): Waiting 4.0 seconds to retry connection
D/dalvikvm(  345): GC_CONCURRENT freed 381K, 10% free 5263K/5788K, paused 3ms+8ms, total 87ms
D/WearableConn(  501): Connecting via TCP to /10.0.2.2:5601
D/WearableConn(  501): Error writing to device
D/WearableConn(  501): java.net.ConnectException: failed to connect to /10.0.2.2 (port 5601): connect failed: ECONNREFUSED (Connection refused)
D/WearableConn(  501): 	at libcore.io.IoBridge.connect(IoBridge.java:114)
D/WearableConn(  501): 	at java.net.PlainSocketImpl.connect(PlainSocketImpl.java:192)
D/WearableConn(  501): 	at java.net.PlainSocketImpl.connect(PlainSocketImpl.java:172)
D/WearableConn(  501): 	at java.net.Socket.startupSocket(Socket.java:567)
D/WearableConn(  501): 	at java.net.Socket.<init>(Socket.java:226)
D/WearableConn(  501): 	at btx.run(SourceFile:130)
D/WearableConn(  501): Caused by: libcore.io.ErrnoException: connect failed: ECONNREFUSED (Connection refused)
D/WearableConn(  501): 	at libcore.io.Posix.connect(Native Method)
D/WearableConn(  501): 	at libcore.io.BlockGuardOs.connect(BlockGuardOs.java:101)
D/WearableConn(  501): 	at libcore.io.IoBridge.connectErrno(IoBridge.java:127)
D/WearableConn(  501): 	at libcore.io.IoBridge.connect(IoBridge.java:112)
D/WearableConn(  501): 	... 5 more
D/WearableConn(  501): Socket closed
D/WearableConn(  501): Waiting 4.0 seconds to retry connection
D/dalvikvm(  466): GC_EXPLICIT freed 323K, 35% free 3258K/4972K, paused 3ms+3ms, total 64ms
D/WearableConn(  501): Connecting via TCP to /10.0.2.2:5601
D/WearableConn(  501): Error writing to device
D/WearableConn(  501): java.net.ConnectException: failed to connect to /10.0.2.2 (port 5601): connect failed: ECONNREFUSED (Connection refused)
D/WearableConn(  501): 	at libcore.io.IoBridge.connect(IoBridge.java:114)
D/WearableConn(  501): 	at java.net.PlainSocketImpl.connect(PlainSocketImpl.java:192)
D/WearableConn(  501): 	at java.net.PlainSocketImpl.connect(PlainSocketImpl.java:172)
D/WearableConn(  501): 	at java.net.Socket.startupSocket(Socket.java:567)
D/WearableConn(  501): 	at java.net.Socket.<init>(Socket.java:226)
D/WearableConn(  501): 	at btx.run(SourceFile:130)
D/WearableConn(  501): Caused by: libcore.io.ErrnoException: connect failed: ECONNREFUSED (Connection refused)
D/WearableConn(  501): 	at libcore.io.Posix.connect(Native Method)
D/WearableConn(  501): 	at libcore.io.BlockGuardOs.connect(BlockGuardOs.java:101)
D/WearableConn(  501): 	at libcore.io.IoBridge.connectErrno(IoBridge.java:127)
D/WearableConn(  501): 	at libcore.io.IoBridge.connect(IoBridge.java:112)
D/WearableConn(  501): 	... 5 more
D/WearableConn(  501): Socket closed
D/WearableConn(  501): Waiting 4.0 seconds to retry connection
D/WearableConn(  501): Connecting via TCP to /10.0.2.2:5601
D/WearableConn(  501): Error writing to device
D/WearableConn(  501): java.net.ConnectException: failed to connect to /10.0.2.2 (port 5601): connect failed: ECONNREFUSED (Connection refused)
D/WearableConn(  501): 	at libcore.io.IoBridge.connect(IoBridge.java:114)
D/WearableConn(  501): 	at java.net.PlainSocketImpl.connect(PlainSocketImpl.java:192)
D/WearableConn(  501): 	at java.net.PlainSocketImpl.connect(PlainSocketImpl.java:172)
D/WearableConn(  501): 	at java.net.Socket.startupSocket(Socket.java:567)
D/WearableConn(  501): 	at java.net.Socket.<init>(Socket.java:226)
D/WearableConn(  501): 	at btx.run(SourceFile:130)
D/WearableConn(  501): Caused by: libcore.io.ErrnoException: connect failed: ECONNREFUSED (Connection refused)
D/WearableConn(  501): 	at libcore.io.Posix.connect(Native Method)
D/WearableConn(  501): 	at libcore.io.BlockGuardOs.connect(BlockGuardOs.java:101)
D/WearableConn(  501): 	at libcore.io.IoBridge.connectErrno(IoBridge.java:127)
D/WearableConn(  501): 	at libcore.io.IoBridge.connect(IoBridge.java:112)
D/WearableConn(  501): 	... 5 more
D/WearableConn(  501): Socket closed
D/WearableConn(  501): Waiting 4.0 seconds to retry connection
W/NotifManCompat(  466): Giving up on delivering 1 tasks to ComponentInfo{com.google.android.wearable.app/com.google.android.clockwork.stream.NotificationSideChannelService} after 7 retries
D/WearableConn(  501): Connecting via TCP to /10.0.2.2:5601
D/WearableConn(  501): Error writing to device
D/WearableConn(  501): java.net.ConnectException: failed to connect to /10.0.2.2 (port 5601): connect failed: ECONNREFUSED (Connection refused)
D/WearableConn(  501): 	at libcore.io.IoBridge.connect(IoBridge.java:114)
D/WearableConn(  501): 	at java.net.PlainSocketImpl.connect(PlainSocketImpl.java:192)
D/WearableConn(  501): 	at java.net.PlainSocketImpl.connect(PlainSocketImpl.java:172)
D/WearableConn(  501): 	at java.net.Socket.startupSocket(Socket.java:567)
D/WearableConn(  501): 	at java.net.Socket.<init>(Socket.java:226)
D/WearableConn(  501): 	at btx.run(SourceFile:130)
D/WearableConn(  501): Caused by: libcore.io.ErrnoException: connect failed: ECONNREFUSED (Connection refused)
D/WearableConn(  501): 	at libcore.io.Posix.connect(Native Method)
D/WearableConn(  501): 	at libcore.io.BlockGuardOs.connect(BlockGuardOs.java:101)
D/WearableConn(  501): 	at libcore.io.IoBridge.connectErrno(IoBridge.java:127)
D/WearableConn(  501): 	at libcore.io.IoBridge.connect(IoBridge.java:112)
D/WearableConn(  501): 	... 5 more
D/WearableConn(  501): Socket closed
D/dalvikvm(  501): GC_CONCURRENT freed 403K, 19% free 2369K/2908K, paused 5ms+8ms, total 57ms
D/WearableConn(  501): Waiting 4.0 seconds to retry connection
D/WearableConn(  501): Connecting via TCP to /10.0.2.2:5601
D/WearableConn(  501): Error writing to device
D/WearableConn(  501): java.net.ConnectException: failed to connect to /10.0.2.2 (port 5601): connect failed: ECONNREFUSED (Connection refused)
D/WearableConn(  501): 	at libcore.io.IoBridge.connect(IoBridge.java:114)
D/WearableConn(  501): 	at java.net.PlainSocketImpl.connect(PlainSocketImpl.java:192)
D/WearableConn(  501): 	at java.net.PlainSocketImpl.connect(PlainSocketImpl.java:172)
D/WearableConn(  501): 	at java.net.Socket.startupSocket(Socket.java:567)
D/WearableConn(  501): 	at java.net.Socket.<init>(Socket.java:226)
D/WearableConn(  501): 	at btx.run(SourceFile:130)
D/WearableConn(  501): Caused by: libcore.io.ErrnoException: connect failed: ECONNREFUSED (Connection refused)
D/WearableConn(  501): 	at libcore.io.Posix.connect(Native Method)
D/WearableConn(  501): 	at libcore.io.BlockGuardOs.connect(BlockGuardOs.java:101)
D/WearableConn(  501): 	at libcore.io.IoBridge.connectErrno(IoBridge.java:127)
D/WearableConn(  501): 	at libcore.io.IoBridge.connect(IoBridge.java:112)
D/WearableConn(  501): 	... 5 more
D/WearableConn(  501): Socket closed
D/WearableConn(  501): Waiting 4.0 seconds to retry connection
D/WearableConn(  501): Connecting via TCP to /10.0.2.2:5601
D/WearableConn(  501): Error writing to device
D/WearableConn(  501): java.net.ConnectException: failed to connect to /10.0.2.2 (port 5601): connect failed: ECONNREFUSED (Connection refused)
D/WearableConn(  501): 	at libcore.io.IoBridge.connect(IoBridge.java:114)
D/WearableConn(  501): 	at java.net.PlainSocketImpl.connect(PlainSocketImpl.java:192)
D/WearableConn(  501): 	at java.net.PlainSocketImpl.connect(PlainSocketImpl.java:172)
D/WearableConn(  501): 	at java.net.Socket.startupSocket(Socket.java:567)
D/WearableConn(  501): 	at java.net.Socket.<init>(Socket.java:226)
D/WearableConn(  501): 	at btx.run(SourceFile:130)
D/WearableConn(  501): Caused by: libcore.io.ErrnoException: connect failed: ECONNREFUSED (Connection refused)
D/WearableConn(  501): 	at libcore.io.Posix.connect(Native Method)
D/WearableConn(  501): 	at libcore.io.BlockGuardOs.connect(BlockGuardOs.java:101)
D/WearableConn(  501): 	at libcore.io.IoBridge.connectErrno(IoBridge.java:127)
D/WearableConn(  501): 	at libcore.io.IoBridge.connect(IoBridge.java:112)
D/WearableConn(  501): 	... 5 more
D/WearableConn(  501): Socket closed
D/WearableConn(  501): Waiting 4.0 seconds to retry connection
D/WearableConn(  501): Connecting via TCP to /10.0.2.2:5601
D/WearableConn(  501): Error writing to device
D/WearableConn(  501): java.net.ConnectException: failed to connect to /10.0.2.2 (port 5601): connect failed: ECONNREFUSED (Connection refused)
D/WearableConn(  501): 	at libcore.io.IoBridge.connect(IoBridge.java:114)
D/WearableConn(  501): 	at java.net.PlainSocketImpl.connect(PlainSocketImpl.java:192)
D/WearableConn(  501): 	at java.net.PlainSocketImpl.connect(PlainSocketImpl.java:172)
D/WearableConn(  501): 	at java.net.Socket.startupSocket(Socket.java:567)
D/WearableConn(  501): 	at java.net.Socket.<init>(Socket.java:226)
D/WearableConn(  501): 	at btx.run(SourceFile:130)
D/WearableConn(  501): Caused by: libcore.io.ErrnoException: connect failed: ECONNREFUSED (Connection refused)
D/WearableConn(  501): 	at libcore.io.Posix.connect(Native Method)
D/WearableConn(  501): 	at libcore.io.BlockGuardOs.connect(BlockGuardOs.java:101)
D/WearableConn(  501): 	at libcore.io.IoBridge.connectErrno(IoBridge.java:127)
D/WearableConn(  501): 	at libcore.io.IoBridge.connect(IoBridge.java:112)
D/WearableConn(  501): 	... 5 more
D/WearableConn(  501): Socket closed
D/WearableConn(  501): Waiting 4.0 seconds to retry connection
D/WearableConn(  501): Connecting via TCP to /10.0.2.2:5601
D/WearableConn(  501): Error writing to device
D/WearableConn(  501): java.net.ConnectException: failed to connect to /10.0.2.2 (port 5601): connect failed: ECONNREFUSED (Connection refused)
D/WearableConn(  501): 	at libcore.io.IoBridge.connect(IoBridge.java:114)
D/WearableConn(  501): 	at java.net.PlainSocketImpl.connect(PlainSocketImpl.java:192)
D/WearableConn(  501): 	at java.net.PlainSocketImpl.connect(PlainSocketImpl.java:172)
D/WearableConn(  501): 	at java.net.Socket.startupSocket(Socket.java:567)
D/WearableConn(  501): 	at java.net.Socket.<init>(Socket.java:226)
D/WearableConn(  501): 	at btx.run(SourceFile:130)
D/WearableConn(  501): Caused by: libcore.io.ErrnoException: connect failed: ECONNREFUSED (Connection refused)
D/WearableConn(  501): 	at libcore.io.Posix.connect(Native Method)
D/WearableConn(  501): 	at libcore.io.BlockGuardOs.connect(BlockGuardOs.java:101)
D/WearableConn(  501): 	at libcore.io.IoBridge.connectErrno(IoBridge.java:127)
D/WearableConn(  501): 	at libcore.io.IoBridge.connect(IoBridge.java:112)
D/WearableConn(  501): 	... 5 more
D/WearableConn(  501): Socket closed
D/WearableConn(  501): Waiting 4.0 seconds to retry connection
D/WearableConn(  501): Connecting via TCP to /10.0.2.2:5601
D/WearableConn(  501): Error writing to device
D/WearableConn(  501): java.net.ConnectException: failed to connect to /10.0.2.2 (port 5601): connect failed: ECONNREFUSED (Connection refused)
D/WearableConn(  501): 	at libcore.io.IoBridge.connect(IoBridge.java:114)
D/WearableConn(  501): 	at java.net.PlainSocketImpl.connect(PlainSocketImpl.java:192)
D/WearableConn(  501): 	at java.net.PlainSocketImpl.connect(PlainSocketImpl.java:172)
D/WearableConn(  501): 	at java.net.Socket.startupSocket(Socket.java:567)
D/WearableConn(  501): 	at java.net.Socket.<init>(Socket.java:226)
D/WearableConn(  501): 	at btx.run(SourceFile:130)
D/WearableConn(  501): Caused by: libcore.io.ErrnoException: connect failed: ECONNREFUSED (Connection refused)
D/WearableConn(  501): 	at libcore.io.Posix.connect(Native Method)
D/WearableConn(  501): 	at libcore.io.BlockGuardOs.connect(BlockGuardOs.java:101)
D/WearableConn(  501): 	at libcore.io.IoBridge.connectErrno(IoBridge.java:127)
D/WearableConn(  501): 	at libcore.io.IoBridge.connect(IoBridge.java:112)
D/WearableConn(  501): 	... 5 more
D/WearableConn(  501): Socket closed
D/WearableConn(  501): Waiting 4.0 seconds to retry connection
D/WearableConn(  501): Connecting via TCP to /10.0.2.2:5601
D/WearableConn(  501): Error writing to device
D/WearableConn(  501): java.net.ConnectException: failed to connect to /10.0.2.2 (port 5601): connect failed: ECONNREFUSED (Connection refused)
D/WearableConn(  501): 	at libcore.io.IoBridge.connect(IoBridge.java:114)
D/WearableConn(  501): 	at java.net.PlainSocketImpl.connect(PlainSocketImpl.java:192)
D/WearableConn(  501): 	at java.net.PlainSocketImpl.connect(PlainSocketImpl.java:172)
D/WearableConn(  501): 	at java.net.Socket.startupSocket(Socket.java:567)
D/WearableConn(  501): 	at java.net.Socket.<init>(Socket.java:226)
D/WearableConn(  501): 	at btx.run(SourceFile:130)
D/WearableConn(  501): Caused by: libcore.io.ErrnoException: connect failed: ECONNREFUSED (Connection refused)
D/WearableConn(  501): 	at libcore.io.Posix.connect(Native Method)
D/WearableConn(  501): 	at libcore.io.BlockGuardOs.connect(BlockGuardOs.java:101)
D/WearableConn(  501): 	at libcore.io.IoBridge.connectErrno(IoBridge.java:127)
D/WearableConn(  501): 	at libcore.io.IoBridge.connect(IoBridge.java:112)
D/WearableConn(  501): 	... 5 more
D/WearableConn(  501): Socket closed
D/WearableConn(  501): Waiting 4.0 seconds to retry connection
D/WearableConn(  501): Connecting via TCP to /10.0.2.2:5601
D/WearableConn(  501): Error writing to device
D/WearableConn(  501): java.net.ConnectException: failed to connect to /10.0.2.2 (port 5601): connect failed: ECONNREFUSED (Connection refused)
D/WearableConn(  501): 	at libcore.io.IoBridge.connect(IoBridge.java:114)
D/WearableConn(  501): 	at java.net.PlainSocketImpl.connect(PlainSocketImpl.java:192)
D/WearableConn(  501): 	at java.net.PlainSocketImpl.connect(PlainSocketImpl.java:172)
D/WearableConn(  501): 	at java.net.Socket.startupSocket(Socket.java:567)
D/WearableConn(  501): 	at java.net.Socket.<init>(Socket.java:226)
D/WearableConn(  501): 	at btx.run(SourceFile:130)
D/WearableConn(  501): Caused by: libcore.io.ErrnoException: connect failed: ECONNREFUSED (Connection refused)
D/WearableConn(  501): 	at libcore.io.Posix.connect(Native Method)
D/WearableConn(  501): 	at libcore.io.BlockGuardOs.connect(BlockGuardOs.java:101)
D/WearableConn(  501): 	at libcore.io.IoBridge.connectErrno(IoBridge.java:127)
D/WearableConn(  501): 	at libcore.io.IoBridge.connect(IoBridge.java:112)
D/WearableConn(  501): 	... 5 more
D/WearableConn(  501): Socket closed
D/WearableConn(  501): Waiting 4.0 seconds to retry connection
D/WearableConn(  501): Connecting via TCP to /10.0.2.2:5601
D/WearableConn(  501): Error writing to device
D/WearableConn(  501): java.net.ConnectException: failed to connect to /10.0.2.2 (port 5601): connect failed: ECONNREFUSED (Connection refused)
D/WearableConn(  501): 	at libcore.io.IoBridge.connect(IoBridge.java:114)
D/WearableConn(  501): 	at java.net.PlainSocketImpl.connect(PlainSocketImpl.java:192)
D/WearableConn(  501): 	at java.net.PlainSocketImpl.connect(PlainSocketImpl.java:172)
D/WearableConn(  501): 	at java.net.Socket.startupSocket(Socket.java:567)
D/WearableConn(  501): 	at java.net.Socket.<init>(Socket.java:226)
D/WearableConn(  501): 	at btx.run(SourceFile:130)
D/WearableConn(  501): Caused by: libcore.io.ErrnoException: connect failed: ECONNREFUSED (Connection refused)
D/WearableConn(  501): 	at libcore.io.Posix.connect(Native Method)
D/WearableConn(  501): 	at libcore.io.BlockGuardOs.connect(BlockGuardOs.java:101)
D/WearableConn(  501): 	at libcore.io.IoBridge.connectErrno(IoBridge.java:127)
D/WearableConn(  501): 	at libcore.io.IoBridge.connect(IoBridge.java:112)
D/WearableConn(  501): 	... 5 more
D/WearableConn(  501): Socket closed
D/WearableConn(  501): Waiting 4.0 seconds to retry connection
D/WearableConn(  501): Connecting via TCP to /10.0.2.2:5601
D/WearableConn(  501): Error writing to device
D/WearableConn(  501): java.net.ConnectException: failed to connect to /10.0.2.2 (port 5601): connect failed: ECONNREFUSED (Connection refused)
D/WearableConn(  501): 	at libcore.io.IoBridge.connect(IoBridge.java:114)
D/WearableConn(  501): 	at java.net.PlainSocketImpl.connect(PlainSocketImpl.java:192)
D/WearableConn(  501): 	at java.net.PlainSocketImpl.connect(PlainSocketImpl.java:172)
D/WearableConn(  501): 	at java.net.Socket.startupSocket(Socket.java:567)
D/WearableConn(  501): 	at java.net.Socket.<init>(Socket.java:226)
D/WearableConn(  501): 	at btx.run(SourceFile:130)
D/WearableConn(  501): Caused by: libcore.io.ErrnoException: connect failed: ECONNREFUSED (Connection refused)
D/WearableConn(  501): 	at libcore.io.Posix.connect(Native Method)
D/WearableConn(  501): 	at libcore.io.BlockGuardOs.connect(BlockGuardOs.java:101)
D/WearableConn(  501): 	at libcore.io.IoBridge.connectErrno(IoBridge.java:127)
D/WearableConn(  501): 	at libcore.io.IoBridge.connect(IoBridge.java:112)
D/WearableConn(  501): 	... 5 more
D/WearableConn(  501): Socket closed
D/WearableConn(  501): Waiting 4.0 seconds to retry connection
D/dalvikvm(  345): GC_CONCURRENT freed 604K, 13% free 5378K/6128K, paused 23ms+7ms, total 115ms
D/WearableConn(  501): Connecting via TCP to /10.0.2.2:5601
D/WearableConn(  501): Error writing to device
D/WearableConn(  501): java.net.ConnectException: failed to connect to /10.0.2.2 (port 5601): connect failed: ECONNREFUSED (Connection refused)
D/WearableConn(  501): 	at libcore.io.IoBridge.connect(IoBridge.java:114)
D/WearableConn(  501): 	at java.net.PlainSocketImpl.connect(PlainSocketImpl.java:192)
D/WearableConn(  501): 	at java.net.PlainSocketImpl.connect(PlainSocketImpl.java:172)
D/WearableConn(  501): 	at java.net.Socket.startupSocket(Socket.java:567)
D/WearableConn(  501): 	at java.net.Socket.<init>(Socket.java:226)
D/WearableConn(  501): 	at btx.run(SourceFile:130)
D/WearableConn(  501): Caused by: libcore.io.ErrnoException: connect failed: ECONNREFUSED (Connection refused)
D/WearableConn(  501): 	at libcore.io.Posix.connect(Native Method)
D/WearableConn(  501): 	at libcore.io.BlockGuardOs.connect(BlockGuardOs.java:101)
D/WearableConn(  501): 	at libcore.io.IoBridge.connectErrno(IoBridge.java:127)
D/WearableConn(  501): 	at libcore.io.IoBridge.connect(IoBridge.java:112)
D/WearableConn(  501): 	... 5 more
D/WearableConn(  501): Socket closed
D/WearableConn(  501): Waiting 4.0 seconds to retry connection
D/WearableConn(  501): Connecting via TCP to /10.0.2.2:5601
D/WearableConn(  501): Error writing to device
D/WearableConn(  501): java.net.ConnectException: failed to connect to /10.0.2.2 (port 5601): connect failed: ECONNREFUSED (Connection refused)
D/WearableConn(  501): 	at libcore.io.IoBridge.connect(IoBridge.java:114)
D/WearableConn(  501): 	at java.net.PlainSocketImpl.connect(PlainSocketImpl.java:192)
D/WearableConn(  501): 	at java.net.PlainSocketImpl.connect(PlainSocketImpl.java:172)
D/WearableConn(  501): 	at java.net.Socket.startupSocket(Socket.java:567)
D/WearableConn(  501): 	at java.net.Socket.<init>(Socket.java:226)
D/WearableConn(  501): 	at btx.run(SourceFile:130)
D/WearableConn(  501): Caused by: libcore.io.ErrnoException: connect failed: ECONNREFUSED (Connection refused)
D/WearableConn(  501): 	at libcore.io.Posix.connect(Native Method)
D/WearableConn(  501): 	at libcore.io.BlockGuardOs.connect(BlockGuardOs.java:101)
D/WearableConn(  501): 	at libcore.io.IoBridge.connectErrno(IoBridge.java:127)
D/WearableConn(  501): 	at libcore.io.IoBridge.connect(IoBridge.java:112)
D/WearableConn(  501): 	... 5 more
D/WearableConn(  501): Socket closed
D/WearableConn(  501): Waiting 4.0 seconds to retry connection
D/WearableConn(  501): Connecting via TCP to /10.0.2.2:5601
D/WearableConn(  501): Error writing to device
D/WearableConn(  501): java.net.ConnectException: failed to connect to /10.0.2.2 (port 5601): connect failed: ECONNREFUSED (Connection refused)
D/WearableConn(  501): 	at libcore.io.IoBridge.connect(IoBridge.java:114)
D/WearableConn(  501): 	at java.net.PlainSocketImpl.connect(PlainSocketImpl.java:192)
D/WearableConn(  501): 	at java.net.PlainSocketImpl.connect(PlainSocketImpl.java:172)
D/WearableConn(  501): 	at java.net.Socket.startupSocket(Socket.java:567)
D/WearableConn(  501): 	at java.net.Socket.<init>(Socket.java:226)
D/WearableConn(  501): 	at btx.run(SourceFile:130)
D/WearableConn(  501): Caused by: libcore.io.ErrnoException: connect failed: ECONNREFUSED (Connection refused)
D/WearableConn(  501): 	at libcore.io.Posix.connect(Native Method)
D/WearableConn(  501): 	at libcore.io.BlockGuardOs.connect(BlockGuardOs.java:101)
D/WearableConn(  501): 	at libcore.io.IoBridge.connectErrno(IoBridge.java:127)
D/WearableConn(  501): 	at libcore.io.IoBridge.connect(IoBridge.java:112)
D/WearableConn(  501): 	... 5 more
D/WearableConn(  501): Socket closed
D/WearableConn(  501): Waiting 4.0 seconds to retry connection
D/WearableConn(  501): Connecting via TCP to /10.0.2.2:5601
D/WearableConn(  501): Error writing to device
D/WearableConn(  501): java.net.ConnectException: failed to connect to /10.0.2.2 (port 5601): connect failed: ECONNREFUSED (Connection refused)
D/WearableConn(  501): 	at libcore.io.IoBridge.connect(IoBridge.java:114)
D/WearableConn(  501): 	at java.net.PlainSocketImpl.connect(PlainSocketImpl.java:192)
D/WearableConn(  501): 	at java.net.PlainSocketImpl.connect(PlainSocketImpl.java:172)
D/WearableConn(  501): 	at java.net.Socket.startupSocket(Socket.java:567)
D/WearableConn(  501): 	at java.net.Socket.<init>(Socket.java:226)
D/WearableConn(  501): 	at btx.run(SourceFile:130)
D/WearableConn(  501): Caused by: libcore.io.ErrnoException: connect failed: ECONNREFUSED (Connection refused)
D/WearableConn(  501): 	at libcore.io.Posix.connect(Native Method)
D/WearableConn(  501): 	at libcore.io.BlockGuardOs.connect(BlockGuardOs.java:101)
D/WearableConn(  501): 	at libcore.io.IoBridge.connectErrno(IoBridge.java:127)
D/WearableConn(  501): 	at libcore.io.IoBridge.connect(IoBridge.java:112)
D/WearableConn(  501): 	... 5 more
D/WearableConn(  501): Socket closed
D/WearableConn(  501): Waiting 4.0 seconds to retry connection
D/dalvikvm(  501): GC_CONCURRENT freed 407K, 19% free 2364K/2908K, paused 4ms+8ms, total 86ms
D/WearableConn(  501): Connecting via TCP to /10.0.2.2:5601
D/WearableConn(  501): Error writing to device
D/WearableConn(  501): java.net.ConnectException: failed to connect to /10.0.2.2 (port 5601): connect failed: ECONNREFUSED (Connection refused)
D/WearableConn(  501): 	at libcore.io.IoBridge.connect(IoBridge.java:114)
D/WearableConn(  501): 	at java.net.PlainSocketImpl.connect(PlainSocketImpl.java:192)
D/WearableConn(  501): 	at java.net.PlainSocketImpl.connect(PlainSocketImpl.java:172)
D/WearableConn(  501): 	at java.net.Socket.startupSocket(Socket.java:567)
D/WearableConn(  501): 	at java.net.Socket.<init>(Socket.java:226)
D/WearableConn(  501): 	at btx.run(SourceFile:130)
D/WearableConn(  501): Caused by: libcore.io.ErrnoException: connect failed: ECONNREFUSED (Connection refused)
D/WearableConn(  501): 	at libcore.io.Posix.connect(Native Method)
D/WearableConn(  501): 	at libcore.io.BlockGuardOs.connect(BlockGuardOs.java:101)
D/WearableConn(  501): 	at libcore.io.IoBridge.connectErrno(IoBridge.java:127)
D/WearableConn(  501): 	at libcore.io.IoBridge.connect(IoBridge.java:112)
D/WearableConn(  501): 	... 5 more
D/WearableConn(  501): Socket closed
D/WearableConn(  501): Waiting 4.0 seconds to retry connection
D/dalvikvm(  466): GC_CONCURRENT freed 390K, 35% free 3267K/4972K, paused 15ms+3ms, total 76ms
D/WearableConn(  501): Connecting via TCP to /10.0.2.2:5601
D/WearableConn(  501): Error writing to device
D/WearableConn(  501): java.net.ConnectException: failed to connect to /10.0.2.2 (port 5601): connect failed: ECONNREFUSED (Connection refused)
D/WearableConn(  501): 	at libcore.io.IoBridge.connect(IoBridge.java:114)
D/WearableConn(  501): 	at java.net.PlainSocketImpl.connect(PlainSocketImpl.java:192)
D/WearableConn(  501): 	at java.net.PlainSocketImpl.connect(PlainSocketImpl.java:172)
D/WearableConn(  501): 	at java.net.Socket.startupSocket(Socket.java:567)
D/WearableConn(  501): 	at java.net.Socket.<init>(Socket.java:226)
D/WearableConn(  501): 	at btx.run(SourceFile:130)
D/WearableConn(  501): Caused by: libcore.io.ErrnoException: connect failed: ECONNREFUSED (Connection refused)
D/WearableConn(  501): 	at libcore.io.Posix.connect(Native Method)
D/WearableConn(  501): 	at libcore.io.BlockGuardOs.connect(BlockGuardOs.java:101)
D/WearableConn(  501): 	at libcore.io.IoBridge.connectErrno(IoBridge.java:127)
D/WearableConn(  501): 	at libcore.io.IoBridge.connect(IoBridge.java:112)
D/WearableConn(  501): 	... 5 more
D/WearableConn(  501): Socket closed
D/WearableConn(  501): Waiting 4.0 seconds to retry connection
D/WearableConn(  501): Connecting via TCP to /10.0.2.2:5601
D/WearableConn(  501): Error writing to device
D/WearableConn(  501): java.net.ConnectException: failed to connect to /10.0.2.2 (port 5601): connect failed: ECONNREFUSED (Connection refused)
D/WearableConn(  501): 	at libcore.io.IoBridge.connect(IoBridge.java:114)
D/WearableConn(  501): 	at java.net.PlainSocketImpl.connect(PlainSocketImpl.java:192)
D/WearableConn(  501): 	at java.net.PlainSocketImpl.connect(PlainSocketImpl.java:172)
D/WearableConn(  501): 	at java.net.Socket.startupSocket(Socket.java:567)
D/WearableConn(  501): 	at java.net.Socket.<init>(Socket.java:226)
D/WearableConn(  501): 	at btx.run(SourceFile:130)
D/WearableConn(  501): Caused by: libcore.io.ErrnoException: connect failed: ECONNREFUSED (Connection refused)
D/WearableConn(  501): 	at libcore.io.Posix.connect(Native Method)
D/WearableConn(  501): 	at libcore.io.BlockGuardOs.connect(BlockGuardOs.java:101)
D/WearableConn(  501): 	at libcore.io.IoBridge.connectErrno(IoBridge.java:127)
D/WearableConn(  501): 	at libcore.io.IoBridge.connect(IoBridge.java:112)
D/WearableConn(  501): 	... 5 more
D/WearableConn(  501): Socket closed
D/WearableConn(  501): Waiting 4.0 seconds to retry connection
D/WearableConn(  501): Connecting via TCP to /10.0.2.2:5601
D/WearableConn(  501): Error writing to device
D/WearableConn(  501): java.net.ConnectException: failed to connect to /10.0.2.2 (port 5601): connect failed: ECONNREFUSED (Connection refused)
D/WearableConn(  501): 	at libcore.io.IoBridge.connect(IoBridge.java:114)
D/WearableConn(  501): 	at java.net.PlainSocketImpl.connect(PlainSocketImpl.java:192)
D/WearableConn(  501): 	at java.net.PlainSocketImpl.connect(PlainSocketImpl.java:172)
D/WearableConn(  501): 	at java.net.Socket.startupSocket(Socket.java:567)
D/WearableConn(  501): 	at java.net.Socket.<init>(Socket.java:226)
D/WearableConn(  501): 	at btx.run(SourceFile:130)
D/WearableConn(  501): Caused by: libcore.io.ErrnoException: connect failed: ECONNREFUSED (Connection refused)
D/WearableConn(  501): 	at libcore.io.Posix.connect(Native Method)
D/WearableConn(  501): 	at libcore.io.BlockGuardOs.connect(BlockGuardOs.java:101)
D/WearableConn(  501): 	at libcore.io.IoBridge.connectErrno(IoBridge.java:127)
D/WearableConn(  501): 	at libcore.io.IoBridge.connect(IoBridge.java:112)
D/WearableConn(  501): 	... 5 more
D/WearableConn(  501): Socket closed
D/WearableConn(  501): Waiting 4.0 seconds to retry connection
D/WearableConn(  501): Connecting via TCP to /10.0.2.2:5601
D/WearableConn(  501): Error writing to device
D/WearableConn(  501): java.net.ConnectException: failed to connect to /10.0.2.2 (port 5601): connect failed: ECONNREFUSED (Connection refused)
D/WearableConn(  501): 	at libcore.io.IoBridge.connect(IoBridge.java:114)
D/WearableConn(  501): 	at java.net.PlainSocketImpl.connect(PlainSocketImpl.java:192)
D/WearableConn(  501): 	at java.net.PlainSocketImpl.connect(PlainSocketImpl.java:172)
D/WearableConn(  501): 	at java.net.Socket.startupSocket(Socket.java:567)
D/WearableConn(  501): 	at java.net.Socket.<init>(Socket.java:226)
D/WearableConn(  501): 	at btx.run(SourceFile:130)
D/WearableConn(  501): Caused by: libcore.io.ErrnoException: connect failed: ECONNREFUSED (Connection refused)
D/WearableConn(  501): 	at libcore.io.Posix.connect(Native Method)
D/WearableConn(  501): 	at libcore.io.BlockGuardOs.connect(BlockGuardOs.java:101)
D/WearableConn(  501): 	at libcore.io.IoBridge.connectErrno(IoBridge.java:127)
D/WearableConn(  501): 	at libcore.io.IoBridge.connect(IoBridge.java:112)
D/WearableConn(  501): 	... 5 more
D/WearableConn(  501): Socket closed
D/WearableConn(  501): Waiting 4.0 seconds to retry connection
D/WearableConn(  501): Connecting via TCP to /10.0.2.2:5601
D/WearableConn(  501): Error writing to device
D/WearableConn(  501): java.net.ConnectException: failed to connect to /10.0.2.2 (port 5601): connect failed: ECONNREFUSED (Connection refused)
D/WearableConn(  501): 	at libcore.io.IoBridge.connect(IoBridge.java:114)
D/WearableConn(  501): 	at java.net.PlainSocketImpl.connect(PlainSocketImpl.java:192)
D/WearableConn(  501): 	at java.net.PlainSocketImpl.connect(PlainSocketImpl.java:172)
D/WearableConn(  501): 	at java.net.Socket.startupSocket(Socket.java:567)
D/WearableConn(  501): 	at java.net.Socket.<init>(Socket.java:226)
D/WearableConn(  501): 	at btx.run(SourceFile:130)
D/WearableConn(  501): Caused by: libcore.io.ErrnoException: connect failed: ECONNREFUSED (Connection refused)
D/WearableConn(  501): 	at libcore.io.Posix.connect(Native Method)
D/WearableConn(  501): 	at libcore.io.BlockGuardOs.connect(BlockGuardOs.java:101)
D/WearableConn(  501): 	at libcore.io.IoBridge.connectErrno(IoBridge.java:127)
D/WearableConn(  501): 	at libcore.io.IoBridge.connect(IoBridge.java:112)
D/WearableConn(  501): 	... 5 more
D/WearableConn(  501): Socket closed
D/WearableConn(  501): Waiting 4.0 seconds to retry connection
D/WearableConn(  501): Connecting via TCP to /10.0.2.2:5601
D/WearableConn(  501): Error writing to device
D/WearableConn(  501): java.net.ConnectException: failed to connect to /10.0.2.2 (port 5601): connect failed: ECONNREFUSED (Connection refused)
D/WearableConn(  501): 	at libcore.io.IoBridge.connect(IoBridge.java:114)
D/WearableConn(  501): 	at java.net.PlainSocketImpl.connect(PlainSocketImpl.java:192)
D/WearableConn(  501): 	at java.net.PlainSocketImpl.connect(PlainSocketImpl.java:172)
D/WearableConn(  501): 	at java.net.Socket.startupSocket(Socket.java:567)
D/WearableConn(  501): 	at java.net.Socket.<init>(Socket.java:226)
D/WearableConn(  501): 	at btx.run(SourceFile:130)
D/WearableConn(  501): Caused by: libcore.io.ErrnoException: connect failed: ECONNREFUSED (Connection refused)
D/WearableConn(  501): 	at libcore.io.Posix.connect(Native Method)
D/WearableConn(  501): 	at libcore.io.BlockGuardOs.connect(BlockGuardOs.java:101)
D/WearableConn(  501): 	at libcore.io.IoBridge.connectErrno(IoBridge.java:127)
D/WearableConn(  501): 	at libcore.io.IoBridge.connect(IoBridge.java:112)
D/WearableConn(  501): 	... 5 more
D/WearableConn(  501): Socket closed
D/WearableConn(  501): Waiting 4.0 seconds to retry connection
D/WearableConn(  501): Connecting via TCP to /10.0.2.2:5601
D/WearableConn(  501): Error writing to device
D/WearableConn(  501): java.net.ConnectException: failed to connect to /10.0.2.2 (port 5601): connect failed: ECONNREFUSED (Connection refused)
D/WearableConn(  501): 	at libcore.io.IoBridge.connect(IoBridge.java:114)
D/WearableConn(  501): 	at java.net.PlainSocketImpl.connect(PlainSocketImpl.java:192)
D/WearableConn(  501): 	at java.net.PlainSocketImpl.connect(PlainSocketImpl.java:172)
D/WearableConn(  501): 	at java.net.Socket.startupSocket(Socket.java:567)
D/WearableConn(  501): 	at java.net.Socket.<init>(Socket.java:226)
D/WearableConn(  501): 	at btx.run(SourceFile:130)
D/WearableConn(  501): Caused by: libcore.io.ErrnoException: connect failed: ECONNREFUSED (Connection refused)
D/WearableConn(  501): 	at libcore.io.Posix.connect(Native Method)
D/WearableConn(  501): 	at libcore.io.BlockGuardOs.connect(BlockGuardOs.java:101)
D/WearableConn(  501): 	at libcore.io.IoBridge.connectErrno(IoBridge.java:127)
D/WearableConn(  501): 	at libcore.io.IoBridge.connect(IoBridge.java:112)
D/WearableConn(  501): 	... 5 more
D/WearableConn(  501): Socket closed
D/WearableConn(  501): Waiting 4.0 seconds to retry connection
D/WearableConn(  501): Connecting via TCP to /10.0.2.2:5601
D/WearableConn(  501): Error writing to device
D/WearableConn(  501): java.net.ConnectException: failed to connect to /10.0.2.2 (port 5601): connect failed: ECONNREFUSED (Connection refused)
D/WearableConn(  501): 	at libcore.io.IoBridge.connect(IoBridge.java:114)
D/WearableConn(  501): 	at java.net.PlainSocketImpl.connect(PlainSocketImpl.java:192)
D/WearableConn(  501): 	at java.net.PlainSocketImpl.connect(PlainSocketImpl.java:172)
D/WearableConn(  501): 	at java.net.Socket.startupSocket(Socket.java:567)
D/WearableConn(  501): 	at java.net.Socket.<init>(Socket.java:226)
D/WearableConn(  501): 	at btx.run(SourceFile:130)
D/WearableConn(  501): Caused by: libcore.io.ErrnoException: connect failed: ECONNREFUSED (Connection refused)
D/WearableConn(  501): 	at libcore.io.Posix.connect(Native Method)
D/WearableConn(  501): 	at libcore.io.BlockGuardOs.connect(BlockGuardOs.java:101)
D/WearableConn(  501): 	at libcore.io.IoBridge.connectErrno(IoBridge.java:127)
D/WearableConn(  501): 	at libcore.io.IoBridge.connect(IoBridge.java:112)
D/WearableConn(  501): 	... 5 more
D/WearableConn(  501): Socket closed
D/WearableConn(  501): Waiting 4.0 seconds to retry connection
D/dalvikvm(  345): GC_CONCURRENT freed 514K, 11% free 5582K/6244K, paused 6ms+9ms, total 88ms
D/WearableConn(  501): Connecting via TCP to /10.0.2.2:5601
D/WearableConn(  501): Error writing to device
D/WearableConn(  501): java.net.ConnectException: failed to connect to /10.0.2.2 (port 5601): connect failed: ECONNREFUSED (Connection refused)
D/WearableConn(  501): 	at libcore.io.IoBridge.connect(IoBridge.java:114)
D/WearableConn(  501): 	at java.net.PlainSocketImpl.connect(PlainSocketImpl.java:192)
D/WearableConn(  501): 	at java.net.PlainSocketImpl.connect(PlainSocketImpl.java:172)
D/WearableConn(  501): 	at java.net.Socket.startupSocket(Socket.java:567)
D/WearableConn(  501): 	at java.net.Socket.<init>(Socket.java:226)
D/WearableConn(  501): 	at btx.run(SourceFile:130)
D/WearableConn(  501): Caused by: libcore.io.ErrnoException: connect failed: ECONNREFUSED (Connection refused)
D/WearableConn(  501): 	at libcore.io.Posix.connect(Native Method)
D/WearableConn(  501): 	at libcore.io.BlockGuardOs.connect(BlockGuardOs.java:101)
D/WearableConn(  501): 	at libcore.io.IoBridge.connectErrno(IoBridge.java:127)
D/WearableConn(  501): 	at libcore.io.IoBridge.connect(IoBridge.java:112)
D/WearableConn(  501): 	... 5 more
D/WearableConn(  501): Socket closed
D/WearableConn(  501): Waiting 4.0 seconds to retry connection
D/WearableConn(  501): Connecting via TCP to /10.0.2.2:5601
D/WearableConn(  501): Error writing to device
D/WearableConn(  501): java.net.ConnectException: failed to connect to /10.0.2.2 (port 5601): connect failed: ECONNREFUSED (Connection refused)
D/WearableConn(  501): 	at libcore.io.IoBridge.connect(IoBridge.java:114)
D/WearableConn(  501): 	at java.net.PlainSocketImpl.connect(PlainSocketImpl.java:192)
D/WearableConn(  501): 	at java.net.PlainSocketImpl.connect(PlainSocketImpl.java:172)
D/WearableConn(  501): 	at java.net.Socket.startupSocket(Socket.java:567)
D/WearableConn(  501): 	at java.net.Socket.<init>(Socket.java:226)
D/WearableConn(  501): 	at btx.run(SourceFile:130)
D/WearableConn(  501): Caused by: libcore.io.ErrnoException: connect failed: ECONNREFUSED (Connection refused)
D/WearableConn(  501): 	at libcore.io.Posix.connect(Native Method)
D/WearableConn(  501): 	at libcore.io.BlockGuardOs.connect(BlockGuardOs.java:101)
D/WearableConn(  501): 	at libcore.io.IoBridge.connectErrno(IoBridge.java:127)
D/WearableConn(  501): 	at libcore.io.IoBridge.connect(IoBridge.java:112)
D/WearableConn(  501): 	... 5 more
D/WearableConn(  501): Socket closed
D/WearableConn(  501): Waiting 4.0 seconds to retry connection
D/WearableConn(  501): Connecting via TCP to /10.0.2.2:5601
D/WearableConn(  501): Error writing to device
D/WearableConn(  501): java.net.ConnectException: failed to connect to /10.0.2.2 (port 5601): connect failed: ECONNREFUSED (Connection refused)
D/WearableConn(  501): 	at libcore.io.IoBridge.connect(IoBridge.java:114)
D/WearableConn(  501): 	at java.net.PlainSocketImpl.connect(PlainSocketImpl.java:192)
D/WearableConn(  501): 	at java.net.PlainSocketImpl.connect(PlainSocketImpl.java:172)
D/WearableConn(  501): 	at java.net.Socket.startupSocket(Socket.java:567)
D/WearableConn(  501): 	at java.net.Socket.<init>(Socket.java:226)
D/WearableConn(  501): 	at btx.run(SourceFile:130)
D/WearableConn(  501): Caused by: libcore.io.ErrnoException: connect failed: ECONNREFUSED (Connection refused)
D/WearableConn(  501): 	at libcore.io.Posix.connect(Native Method)
D/WearableConn(  501): 	at libcore.io.BlockGuardOs.connect(BlockGuardOs.java:101)
D/WearableConn(  501): 	at libcore.io.IoBridge.connectErrno(IoBridge.java:127)
D/WearableConn(  501): 	at libcore.io.IoBridge.connect(IoBridge.java:112)
D/WearableConn(  501): 	... 5 more
D/WearableConn(  501): Socket closed
D/WearableConn(  501): Waiting 4.0 seconds to retry connection
D/WearableConn(  501): Connecting via TCP to /10.0.2.2:5601
D/WearableConn(  501): Error writing to device
D/WearableConn(  501): java.net.ConnectException: failed to connect to /10.0.2.2 (port 5601): connect failed: ECONNREFUSED (Connection refused)
D/WearableConn(  501): 	at libcore.io.IoBridge.connect(IoBridge.java:114)
D/WearableConn(  501): 	at java.net.PlainSocketImpl.connect(PlainSocketImpl.java:192)
D/WearableConn(  501): 	at java.net.PlainSocketImpl.connect(PlainSocketImpl.java:172)
D/WearableConn(  501): 	at java.net.Socket.startupSocket(Socket.java:567)
D/WearableConn(  501): 	at java.net.Socket.<init>(Socket.java:226)
D/WearableConn(  501): 	at btx.run(SourceFile:130)
D/WearableConn(  501): Caused by: libcore.io.ErrnoException: connect failed: ECONNREFUSED (Connection refused)
D/WearableConn(  501): 	at libcore.io.Posix.connect(Native Method)
D/WearableConn(  501): 	at libcore.io.BlockGuardOs.connect(BlockGuardOs.java:101)
D/WearableConn(  501): 	at libcore.io.IoBridge.connectErrno(IoBridge.java:127)
D/WearableConn(  501): 	at libcore.io.IoBridge.connect(IoBridge.java:112)
