D/WearableConn(  501): 	at java.net.Socket.startupSocket(Socket.java:567)
D/WearableConn(  501): 	at java.net.Socket.<init>(Socket.java:226)
D/WearableConn(  501): 	at btx.run(SourceFile:130)
D/WearableConn(  501): Caused by: libcore.io.ErrnoException: connect failed: ECONNREFUSED (Connection refused)
D/WearableConn(  501): 	at libcore.io.Posix.connect(Native Method)
D/WearableConn(  501): 	at libcore.io.BlockGuardOs.connect(BlockGuardOs.java:101)
D/WearableConn(  501): 	at libcore.io.IoBridge.connectErrno(IoBridge.java:127)
D/WearableConn(  501): 	at libcore.io.IoBridge.connect(IoBridge.java:112)
D/WearableConn(  501): 	... 5 more
D/WearableConn(  501): Socket closed
D/WearableConn(  501): Waiting 4.0 seconds to retry connection
D/dalvikvm(  466): GC_CONCURRENT freed 623K, 33% free 3281K/4872K, paused 4ms+3ms, total 31ms
D/WearableConn(  501): Connecting via TCP to /10.0.2.2:5601
D/WearableConn(  501): Error writing to device
D/WearableConn(  501): java.net.ConnectException: failed to connect to /10.0.2.2 (port 5601): connect failed: ECONNREFUSED (Connection refused)
D/WearableConn(  501): 	at libcore.io.IoBridge.connect(IoBridge.java:114)
D/WearableConn(  501): 	at java.net.PlainSocketImpl.connect(PlainSocketImpl.java:192)
D/WearableConn(  501): 	at java.net.PlainSocketImpl.connect(PlainSocketImpl.java:172)
D/WearableConn(  501): 	at java.net.Socket.startupSocket(Socket.java:567)
D/WearableConn(  501): 	at java.net.Socket.<init>(Socket.java:226)
D/WearableConn(  501): 	at btx.run(SourceFile:130)
D/WearableConn(  501): Caused by: libcore.io.ErrnoException: connect failed: ECONNREFUSED (Connection refused)
D/WearableConn(  501): 	at libcore.io.Posix.connect(Native Method)
D/WearableConn(  501): 	at libcore.io.BlockGuardOs.connect(BlockGuardOs.java:101)
D/WearableConn(  501): 	at libcore.io.IoBridge.connectErrno(IoBridge.java:127)
D/WearableConn(  501): 	at libcore.io.IoBridge.connect(IoBridge.java:112)
D/WearableConn(  501): 	... 5 more
D/WearableConn(  501): Socket closed
D/WearableConn(  501): Waiting 4.0 seconds to retry connection
D/WearableConn(  501): Connecting via TCP to /10.0.2.2:5601
D/WearableConn(  501): Error writing to device
D/WearableConn(  501): java.net.ConnectException: failed to connect to /10.0.2.2 (port 5601): connect failed: ECONNREFUSED (Connection refused)
D/WearableConn(  501): 	at libcore.io.IoBridge.connect(IoBridge.java:114)
D/WearableConn(  501): 	at java.net.PlainSocketImpl.connect(PlainSocketImpl.java:192)
D/WearableConn(  501): 	at java.net.PlainSocketImpl.connect(PlainSocketImpl.java:172)
D/WearableConn(  501): 	at java.net.Socket.startupSocket(Socket.java:567)
D/WearableConn(  501): 	at java.net.Socket.<init>(Socket.java:226)
D/WearableConn(  501): 	at btx.run(SourceFile:130)
D/WearableConn(  501): Caused by: libcore.io.ErrnoException: connect failed: ECONNREFUSED (Connection refused)
D/WearableConn(  501): 	at libcore.io.Posix.connect(Native Method)
D/WearableConn(  501): 	at libcore.io.BlockGuardOs.connect(BlockGuardOs.java:101)
D/WearableConn(  501): 	at libcore.io.IoBridge.connectErrno(IoBridge.java:127)
D/WearableConn(  501): 	at libcore.io.IoBridge.connect(IoBridge.java:112)
D/WearableConn(  501): 	... 5 more
D/WearableConn(  501): Socket closed
D/WearableConn(  501): Waiting 4.0 seconds to retry connection
D/WearableConn(  501): Connecting via TCP to /10.0.2.2:5601
D/WearableConn(  501): Error writing to device
D/WearableConn(  501): java.net.ConnectException: failed to connect to /10.0.2.2 (port 5601): connect failed: ECONNREFUSED (Connection refused)
D/WearableConn(  501): 	at libcore.io.IoBridge.connect(IoBridge.java:114)
D/WearableConn(  501): 	at java.net.PlainSocketImpl.connect(PlainSocketImpl.java:192)
D/WearableConn(  501): 	at java.net.PlainSocketImpl.connect(PlainSocketImpl.java:172)
D/WearableConn(  501): 	at java.net.Socket.startupSocket(Socket.java:567)
D/WearableConn(  501): 	at java.net.Socket.<init>(Socket.java:226)
D/WearableConn(  501): 	at btx.run(SourceFile:130)
D/WearableConn(  501): Caused by: libcore.io.ErrnoException: connect failed: ECONNREFUSED (Connection refused)
D/WearableConn(  501): 	at libcore.io.Posix.connect(Native Method)
D/WearableConn(  501): 	at libcore.io.BlockGuardOs.connect(BlockGuardOs.java:101)
D/WearableConn(  501): 	at libcore.io.IoBridge.connectErrno(IoBridge.java:127)
D/WearableConn(  501): 	at libcore.io.IoBridge.connect(IoBridge.java:112)
D/WearableConn(  501): 	... 5 more
D/WearableConn(  501): Socket closed
D/WearableConn(  501): Waiting 4.0 seconds to retry connection
D/dalvikvm(  345): GC_CONCURRENT freed 552K, 17% free 5435K/6492K, paused 19ms+10ms, total 83ms
D/WearableConn(  501): Connecting via TCP to /10.0.2.2:5601
D/WearableConn(  501): Error writing to device
D/WearableConn(  501): java.net.ConnectException: failed to connect to /10.0.2.2 (port 5601): connect failed: ECONNREFUSED (Connection refused)
D/WearableConn(  501): 	at libcore.io.IoBridge.connect(IoBridge.java:114)
D/WearableConn(  501): 	at java.net.PlainSocketImpl.connect(PlainSocketImpl.java:192)
D/WearableConn(  501): 	at java.net.PlainSocketImpl.connect(PlainSocketImpl.java:172)
D/WearableConn(  501): 	at java.net.Socket.startupSocket(Socket.java:567)
D/WearableConn(  501): 	at java.net.Socket.<init>(Socket.java:226)
D/WearableConn(  501): 	at btx.run(SourceFile:130)
D/WearableConn(  501): Caused by: libcore.io.ErrnoException: connect failed: ECONNREFUSED (Connection refused)
D/WearableConn(  501): 	at libcore.io.Posix.connect(Native Method)
D/WearableConn(  501): 	at libcore.io.BlockGuardOs.connect(BlockGuardOs.java:101)
D/WearableConn(  501): 	at libcore.io.IoBridge.connectErrno(IoBridge.java:127)
D/WearableConn(  501): 	at libcore.io.IoBridge.connect(IoBridge.java:112)
D/WearableConn(  501): 	... 5 more
D/WearableConn(  501): Socket closed
D/WearableConn(  501): Waiting 4.0 seconds to retry connection
D/WearableConn(  501): Connecting via TCP to /10.0.2.2:5601
D/WearableConn(  501): Error writing to device
D/WearableConn(  501): java.net.ConnectException: failed to connect to /10.0.2.2 (port 5601): connect failed: ECONNREFUSED (Connection refused)
D/WearableConn(  501): 	at libcore.io.IoBridge.connect(IoBridge.java:114)
D/WearableConn(  501): 	at java.net.PlainSocketImpl.connect(PlainSocketImpl.java:192)
D/WearableConn(  501): 	at java.net.PlainSocketImpl.connect(PlainSocketImpl.java:172)
D/WearableConn(  501): 	at java.net.Socket.startupSocket(Socket.java:567)
D/WearableConn(  501): 	at java.net.Socket.<init>(Socket.java:226)
D/WearableConn(  501): 	at btx.run(SourceFile:130)
D/WearableConn(  501): Caused by: libcore.io.ErrnoException: connect failed: ECONNREFUSED (Connection refused)
D/WearableConn(  501): 	at libcore.io.Posix.connect(Native Method)
D/WearableConn(  501): 	at libcore.io.BlockGuardOs.connect(BlockGuardOs.java:101)
D/WearableConn(  501): 	at libcore.io.IoBridge.connectErrno(IoBridge.java:127)
D/WearableConn(  501): 	at libcore.io.IoBridge.connect(IoBridge.java:112)
D/WearableConn(  501): 	... 5 more
D/WearableConn(  501): Socket closed
D/WearableConn(  501): Waiting 4.0 seconds to retry connection
D/AndroidRuntime(  769): 
D/AndroidRuntime(  769): >>>>>> AndroidRuntime START com.android.internal.os.RuntimeInit <<<<<<
D/AndroidRuntime(  769): CheckJNI is ON
D/dalvikvm(  769): Trying to load lib libjavacore.so 0x0
D/dalvikvm(  769): Added shared lib libjavacore.so 0x0
D/dalvikvm(  769): Trying to load lib libnativehelper.so 0x0
D/dalvikvm(  769): Added shared lib libnativehelper.so 0x0
D/dalvikvm(  769): No JNI_OnLoad found in libnativehelper.so 0x0, skipping init
D/dalvikvm(  769): Note: class Landroid/app/ActivityManagerNative; has 179 unimplemented (abstract) methods
E/memtrack(  769): Couldn't load memtrack module (No such file or directory)
E/android.os.Debug(  769): failed to load memtrack module: -2
D/AndroidRuntime(  769): Calling main entry com.android.commands.pm.Pm
W/ActivityManager(  345): No content provider found for permission revoke: file:///data/local/tmp/learning-debug.apk
W/ActivityManager(  345): No content provider found for permission revoke: file:///data/local/tmp/learning-debug.apk
I/PackageManager(  345): Copying native libraries to /data/app-lib/vmdl-1463119028
I/PackageParser(  345): com.example.learning: compat added android.permission.WRITE_EXTERNAL_STORAGE android.permission.READ_PHONE_STATE
I/ActivityManager(  345): Force stopping com.example.learning appid=10029 user=-1: uninstall pkg
I/ActivityManager(  345): Killing 749:com.example.learning/u0a29 (adj 7): stop com.example.learning
I/ActivityManager(  345):   Force finishing activity ActivityRecord{b40454b8 u0 com.example.learning/.learningact t4}
I/ActivityManager(  345):   Force finishing activity ActivityRecord{b4058790 u0 com.example.learning/.openglinterface t4}
W/InputDispatcher(  345): channel 'b3f373b8 com.example.learning/com.example.learning.learningact (server)' ~ Consumer closed input channel or an error occurred.  events=0x9
E/InputDispatcher(  345): channel 'b3f373b8 com.example.learning/com.example.learning.learningact (server)' ~ Channel is unrecoverably broken and will be disposed!
W/InputDispatcher(  345): channel 'b4037fa8 com.example.learning/com.example.learning.openglinterface (server)' ~ Consumer closed input channel or an error occurred.  events=0x9
E/InputDispatcher(  345): channel 'b4037fa8 com.example.learning/com.example.learning.openglinterface (server)' ~ Channel is unrecoverably broken and will be disposed!
W/InputDispatcher(  345): Attempted to unregister already unregistered input channel 'b3f373b8 com.example.learning/com.example.learning.learningact (server)'
I/WindowState(  345): WIN DEATH: Window{b3f373b8 u0 com.example.learning/com.example.learning.learningact}
W/InputDispatcher(  345): Attempted to unregister already unregistered input channel 'b4037fa8 com.example.learning/com.example.learning.openglinterface (server)'
I/WindowState(  345): WIN DEATH: Window{b4037fa8 u0 com.example.learning/com.example.learning.openglinterface}
W/WindowManager(  345): Force-removing child win Window{b40bdcf0 u0 SurfaceView} from container Window{b4037fa8 u0 com.example.learning/com.example.learning.openglinterface}
W/WindowManager(  345): Failed looking up window
W/WindowManager(  345): java.lang.IllegalArgumentException: Requested window android.os.BinderProxy@b40bdb00 does not exist
W/WindowManager(  345): 	at com.android.server.wm.WindowManagerService.windowForClientLocked(WindowManagerService.java:8029)
W/WindowManager(  345): 	at com.android.server.wm.WindowManagerService.windowForClientLocked(WindowManagerService.java:8020)
W/WindowManager(  345): 	at com.android.server.wm.WindowState$DeathRecipient.binderDied(WindowState.java:1072)
W/WindowManager(  345): 	at android.os.BinderProxy.sendDeathNotice(Binder.java:493)
W/WindowManager(  345): 	at dalvik.system.NativeStart.run(Native Method)
I/WindowState(  345): WIN DEATH: null
W/PackageSettings(  345): Skipping PackageSetting{b3d42308 com.example.PotentialFlowApp/10025} due to missing metadata
W/PackageSettings(  345): Skipping PackageSetting{b3cdf918 com.example.ARMflow/10023} due to missing metadata
W/PackageSettings(  345): Skipping PackageSetting{b3ce0aa0 com.recipesapp/10020} due to missing metadata
W/PackageSettings(  345): Skipping PackageSetting{b3d3d5c8 org.achartengine.chartdemo.demo/10027} due to missing metadata
I/PackageManager(  345): Package com.example.learning codePath changed from /data/app/com.example.learning-1.apk to /data/app/com.example.learning-2.apk; Retaining data and using new
I/PackageManager(  345): Running dexopt on: com.example.learning
D/dalvikvm(  781): DexOpt: load 61ms, verify+opt 23ms, 248108 bytes
I/ActivityManager(  345): Force stopping com.example.learning appid=10029 user=-1: update pkg
W/PackageManager(  345): Code path for pkg : com.example.learning changing from /data/app/com.example.learning-1.apk to /data/app/com.example.learning-2.apk
W/PackageManager(  345): Resource path for pkg : com.example.learning changing from /data/app/com.example.learning-1.apk to /data/app/com.example.learning-2.apk
W/PackageSettings(  345): Skipping PackageSetting{b3d42308 com.example.PotentialFlowApp/10025} due to missing metadata
W/PackageSettings(  345): Skipping PackageSetting{b3cdf918 com.example.ARMflow/10023} due to missing metadata
W/PackageSettings(  345): Skipping PackageSetting{b3ce0aa0 com.recipesapp/10020} due to missing metadata
W/PackageSettings(  345): Skipping PackageSetting{b3d3d5c8 org.achartengine.chartdemo.demo/10027} due to missing metadata
D/dalvikvm(  345): GC_FOR_ALLOC freed 1721K, 32% free 4425K/6492K, paused 45ms, total 45ms
W/PackageSettings(  345): Skipping PackageSetting{b3d42308 com.example.PotentialFlowApp/10025} due to missing metadata
W/PackageSettings(  345): Skipping PackageSetting{b3cdf918 com.example.ARMflow/10023} due to missing metadata
W/PackageSettings(  345): Skipping PackageSetting{b3ce0aa0 com.recipesapp/10020} due to missing metadata
W/PackageSettings(  345): Skipping PackageSetting{b3d3d5c8 org.achartengine.chartdemo.demo/10027} due to missing metadata
I/ActivityManager(  345): Force stopping com.example.learning appid=10029 user=0: pkg removed
I/InputReader(  345): Reconfiguring input devices.  changes=0x00000010
D/WearableConn(  501): Connecting via TCP to /10.0.2.2:5601
D/WearableConn(  501): Error writing to device
D/WearableConn(  501): java.net.ConnectException: failed to connect to /10.0.2.2 (port 5601): connect failed: ECONNREFUSED (Connection refused)
D/WearableConn(  501): 	at libcore.io.IoBridge.connect(IoBridge.java:114)
D/WearableConn(  501): 	at java.net.PlainSocketImpl.connect(PlainSocketImpl.java:192)
D/WearableConn(  501): 	at java.net.PlainSocketImpl.connect(PlainSocketImpl.java:172)
D/WearableConn(  501): 	at java.net.Socket.startupSocket(Socket.java:567)
D/WearableConn(  501): 	at java.net.Socket.<init>(Socket.java:226)
D/WearableConn(  501): 	at btx.run(SourceFile:130)
D/WearableConn(  501): Caused by: libcore.io.ErrnoException: connect failed: ECONNREFUSED (Connection refused)
D/WearableConn(  501): 	at libcore.io.Posix.connect(Native Method)
D/WearableConn(  501): 	at libcore.io.BlockGuardOs.connect(BlockGuardOs.java:101)
D/WearableConn(  501): 	at libcore.io.IoBridge.connectErrno(IoBridge.java:127)
D/WearableConn(  501): 	at libcore.io.IoBridge.connect(IoBridge.java:112)
D/WearableConn(  501): 	... 5 more
D/WearableConn(  501): Socket closed
D/dalvikvm(  466): GC_EXPLICIT freed 131K, 33% free 3262K/4808K, paused 4ms+3ms, total 424ms
D/dalvikvm(  501): GC_CONCURRENT freed 396K, 19% free 2366K/2908K, paused 3ms+43ms, total 88ms
D/WearableConn(  501): Waiting 4.0 seconds to retry connection
I/InputReader(  345): Reconfiguring input devices.  changes=0x00000010
W/Searchables(  345): No global search activity found
I/InputReader(  345): Reconfiguring input devices.  changes=0x00000010
W/Searchables(  345): No global search activity found
W/RecognitionManagerService(  345): no available voice recognition services found for user 0
D/dalvikvm(  345): GC_EXPLICIT freed 377K, 32% free 4428K/6492K, paused 3ms+6ms, total 73ms
D/AndroidRuntime(  769): Shutting down VM
D/dalvikvm(  769): GC_CONCURRENT freed 95K, 16% free 567K/668K, paused 2ms+2ms, total 13ms
D/GridViewPager(  466): Populate in layout
D/LightsService(  345): Excessive delay setting light: 53ms
D/dalvikvm(  466): GC_FOR_ALLOC freed 76K, 31% free 3361K/4808K, paused 54ms, total 55ms
I/dalvikvm-heap(  466): Grow heap (frag case) to 4.116MB for 635812-byte allocation
D/dalvikvm(  466): GC_FOR_ALLOC freed 1K, 18% free 3980K/4808K, paused 96ms, total 96ms
D/LightsService(  345): Excessive delay setting light: 68ms
D/dalvikvm(  466): GC_CONCURRENT freed 1K, 18% free 3979K/4808K, paused 4ms+33ms, total 64ms
I/Choreographer(  466): Skipped 31 frames!  The application may be doing too much work on its main thread.
D/rpctransport(  501): sendRpc: failed: 18
D/rpctransport(  501): sendRpc: failed: 19
D/FakeRecognitionService(  466): state = STATE_LISTENING
D/FakeRecognitionService(  466): schedule SpeechTimeout in 3000 millis
W/PropertyValuesHolder(  466): Method getClipProgressAnim() with type float not found on target class class com.google.android.clockwork.home.cuecard.VoicePlateFragment
D/WearableConn(  501): Connecting via TCP to /10.0.2.2:5601
D/WearableConn(  501): Error writing to device
D/WearableConn(  501): java.net.ConnectException: failed to connect to /10.0.2.2 (port 5601): connect failed: ECONNREFUSED (Connection refused)
D/WearableConn(  501): 	at libcore.io.IoBridge.connect(IoBridge.java:114)
D/WearableConn(  501): 	at java.net.PlainSocketImpl.connect(PlainSocketImpl.java:192)
D/WearableConn(  501): 	at java.net.PlainSocketImpl.connect(PlainSocketImpl.java:172)
D/WearableConn(  501): 	at java.net.Socket.startupSocket(Socket.java:567)
D/WearableConn(  501): 	at java.net.Socket.<init>(Socket.java:226)
D/WearableConn(  501): 	at btx.run(SourceFile:130)
D/WearableConn(  501): Caused by: libcore.io.ErrnoException: connect failed: ECONNREFUSED (Connection refused)
D/WearableConn(  501): 	at libcore.io.Posix.connect(Native Method)
D/WearableConn(  501): 	at libcore.io.BlockGuardOs.connect(BlockGuardOs.java:101)
D/WearableConn(  501): 	at libcore.io.IoBridge.connectErrno(IoBridge.java:127)
D/WearableConn(  501): 	at libcore.io.IoBridge.connect(IoBridge.java:112)
D/WearableConn(  501): 	... 5 more
D/WearableConn(  501): Socket closed
D/WearableConn(  501): Waiting 4.0 seconds to retry connection
E/RecyclerView(  466): No adapter attached; skipping layout
D/FakeRecognitionService(  466): cancel()
D/rpctransport(  501): sendRpc: failed: 20
D/WearableConn(  501): Connecting via TCP to /10.0.2.2:5601
D/WearableConn(  501): Error writing to device
D/WearableConn(  501): java.net.ConnectException: failed to connect to /10.0.2.2 (port 5601): connect failed: ECONNREFUSED (Connection refused)
D/WearableConn(  501): 	at libcore.io.IoBridge.connect(IoBridge.java:114)
D/WearableConn(  501): 	at java.net.PlainSocketImpl.connect(PlainSocketImpl.java:192)
D/WearableConn(  501): 	at java.net.PlainSocketImpl.connect(PlainSocketImpl.java:172)
D/WearableConn(  501): 	at java.net.Socket.startupSocket(Socket.java:567)
D/WearableConn(  501): 	at java.net.Socket.<init>(Socket.java:226)
D/WearableConn(  501): 	at btx.run(SourceFile:130)
D/WearableConn(  501): Caused by: libcore.io.ErrnoException: connect failed: ECONNREFUSED (Connection refused)
D/WearableConn(  501): 	at libcore.io.Posix.connect(Native Method)
D/WearableConn(  501): 	at libcore.io.BlockGuardOs.connect(BlockGuardOs.java:101)
D/WearableConn(  501): 	at libcore.io.IoBridge.connectErrno(IoBridge.java:127)
D/WearableConn(  501): 	at libcore.io.IoBridge.connect(IoBridge.java:112)
D/WearableConn(  501): 	... 5 more
D/WearableConn(  501): Socket closed
D/WearableConn(  501): Waiting 4.0 seconds to retry connection
W/RemoteResources(  466): unable to get resource strings
D/dalvikvm(  466): GC_FOR_ALLOC freed 1012K, 29% free 3503K/4876K, paused 24ms, total 30ms
I/ActivityManager(  345): START u0 {act=android.intent.action.MAIN flg=0x10000000 cmp=com.example.learning/.learningact} from pid 466 on display 0
E/gralloc_goldfish(   51): gralloc_alloc: Mismatched usage flags: 246 x 410, usage 333
W/GraphicBufferAllocator(   51): alloc(246, 410, 1, 00000333, ...) failed -22 (Invalid argument)
E/        (   51): GraphicBufferAlloc::createGraphicBuffer(w=246, h=410) failed (Invalid argument), handle=0x0
E/BufferQueue(  345): [ScreenshotClient] dequeueBuffer: SurfaceComposer::createGraphicBuffer failed
W/WindowManager(  345): Screenshot failure taking screenshot for (246x410) to layer 21000
D/rpctransport(  501): sendRpc: failed: 21
I/ActivityManager(  345): Start proc com.example.learning for activity com.example.learning/.learningact: pid=784 uid=10029 gids={50029, 1028, 1015}
D/dalvikvm(  784): Not late-enabling CheckJNI (already on)
D/AndroidRuntime(  784): Shutting down VM
W/dalvikvm(  784): threadid=1: thread exiting with uncaught exception (group=0xb3ab9d70)
E/AndroidRuntime(  784): FATAL EXCEPTION: main
E/AndroidRuntime(  784): Process: com.example.learning, PID: 784
E/AndroidRuntime(  784): java.lang.RuntimeException: Unable to start activity ComponentInfo{com.example.learning/com.example.learning.learningact}: java.lang.NullPointerException
E/AndroidRuntime(  784): 	at android.app.ActivityThread.performLaunchActivity(ActivityThread.java:2197)
E/AndroidRuntime(  784): 	at android.app.ActivityThread.handleLaunchActivity(ActivityThread.java:2258)
E/AndroidRuntime(  784): 	at android.app.ActivityThread.access$800(ActivityThread.java:138)
E/AndroidRuntime(  784): 	at android.app.ActivityThread$H.handleMessage(ActivityThread.java:1209)
E/AndroidRuntime(  784): 	at android.os.Handler.dispatchMessage(Handler.java:102)
E/AndroidRuntime(  784): 	at android.os.Looper.loop(Looper.java:136)
E/AndroidRuntime(  784): 	at android.app.ActivityThread.main(ActivityThread.java:5026)
E/AndroidRuntime(  784): 	at java.lang.reflect.Method.invokeNative(Native Method)
E/AndroidRuntime(  784): 	at java.lang.reflect.Method.invoke(Method.java:515)
E/AndroidRuntime(  784): 	at com.android.internal.os.ZygoteInit$MethodAndArgsCaller.run(ZygoteInit.java:777)
E/AndroidRuntime(  784): 	at com.android.internal.os.ZygoteInit.main(ZygoteInit.java:602)
E/AndroidRuntime(  784): 	at dalvik.system.NativeStart.main(Native Method)
E/AndroidRuntime(  784): Caused by: java.lang.NullPointerException
E/AndroidRuntime(  784): 	at com.example.learning.learningact.onCreate(learningact.java:20)
E/AndroidRuntime(  784): 	at android.app.Activity.performCreate(Activity.java:5242)
E/AndroidRuntime(  784): 	at android.app.Instrumentation.callActivityOnCreate(Instrumentation.java:1087)
E/AndroidRuntime(  784): 	at android.app.ActivityThread.performLaunchActivity(ActivityThread.java:2161)
E/AndroidRuntime(  784): 	... 11 more
W/ActivityManager(  345):   Force finishing activity com.example.learning/.learningact
E/gralloc_goldfish(   51): gralloc_alloc: Mismatched usage flags: 246 x 410, usage 333
W/GraphicBufferAllocator(   51): alloc(246, 410, 1, 00000333, ...) failed -22 (Invalid argument)
E/        (   51): GraphicBufferAlloc::createGraphicBuffer(w=246, h=410) failed (Invalid argument), handle=0x0
E/BufferQueue(  345): [ScreenshotClient] dequeueBuffer: SurfaceComposer::createGraphicBuffer failed
W/WindowManager(  345): Screenshot failure taking screenshot for (246x410) to layer 22005
D/dalvikvm(  345): GC_FOR_ALLOC freed 270K, 32% free 4450K/6492K, paused 49ms, total 52ms
I/dalvikvm-heap(  345): Grow heap (frag case) to 5.091MB for 635812-byte allocation
D/WearableConn(  501): Connecting via TCP to /10.0.2.2:5601
D/dalvikvm(  345): GC_FOR_ALLOC freed 32K, 23% free 5038K/6492K, paused 51ms, total 51ms
D/WearableConn(  501): Error writing to device
D/WearableConn(  501): java.net.ConnectException: failed to connect to /10.0.2.2 (port 5601): connect failed: ECONNREFUSED (Connection refused)
D/WearableConn(  501): 	at libcore.io.IoBridge.connect(IoBridge.java:114)
D/WearableConn(  501): 	at java.net.PlainSocketImpl.connect(PlainSocketImpl.java:192)
D/WearableConn(  501): 	at java.net.PlainSocketImpl.connect(PlainSocketImpl.java:172)
D/WearableConn(  501): 	at java.net.Socket.startupSocket(Socket.java:567)
D/WearableConn(  501): 	at java.net.Socket.<init>(Socket.java:226)
D/WearableConn(  501): 	at btx.run(SourceFile:130)
D/WearableConn(  501): Caused by: libcore.io.ErrnoException: connect failed: ECONNREFUSED (Connection refused)
D/WearableConn(  501): 	at libcore.io.Posix.connect(Native Method)
D/WearableConn(  501): 	at libcore.io.BlockGuardOs.connect(BlockGuardOs.java:101)
D/WearableConn(  501): 	at libcore.io.IoBridge.connectErrno(IoBridge.java:127)
D/WearableConn(  501): 	at libcore.io.IoBridge.connect(IoBridge.java:112)
D/WearableConn(  501): 	... 5 more
D/dalvikvm(  345): GC_CONCURRENT freed 61K, 24% free 4996K/6492K, paused 5ms+23ms, total 202ms
D/WearableConn(  501): Socket closed
D/WearableConn(  501): Waiting 4.0 seconds to retry connection
W/ActivityManager(  345): Activity pause timeout for ActivityRecord{b3e263e0 u0 com.example.learning/.learningact t5 f}
D/rpctransport(  501): sendRpc: failed: 22
W/EGL_emulation(  466): eglSurfaceAttrib not implemented
I/Process (  784): Sending signal. PID: 784 SIG: 9
W/InputMethodManagerService(  345): Window already focused, ignoring focus gain of: com.android.internal.view.IInputMethodClient$Stub$Proxy@b3efe400 attribute=null, token = android.os.BinderProxy@b3eae3d8
I/ActivityManager(  345): Process com.example.learning (pid 784) has died.
E/WindowState(  345): getStack: Window{b3e04158 u0 Starting com.example.learning} couldn't find taskId=5 Callers=com.android.server.wm.WindowState.getDisplayContent:721 com.android.server.wm.WindowState.getWindowList:1286 com.android.server.wm.WindowManagerService.removeWindowInnerLocked:2580 com.android.server.wm.WindowManagerService.removeWindowLocked:2481 
E/WindowState(  345): getStack: Window{b3e04158 u0 Starting com.example.learning} couldn't find taskId=5 Callers=com.android.server.wm.WindowState.getDisplayContent:721 com.android.server.wm.WindowManagerService.removeWindowInnerLocked:2585 com.android.server.wm.WindowManagerService.removeWindowLocked:2481 com.android.server.wm.WindowManagerService.removeWindow:2405 
D/WearableConn(  501): Connecting via TCP to /10.0.2.2:5601
D/WearableConn(  501): Error writing to device
D/WearableConn(  501): java.net.ConnectException: failed to connect to /10.0.2.2 (port 5601): connect failed: ECONNREFUSED (Connection refused)
D/WearableConn(  501): 	at libcore.io.IoBridge.connect(IoBridge.java:114)
D/WearableConn(  501): 	at java.net.PlainSocketImpl.connect(PlainSocketImpl.java:192)
D/WearableConn(  501): 	at java.net.PlainSocketImpl.connect(PlainSocketImpl.java:172)
D/WearableConn(  501): 	at java.net.Socket.startupSocket(Socket.java:567)
D/WearableConn(  501): 	at java.net.Socket.<init>(Socket.java:226)
D/WearableConn(  501): 	at btx.run(SourceFile:130)
D/WearableConn(  501): Caused by: libcore.io.ErrnoException: connect failed: ECONNREFUSED (Connection refused)
D/WearableConn(  501): 	at libcore.io.Posix.connect(Native Method)
D/WearableConn(  501): 	at libcore.io.BlockGuardOs.connect(BlockGuardOs.java:101)
D/WearableConn(  501): 	at libcore.io.IoBridge.connectErrno(IoBridge.java:127)
D/WearableConn(  501): 	at libcore.io.IoBridge.connect(IoBridge.java:112)
D/WearableConn(  501): 	... 5 more
D/WearableConn(  501): Socket closed
D/WearableConn(  501): Waiting 4.0 seconds to retry connection
D/WearableConn(  501): Connecting via TCP to /10.0.2.2:5601
D/WearableConn(  501): Error writing to device
D/WearableConn(  501): java.net.ConnectException: failed to connect to /10.0.2.2 (port 5601): connect failed: ECONNREFUSED (Connection refused)
D/WearableConn(  501): 	at libcore.io.IoBridge.connect(IoBridge.java:114)
D/WearableConn(  501): 	at java.net.PlainSocketImpl.connect(PlainSocketImpl.java:192)
D/WearableConn(  501): 	at java.net.PlainSocketImpl.connect(PlainSocketImpl.java:172)
D/WearableConn(  501): 	at java.net.Socket.startupSocket(Socket.java:567)
D/WearableConn(  501): 	at java.net.Socket.<init>(Socket.java:226)
D/WearableConn(  501): 	at btx.run(SourceFile:130)
D/WearableConn(  501): Caused by: libcore.io.ErrnoException: connect failed: ECONNREFUSED (Connection refused)
D/WearableConn(  501): 	at libcore.io.Posix.connect(Native Method)
D/WearableConn(  501): 	at libcore.io.BlockGuardOs.connect(BlockGuardOs.java:101)
D/WearableConn(  501): 	at libcore.io.IoBridge.connectErrno(IoBridge.java:127)
D/WearableConn(  501): 	at libcore.io.IoBridge.connect(IoBridge.java:112)
D/WearableConn(  501): 	... 5 more
D/WearableConn(  501): Socket closed
D/WearableConn(  501): Waiting 4.0 seconds to retry connection
D/WearableConn(  501): Connecting via TCP to /10.0.2.2:5601
D/WearableConn(  501): Error writing to device
D/WearableConn(  501): java.net.ConnectException: failed to connect to /10.0.2.2 (port 5601): connect failed: ECONNREFUSED (Connection refused)
D/WearableConn(  501): 	at libcore.io.IoBridge.connect(IoBridge.java:114)
D/WearableConn(  501): 	at java.net.PlainSocketImpl.connect(PlainSocketImpl.java:192)
D/WearableConn(  501): 	at java.net.PlainSocketImpl.connect(PlainSocketImpl.java:172)
D/WearableConn(  501): 	at java.net.Socket.startupSocket(Socket.java:567)
D/WearableConn(  501): 	at java.net.Socket.<init>(Socket.java:226)
D/WearableConn(  501): 	at btx.run(SourceFile:130)
D/WearableConn(  501): Caused by: libcore.io.ErrnoException: connect failed: ECONNREFUSED (Connection refused)
D/WearableConn(  501): 	at libcore.io.Posix.connect(Native Method)
D/WearableConn(  501): 	at libcore.io.BlockGuardOs.connect(BlockGuardOs.java:101)
D/WearableConn(  501): 	at libcore.io.IoBridge.connectErrno(IoBridge.java:127)
D/WearableConn(  501): 	at libcore.io.IoBridge.connect(IoBridge.java:112)
D/WearableConn(  501): 	... 5 more
D/WearableConn(  501): Socket closed
D/WearableConn(  501): Waiting 4.0 seconds to retry connection
D/WearableConn(  501): Connecting via TCP to /10.0.2.2:5601
D/WearableConn(  501): Error writing to device
D/WearableConn(  501): java.net.ConnectException: failed to connect to /10.0.2.2 (port 5601): connect failed: ECONNREFUSED (Connection refused)
D/WearableConn(  501): 	at libcore.io.IoBridge.connect(IoBridge.java:114)
D/WearableConn(  501): 	at java.net.PlainSocketImpl.connect(PlainSocketImpl.java:192)
D/WearableConn(  501): 	at java.net.PlainSocketImpl.connect(PlainSocketImpl.java:172)
D/WearableConn(  501): 	at java.net.Socket.startupSocket(Socket.java:567)
D/WearableConn(  501): 	at java.net.Socket.<init>(Socket.java:226)
D/WearableConn(  501): 	at btx.run(SourceFile:130)
D/WearableConn(  501): Caused by: libcore.io.ErrnoException: connect failed: ECONNREFUSED (Connection refused)
D/WearableConn(  501): 	at libcore.io.Posix.connect(Native Method)
D/WearableConn(  501): 	at libcore.io.BlockGuardOs.connect(BlockGuardOs.java:101)
D/WearableConn(  501): 	at libcore.io.IoBridge.connectErrno(IoBridge.java:127)
D/WearableConn(  501): 	at libcore.io.IoBridge.connect(IoBridge.java:112)
D/WearableConn(  501): 	... 5 more
D/WearableConn(  501): Socket closed
D/WearableConn(  501): Waiting 4.0 seconds to retry connection
D/WearableConn(  501): Connecting via TCP to /10.0.2.2:5601
D/WearableConn(  501): Error writing to device
D/WearableConn(  501): java.net.ConnectException: failed to connect to /10.0.2.2 (port 5601): connect failed: ECONNREFUSED (Connection refused)
D/WearableConn(  501): 	at libcore.io.IoBridge.connect(IoBridge.java:114)
D/WearableConn(  501): 	at java.net.PlainSocketImpl.connect(PlainSocketImpl.java:192)
D/WearableConn(  501): 	at java.net.PlainSocketImpl.connect(PlainSocketImpl.java:172)
D/WearableConn(  501): 	at java.net.Socket.startupSocket(Socket.java:567)
D/WearableConn(  501): 	at java.net.Socket.<init>(Socket.java:226)
D/WearableConn(  501): 	at btx.run(SourceFile:130)
D/WearableConn(  501): Caused by: libcore.io.ErrnoException: connect failed: ECONNREFUSED (Connection refused)
D/WearableConn(  501): 	at libcore.io.Posix.connect(Native Method)
D/WearableConn(  501): 	at libcore.io.BlockGuardOs.connect(BlockGuardOs.java:101)
D/WearableConn(  501): 	at libcore.io.IoBridge.connectErrno(IoBridge.java:127)
D/WearableConn(  501): 	at libcore.io.IoBridge.connect(IoBridge.java:112)
D/WearableConn(  501): 	... 5 more
D/WearableConn(  501): Socket closed
D/WearableConn(  501): Waiting 4.0 seconds to retry connection
D/WearableConn(  501): Connecting via TCP to /10.0.2.2:5601
D/WearableConn(  501): Error writing to device
D/WearableConn(  501): java.net.ConnectException: failed to connect to /10.0.2.2 (port 5601): connect failed: ECONNREFUSED (Connection refused)
D/WearableConn(  501): 	at libcore.io.IoBridge.connect(IoBridge.java:114)
D/WearableConn(  501): 	at java.net.PlainSocketImpl.connect(PlainSocketImpl.java:192)
D/WearableConn(  501): 	at java.net.PlainSocketImpl.connect(PlainSocketImpl.java:172)
D/WearableConn(  501): 	at java.net.Socket.startupSocket(Socket.java:567)
D/WearableConn(  501): 	at java.net.Socket.<init>(Socket.java:226)
D/WearableConn(  501): 	at btx.run(SourceFile:130)
D/WearableConn(  501): Caused by: libcore.io.ErrnoException: connect failed: ECONNREFUSED (Connection refused)
D/WearableConn(  501): 	at libcore.io.Posix.connect(Native Method)
D/WearableConn(  501): 	at libcore.io.BlockGuardOs.connect(BlockGuardOs.java:101)
D/WearableConn(  501): 	at libcore.io.IoBridge.connectErrno(IoBridge.java:127)
D/WearableConn(  501): 	at libcore.io.IoBridge.connect(IoBridge.java:112)
D/WearableConn(  501): 	... 5 more
D/WearableConn(  501): Socket closed
D/WearableConn(  501): Waiting 4.0 seconds to retry connection
D/WearableConn(  501): Connecting via TCP to /10.0.2.2:5601
D/WearableConn(  501): Error writing to device
D/WearableConn(  501): java.net.ConnectException: failed to connect to /10.0.2.2 (port 5601): connect failed: ECONNREFUSED (Connection refused)
D/WearableConn(  501): 	at libcore.io.IoBridge.connect(IoBridge.java:114)
D/WearableConn(  501): 	at java.net.PlainSocketImpl.connect(PlainSocketImpl.java:192)
D/WearableConn(  501): 	at java.net.PlainSocketImpl.connect(PlainSocketImpl.java:172)
D/WearableConn(  501): 	at java.net.Socket.startupSocket(Socket.java:567)
D/WearableConn(  501): 	at java.net.Socket.<init>(Socket.java:226)
D/WearableConn(  501): 	at btx.run(SourceFile:130)
D/WearableConn(  501): Caused by: libcore.io.ErrnoException: connect failed: ECONNREFUSED (Connection refused)
D/WearableConn(  501): 	at libcore.io.Posix.connect(Native Method)
D/WearableConn(  501): 	at libcore.io.BlockGuardOs.connect(BlockGuardOs.java:101)
D/WearableConn(  501): 	at libcore.io.IoBridge.connectErrno(IoBridge.java:127)
D/WearableConn(  501): 	at libcore.io.IoBridge.connect(IoBridge.java:112)
D/WearableConn(  501): 	... 5 more
D/WearableConn(  501): Socket closed
D/WearableConn(  501): Waiting 4.0 seconds to retry connection
D/WearableConn(  501): Connecting via TCP to /10.0.2.2:5601
D/WearableConn(  501): Error writing to device
D/WearableConn(  501): java.net.ConnectException: failed to connect to /10.0.2.2 (port 5601): connect failed: ECONNREFUSED (Connection refused)
D/WearableConn(  501): 	at libcore.io.IoBridge.connect(IoBridge.java:114)
D/WearableConn(  501): 	at java.net.PlainSocketImpl.connect(PlainSocketImpl.java:192)
D/WearableConn(  501): 	at java.net.PlainSocketImpl.connect(PlainSocketImpl.java:172)
D/WearableConn(  501): 	at java.net.Socket.startupSocket(Socket.java:567)
D/WearableConn(  501): 	at java.net.Socket.<init>(Socket.java:226)
D/WearableConn(  501): 	at btx.run(SourceFile:130)
D/WearableConn(  501): Caused by: libcore.io.ErrnoException: connect failed: ECONNREFUSED (Connection refused)
D/WearableConn(  501): 	at libcore.io.Posix.connect(Native Method)
D/WearableConn(  501): 	at libcore.io.BlockGuardOs.connect(BlockGuardOs.java:101)
D/WearableConn(  501): 	at libcore.io.IoBridge.connectErrno(IoBridge.java:127)
D/WearableConn(  501): 	at libcore.io.IoBridge.connect(IoBridge.java:112)
D/WearableConn(  501): 	... 5 more
D/WearableConn(  501): Socket closed
D/WearableConn(  501): Waiting 4.0 seconds to retry connection
D/WearableConn(  501): Connecting via TCP to /10.0.2.2:5601
D/WearableConn(  501): Error writing to device
D/WearableConn(  501): java.net.ConnectException: failed to connect to /10.0.2.2 (port 5601): connect failed: ECONNREFUSED (Connection refused)
D/WearableConn(  501): 	at libcore.io.IoBridge.connect(IoBridge.java:114)
D/WearableConn(  501): 	at java.net.PlainSocketImpl.connect(PlainSocketImpl.java:192)
D/WearableConn(  501): 	at java.net.PlainSocketImpl.connect(PlainSocketImpl.java:172)
D/WearableConn(  501): 	at java.net.Socket.startupSocket(Socket.java:567)
D/WearableConn(  501): 	at java.net.Socket.<init>(Socket.java:226)
D/WearableConn(  501): 	at btx.run(SourceFile:130)
D/WearableConn(  501): Caused by: libcore.io.ErrnoException: connect failed: ECONNREFUSED (Connection refused)
D/WearableConn(  501): 	at libcore.io.Posix.connect(Native Method)
D/WearableConn(  501): 	at libcore.io.BlockGuardOs.connect(BlockGuardOs.java:101)
D/WearableConn(  501): 	at libcore.io.IoBridge.connectErrno(IoBridge.java:127)
D/WearableConn(  501): 	at libcore.io.IoBridge.connect(IoBridge.java:112)
D/WearableConn(  501): 	... 5 more
D/WearableConn(  501): Socket closed
D/WearableConn(  501): Waiting 4.0 seconds to retry connection
D/dalvikvm(  345): GC_CONCURRENT freed 345K, 19% free 5275K/6492K, paused 12ms+5ms, total 78ms
D/WearableConn(  501): Connecting via TCP to /10.0.2.2:5601
D/WearableConn(  501): Error writing to device
D/WearableConn(  501): java.net.ConnectException: failed to connect to /10.0.2.2 (port 5601): connect failed: ECONNREFUSED (Connection refused)
D/WearableConn(  501): 	at libcore.io.IoBridge.connect(IoBridge.java:114)
D/WearableConn(  501): 	at java.net.PlainSocketImpl.connect(PlainSocketImpl.java:192)
D/WearableConn(  501): 	at java.net.PlainSocketImpl.connect(PlainSocketImpl.java:172)
D/WearableConn(  501): 	at java.net.Socket.startupSocket(Socket.java:567)
D/WearableConn(  501): 	at java.net.Socket.<init>(Socket.java:226)
D/WearableConn(  501): 	at btx.run(SourceFile:130)
D/WearableConn(  501): Caused by: libcore.io.ErrnoException: connect failed: ECONNREFUSED (Connection refused)
D/WearableConn(  501): 	at libcore.io.Posix.connect(Native Method)
D/WearableConn(  501): 	at libcore.io.BlockGuardOs.connect(BlockGuardOs.java:101)
D/WearableConn(  501): 	at libcore.io.IoBridge.connectErrno(IoBridge.java:127)
D/WearableConn(  501): 	at libcore.io.IoBridge.connect(IoBridge.java:112)
D/WearableConn(  501): 	... 5 more
D/WearableConn(  501): Socket closed
D/dalvikvm(  501): GC_CONCURRENT freed 405K, 19% free 2365K/2908K, paused 4ms+21ms, total 69ms
D/WearableConn(  501): Waiting 4.0 seconds to retry connection
D/WearableConn(  501): Connecting via TCP to /10.0.2.2:5601
D/WearableConn(  501): Error writing to device
D/WearableConn(  501): java.net.ConnectException: failed to connect to /10.0.2.2 (port 5601): connect failed: ECONNREFUSED (Connection refused)
D/WearableConn(  501): 	at libcore.io.IoBridge.connect(IoBridge.java:114)
D/WearableConn(  501): 	at java.net.PlainSocketImpl.connect(PlainSocketImpl.java:192)
D/WearableConn(  501): 	at java.net.PlainSocketImpl.connect(PlainSocketImpl.java:172)
D/WearableConn(  501): 	at java.net.Socket.startupSocket(Socket.java:567)
D/WearableConn(  501): 	at java.net.Socket.<init>(Socket.java:226)
D/WearableConn(  501): 	at btx.run(SourceFile:130)
D/WearableConn(  501): Caused by: libcore.io.ErrnoException: connect failed: ECONNREFUSED (Connection refused)
D/WearableConn(  501): 	at libcore.io.Posix.connect(Native Method)
D/WearableConn(  501): 	at libcore.io.BlockGuardOs.connect(BlockGuardOs.java:101)
D/WearableConn(  501): 	at libcore.io.IoBridge.connectErrno(IoBridge.java:127)
D/WearableConn(  501): 	at libcore.io.IoBridge.connect(IoBridge.java:112)
D/WearableConn(  501): 	... 5 more
D/WearableConn(  501): Socket closed
D/WearableConn(  501): Waiting 4.0 seconds to retry connection
D/WearableConn(  501): Connecting via TCP to /10.0.2.2:5601
D/WearableConn(  501): Error writing to device
D/WearableConn(  501): java.net.ConnectException: failed to connect to /10.0.2.2 (port 5601): connect failed: ECONNREFUSED (Connection refused)
D/WearableConn(  501): 	at libcore.io.IoBridge.connect(IoBridge.java:114)
D/WearableConn(  501): 	at java.net.PlainSocketImpl.connect(PlainSocketImpl.java:192)
D/WearableConn(  501): 	at java.net.PlainSocketImpl.connect(PlainSocketImpl.java:172)
D/WearableConn(  501): 	at java.net.Socket.startupSocket(Socket.java:567)
D/WearableConn(  501): 	at java.net.Socket.<init>(Socket.java:226)
D/WearableConn(  501): 	at btx.run(SourceFile:130)
D/WearableConn(  501): Caused by: libcore.io.ErrnoException: connect failed: ECONNREFUSED (Connection refused)
D/WearableConn(  501): 	at libcore.io.Posix.connect(Native Method)
D/WearableConn(  501): 	at libcore.io.BlockGuardOs.connect(BlockGuardOs.java:101)
D/WearableConn(  501): 	at libcore.io.IoBridge.connectErrno(IoBridge.java:127)
D/WearableConn(  501): 	at libcore.io.IoBridge.connect(IoBridge.java:112)
D/WearableConn(  501): 	... 5 more
D/WearableConn(  501): Socket closed
D/WearableConn(  501): Waiting 4.0 seconds to retry connection
D/WearableConn(  501): Connecting via TCP to /10.0.2.2:5601
D/WearableConn(  501): Error writing to device
D/WearableConn(  501): java.net.ConnectException: failed to connect to /10.0.2.2 (port 5601): connect failed: ECONNREFUSED (Connection refused)
D/WearableConn(  501): 	at libcore.io.IoBridge.connect(IoBridge.java:114)
D/WearableConn(  501): 	at java.net.PlainSocketImpl.connect(PlainSocketImpl.java:192)
D/WearableConn(  501): 	at java.net.PlainSocketImpl.connect(PlainSocketImpl.java:172)
D/WearableConn(  501): 	at java.net.Socket.startupSocket(Socket.java:567)
D/WearableConn(  501): 	at java.net.Socket.<init>(Socket.java:226)
D/WearableConn(  501): 	at btx.run(SourceFile:130)
D/WearableConn(  501): Caused by: libcore.io.ErrnoException: connect failed: ECONNREFUSED (Connection refused)
D/WearableConn(  501): 	at libcore.io.Posix.connect(Native Method)
D/WearableConn(  501): 	at libcore.io.BlockGuardOs.connect(BlockGuardOs.java:101)
D/WearableConn(  501): 	at libcore.io.IoBridge.connectErrno(IoBridge.java:127)
D/WearableConn(  501): 	at libcore.io.IoBridge.connect(IoBridge.java:112)
D/WearableConn(  501): 	... 5 more
D/WearableConn(  501): Socket closed
D/WearableConn(  501): Waiting 4.0 seconds to retry connection
D/WearableConn(  501): Connecting via TCP to /10.0.2.2:5601
D/WearableConn(  501): Error writing to device
D/WearableConn(  501): java.net.ConnectException: failed to connect to /10.0.2.2 (port 5601): connect failed: ECONNREFUSED (Connection refused)
D/WearableConn(  501): 	at libcore.io.IoBridge.connect(IoBridge.java:114)
D/WearableConn(  501): 	at java.net.PlainSocketImpl.connect(PlainSocketImpl.java:192)
D/WearableConn(  501): 	at java.net.PlainSocketImpl.connect(PlainSocketImpl.java:172)
D/WearableConn(  501): 	at java.net.Socket.startupSocket(Socket.java:567)
D/WearableConn(  501): 	at java.net.Socket.<init>(Socket.java:226)
D/WearableConn(  501): 	at btx.run(SourceFile:130)
D/WearableConn(  501): Caused by: libcore.io.ErrnoException: connect failed: ECONNREFUSED (Connection refused)
D/WearableConn(  501): 	at libcore.io.Posix.connect(Native Method)
D/WearableConn(  501): 	at libcore.io.BlockGuardOs.connect(BlockGuardOs.java:101)
D/WearableConn(  501): 	at libcore.io.IoBridge.connectErrno(IoBridge.java:127)
D/WearableConn(  501): 	at libcore.io.IoBridge.connect(IoBridge.java:112)
D/WearableConn(  501): 	... 5 more
D/WearableConn(  501): Socket closed
D/WearableConn(  501): Waiting 4.0 seconds to retry connection
D/WearableConn(  501): Connecting via TCP to /10.0.2.2:5601
D/WearableConn(  501): Error writing to device
D/WearableConn(  501): java.net.ConnectException: failed to connect to /10.0.2.2 (port 5601): connect failed: ECONNREFUSED (Connection refused)
D/WearableConn(  501): 	at libcore.io.IoBridge.connect(IoBridge.java:114)
D/WearableConn(  501): 	at java.net.PlainSocketImpl.connect(PlainSocketImpl.java:192)
D/WearableConn(  501): 	at java.net.PlainSocketImpl.connect(PlainSocketImpl.java:172)
D/WearableConn(  501): 	at java.net.Socket.startupSocket(Socket.java:567)
D/WearableConn(  501): 	at java.net.Socket.<init>(Socket.java:226)
D/WearableConn(  501): 	at btx.run(SourceFile:130)
D/WearableConn(  501): Caused by: libcore.io.ErrnoException: connect failed: ECONNREFUSED (Connection refused)
D/WearableConn(  501): 	at libcore.io.Posix.connect(Native Method)
D/WearableConn(  501): 	at libcore.io.BlockGuardOs.connect(BlockGuardOs.java:101)
D/WearableConn(  501): 	at libcore.io.IoBridge.connectErrno(IoBridge.java:127)
D/WearableConn(  501): 	at libcore.io.IoBridge.connect(IoBridge.java:112)
D/WearableConn(  501): 	... 5 more
D/WearableConn(  501): Socket closed
D/WearableConn(  501): Waiting 4.0 seconds to retry connection
D/dalvikvm(  466): GC_CONCURRENT freed 633K, 33% free 3281K/4876K, paused 2ms+4ms, total 75ms
D/WearableConn(  501): Connecting via TCP to /10.0.2.2:5601
D/WearableConn(  501): Error writing to device
D/WearableConn(  501): java.net.ConnectException: failed to connect to /10.0.2.2 (port 5601): connect failed: ECONNREFUSED (Connection refused)
D/WearableConn(  501): 	at libcore.io.IoBridge.connect(IoBridge.java:114)
D/WearableConn(  501): 	at java.net.PlainSocketImpl.connect(PlainSocketImpl.java:192)
D/WearableConn(  501): 	at java.net.PlainSocketImpl.connect(PlainSocketImpl.java:172)
D/WearableConn(  501): 	at java.net.Socket.startupSocket(Socket.java:567)
D/WearableConn(  501): 	at java.net.Socket.<init>(Socket.java:226)
D/WearableConn(  501): 	at btx.run(SourceFile:130)
D/WearableConn(  501): Caused by: libcore.io.ErrnoException: connect failed: ECONNREFUSED (Connection refused)
D/WearableConn(  501): 	at libcore.io.Posix.connect(Native Method)
D/WearableConn(  501): 	at libcore.io.BlockGuardOs.connect(BlockGuardOs.java:101)
D/WearableConn(  501): 	at libcore.io.IoBridge.connectErrno(IoBridge.java:127)
D/WearableConn(  501): 	at libcore.io.IoBridge.connect(IoBridge.java:112)
D/WearableConn(  501): 	... 5 more
D/WearableConn(  501): Socket closed
D/WearableConn(  501): Waiting 4.0 seconds to retry connection
D/WearableConn(  501): Connecting via TCP to /10.0.2.2:5601
D/WearableConn(  501): Error writing to device
D/WearableConn(  501): java.net.ConnectException: failed to connect to /10.0.2.2 (port 5601): connect failed: ECONNREFUSED (Connection refused)
D/WearableConn(  501): 	at libcore.io.IoBridge.connect(IoBridge.java:114)
D/WearableConn(  501): 	at java.net.PlainSocketImpl.connect(PlainSocketImpl.java:192)
D/WearableConn(  501): 	at java.net.PlainSocketImpl.connect(PlainSocketImpl.java:172)
D/WearableConn(  501): 	at java.net.Socket.startupSocket(Socket.java:567)
D/WearableConn(  501): 	at java.net.Socket.<init>(Socket.java:226)
D/WearableConn(  501): 	at btx.run(SourceFile:130)
D/WearableConn(  501): Caused by: libcore.io.ErrnoException: connect failed: ECONNREFUSED (Connection refused)
D/WearableConn(  501): 	at libcore.io.Posix.connect(Native Method)
D/WearableConn(  501): 	at libcore.io.BlockGuardOs.connect(BlockGuardOs.java:101)
D/WearableConn(  501): 	at libcore.io.IoBridge.connectErrno(IoBridge.java:127)
D/WearableConn(  501): 	at libcore.io.IoBridge.connect(IoBridge.java:112)
D/WearableConn(  501): 	... 5 more
D/WearableConn(  501): Socket closed
D/WearableConn(  501): Waiting 4.0 seconds to retry connection
D/WearableConn(  501): Connecting via TCP to /10.0.2.2:5601
D/WearableConn(  501): Error writing to device
D/WearableConn(  501): java.net.ConnectException: failed to connect to /10.0.2.2 (port 5601): connect failed: ECONNREFUSED (Connection refused)
D/WearableConn(  501): 	at libcore.io.IoBridge.connect(IoBridge.java:114)
D/WearableConn(  501): 	at java.net.PlainSocketImpl.connect(PlainSocketImpl.java:192)
D/WearableConn(  501): 	at java.net.PlainSocketImpl.connect(PlainSocketImpl.java:172)
D/WearableConn(  501): 	at java.net.Socket.startupSocket(Socket.java:567)
D/WearableConn(  501): 	at java.net.Socket.<init>(Socket.java:226)
D/WearableConn(  501): 	at btx.run(SourceFile:130)
D/WearableConn(  501): Caused by: libcore.io.ErrnoException: connect failed: ECONNREFUSED (Connection refused)
D/WearableConn(  501): 	at libcore.io.Posix.connect(Native Method)
D/WearableConn(  501): 	at libcore.io.BlockGuardOs.connect(BlockGuardOs.java:101)
D/WearableConn(  501): 	at libcore.io.IoBridge.connectErrno(IoBridge.java:127)
D/WearableConn(  501): 	at libcore.io.IoBridge.connect(IoBridge.java:112)
D/WearableConn(  501): 	... 5 more
D/WearableConn(  501): Socket closed
D/WearableConn(  501): Waiting 4.0 seconds to retry connection
D/WearableConn(  501): Connecting via TCP to /10.0.2.2:5601
D/WearableConn(  501): Error writing to device
D/WearableConn(  501): java.net.ConnectException: failed to connect to /10.0.2.2 (port 5601): connect failed: ECONNREFUSED (Connection refused)
D/WearableConn(  501): 	at libcore.io.IoBridge.connect(IoBridge.java:114)
D/WearableConn(  501): 	at java.net.PlainSocketImpl.connect(PlainSocketImpl.java:192)
D/WearableConn(  501): 	at java.net.PlainSocketImpl.connect(PlainSocketImpl.java:172)
D/WearableConn(  501): 	at java.net.Socket.startupSocket(Socket.java:567)
D/WearableConn(  501): 	at java.net.Socket.<init>(Socket.java:226)
D/WearableConn(  501): 	at btx.run(SourceFile:130)
D/WearableConn(  501): Caused by: libcore.io.ErrnoException: connect failed: ECONNREFUSED (Connection refused)
D/WearableConn(  501): 	at libcore.io.Posix.connect(Native Method)
D/WearableConn(  501): 	at libcore.io.BlockGuardOs.connect(BlockGuardOs.java:101)
D/WearableConn(  501): 	at libcore.io.IoBridge.connectErrno(IoBridge.java:127)
D/WearableConn(  501): 	at libcore.io.IoBridge.connect(IoBridge.java:112)
D/WearableConn(  501): 	... 5 more
D/WearableConn(  501): Socket closed
D/WearableConn(  501): Waiting 4.0 seconds to retry connection
D/WearableConn(  501): Connecting via TCP to /10.0.2.2:5601
D/WearableConn(  501): Error writing to device
D/WearableConn(  501): java.net.ConnectException: failed to connect to /10.0.2.2 (port 5601): connect failed: ECONNREFUSED (Connection refused)
D/WearableConn(  501): 	at libcore.io.IoBridge.connect(IoBridge.java:114)
D/WearableConn(  501): 	at java.net.PlainSocketImpl.connect(PlainSocketImpl.java:192)
D/WearableConn(  501): 	at java.net.PlainSocketImpl.connect(PlainSocketImpl.java:172)
D/WearableConn(  501): 	at java.net.Socket.startupSocket(Socket.java:567)
D/WearableConn(  501): 	at java.net.Socket.<init>(Socket.java:226)
D/WearableConn(  501): 	at btx.run(SourceFile:130)
D/WearableConn(  501): Caused by: libcore.io.ErrnoException: connect failed: ECONNREFUSED (Connection refused)
