D/WearableConn(  501): java.net.ConnectException: failed to connect to /10.0.2.2 (port 5601): connect failed: ECONNREFUSED (Connection refused)
D/WearableConn(  501): 	at libcore.io.IoBridge.connect(IoBridge.java:114)
D/WearableConn(  501): 	at java.net.PlainSocketImpl.connect(PlainSocketImpl.java:192)
D/WearableConn(  501): 	at java.net.PlainSocketImpl.connect(PlainSocketImpl.java:172)
D/WearableConn(  501): 	at java.net.Socket.startupSocket(Socket.java:567)
D/WearableConn(  501): 	at java.net.Socket.<init>(Socket.java:226)
D/WearableConn(  501): 	at btx.run(SourceFile:130)
D/WearableConn(  501): Caused by: libcore.io.ErrnoException: connect failed: ECONNREFUSED (Connection refused)
D/WearableConn(  501): 	at libcore.io.Posix.connect(Native Method)
D/WearableConn(  501): 	at libcore.io.BlockGuardOs.connect(BlockGuardOs.java:101)
D/WearableConn(  501): 	at libcore.io.IoBridge.connectErrno(IoBridge.java:127)
D/WearableConn(  501): 	at libcore.io.IoBridge.connect(IoBridge.java:112)
D/WearableConn(  501): 	... 5 more
D/WearableConn(  501): Socket closed
D/WearableConn(  501): Waiting 4.0 seconds to retry connection
D/WearableConn(  501): Connecting via TCP to /10.0.2.2:5601
D/WearableConn(  501): Error writing to device
D/WearableConn(  501): java.net.ConnectException: failed to connect to /10.0.2.2 (port 5601): connect failed: ECONNREFUSED (Connection refused)
D/WearableConn(  501): 	at libcore.io.IoBridge.connect(IoBridge.java:114)
D/WearableConn(  501): 	at java.net.PlainSocketImpl.connect(PlainSocketImpl.java:192)
D/WearableConn(  501): 	at java.net.PlainSocketImpl.connect(PlainSocketImpl.java:172)
D/WearableConn(  501): 	at java.net.Socket.startupSocket(Socket.java:567)
D/WearableConn(  501): 	at java.net.Socket.<init>(Socket.java:226)
D/WearableConn(  501): 	at btx.run(SourceFile:130)
D/WearableConn(  501): Caused by: libcore.io.ErrnoException: connect failed: ECONNREFUSED (Connection refused)
D/WearableConn(  501): 	at libcore.io.Posix.connect(Native Method)
D/WearableConn(  501): 	at libcore.io.BlockGuardOs.connect(BlockGuardOs.java:101)
D/WearableConn(  501): 	at libcore.io.IoBridge.connectErrno(IoBridge.java:127)
D/WearableConn(  501): 	at libcore.io.IoBridge.connect(IoBridge.java:112)
D/WearableConn(  501): 	... 5 more
D/WearableConn(  501): Socket closed
D/WearableConn(  501): Waiting 4.0 seconds to retry connection
D/dalvikvm(  501): GC_CONCURRENT freed 400K, 19% free 2365K/2904K, paused 4ms+2ms, total 83ms
D/ConnectivityService(  345): Sampling interval elapsed, updating statistics ..
D/ConnectivityService(  345): Done.
D/ConnectivityService(  345): Setting timer for 720seconds
D/dalvikvm(  345): GC_CONCURRENT freed 781K, 31% free 4647K/6712K, paused 6ms+4ms, total 77ms
D/WearableConn(  501): Connecting via TCP to /10.0.2.2:5601
D/WearableConn(  501): Error writing to device
D/WearableConn(  501): java.net.ConnectException: failed to connect to /10.0.2.2 (port 5601): connect failed: ECONNREFUSED (Connection refused)
D/WearableConn(  501): 	at libcore.io.IoBridge.connect(IoBridge.java:114)
D/WearableConn(  501): 	at java.net.PlainSocketImpl.connect(PlainSocketImpl.java:192)
D/WearableConn(  501): 	at java.net.PlainSocketImpl.connect(PlainSocketImpl.java:172)
D/WearableConn(  501): 	at java.net.Socket.startupSocket(Socket.java:567)
D/WearableConn(  501): 	at java.net.Socket.<init>(Socket.java:226)
D/WearableConn(  501): 	at btx.run(SourceFile:130)
D/WearableConn(  501): Caused by: libcore.io.ErrnoException: connect failed: ECONNREFUSED (Connection refused)
D/WearableConn(  501): 	at libcore.io.Posix.connect(Native Method)
D/WearableConn(  501): 	at libcore.io.BlockGuardOs.connect(BlockGuardOs.java:101)
D/WearableConn(  501): 	at libcore.io.IoBridge.connectErrno(IoBridge.java:127)
D/WearableConn(  501): 	at libcore.io.IoBridge.connect(IoBridge.java:112)
D/WearableConn(  501): 	... 5 more
D/WearableConn(  501): Socket closed
D/WearableConn(  501): Waiting 4.0 seconds to retry connection
D/WearableConn(  501): Connecting via TCP to /10.0.2.2:5601
D/WearableConn(  501): Error writing to device
D/WearableConn(  501): java.net.ConnectException: failed to connect to /10.0.2.2 (port 5601): connect failed: ECONNREFUSED (Connection refused)
D/WearableConn(  501): 	at libcore.io.IoBridge.connect(IoBridge.java:114)
D/WearableConn(  501): 	at java.net.PlainSocketImpl.connect(PlainSocketImpl.java:192)
D/WearableConn(  501): 	at java.net.PlainSocketImpl.connect(PlainSocketImpl.java:172)
D/WearableConn(  501): 	at java.net.Socket.startupSocket(Socket.java:567)
D/WearableConn(  501): 	at java.net.Socket.<init>(Socket.java:226)
D/WearableConn(  501): 	at btx.run(SourceFile:130)
D/WearableConn(  501): Caused by: libcore.io.ErrnoException: connect failed: ECONNREFUSED (Connection refused)
D/WearableConn(  501): 	at libcore.io.Posix.connect(Native Method)
D/WearableConn(  501): 	at libcore.io.BlockGuardOs.connect(BlockGuardOs.java:101)
D/WearableConn(  501): 	at libcore.io.IoBridge.connectErrno(IoBridge.java:127)
D/WearableConn(  501): 	at libcore.io.IoBridge.connect(IoBridge.java:112)
D/WearableConn(  501): 	... 5 more
D/WearableConn(  501): Socket closed
D/WearableConn(  501): Waiting 4.0 seconds to retry connection
D/WearableConn(  501): Connecting via TCP to /10.0.2.2:5601
D/WearableConn(  501): Error writing to device
D/WearableConn(  501): java.net.ConnectException: failed to connect to /10.0.2.2 (port 5601): connect failed: ECONNREFUSED (Connection refused)
D/WearableConn(  501): 	at libcore.io.IoBridge.connect(IoBridge.java:114)
D/WearableConn(  501): 	at java.net.PlainSocketImpl.connect(PlainSocketImpl.java:192)
D/WearableConn(  501): 	at java.net.PlainSocketImpl.connect(PlainSocketImpl.java:172)
D/WearableConn(  501): 	at java.net.Socket.startupSocket(Socket.java:567)
D/WearableConn(  501): 	at java.net.Socket.<init>(Socket.java:226)
D/WearableConn(  501): 	at btx.run(SourceFile:130)
D/WearableConn(  501): Caused by: libcore.io.ErrnoException: connect failed: ECONNREFUSED (Connection refused)
D/WearableConn(  501): 	at libcore.io.Posix.connect(Native Method)
D/WearableConn(  501): 	at libcore.io.BlockGuardOs.connect(BlockGuardOs.java:101)
D/WearableConn(  501): 	at libcore.io.IoBridge.connectErrno(IoBridge.java:127)
D/WearableConn(  501): 	at libcore.io.IoBridge.connect(IoBridge.java:112)
D/WearableConn(  501): 	... 5 more
D/WearableConn(  501): Socket closed
D/WearableConn(  501): Waiting 4.0 seconds to retry connection
D/dalvikvm(  466): GC_CONCURRENT freed 392K, 32% free 3283K/4804K, paused 4ms+5ms, total 96ms
D/WearableConn(  501): Connecting via TCP to /10.0.2.2:5601
D/WearableConn(  501): Error writing to device
D/WearableConn(  501): java.net.ConnectException: failed to connect to /10.0.2.2 (port 5601): connect failed: ECONNREFUSED (Connection refused)
D/WearableConn(  501): 	at libcore.io.IoBridge.connect(IoBridge.java:114)
D/WearableConn(  501): 	at java.net.PlainSocketImpl.connect(PlainSocketImpl.java:192)
D/WearableConn(  501): 	at java.net.PlainSocketImpl.connect(PlainSocketImpl.java:172)
D/WearableConn(  501): 	at java.net.Socket.startupSocket(Socket.java:567)
D/WearableConn(  501): 	at java.net.Socket.<init>(Socket.java:226)
D/WearableConn(  501): 	at btx.run(SourceFile:130)
D/WearableConn(  501): Caused by: libcore.io.ErrnoException: connect failed: ECONNREFUSED (Connection refused)
D/WearableConn(  501): 	at libcore.io.Posix.connect(Native Method)
D/WearableConn(  501): 	at libcore.io.BlockGuardOs.connect(BlockGuardOs.java:101)
D/WearableConn(  501): 	at libcore.io.IoBridge.connectErrno(IoBridge.java:127)
D/WearableConn(  501): 	at libcore.io.IoBridge.connect(IoBridge.java:112)
D/WearableConn(  501): 	... 5 more
D/WearableConn(  501): Socket closed
D/WearableConn(  501): Waiting 4.0 seconds to retry connection
D/WearableConn(  501): Connecting via TCP to /10.0.2.2:5601
D/WearableConn(  501): Error writing to device
D/WearableConn(  501): java.net.ConnectException: failed to connect to /10.0.2.2 (port 5601): connect failed: ECONNREFUSED (Connection refused)
D/WearableConn(  501): 	at libcore.io.IoBridge.connect(IoBridge.java:114)
D/WearableConn(  501): 	at java.net.PlainSocketImpl.connect(PlainSocketImpl.java:192)
D/WearableConn(  501): 	at java.net.PlainSocketImpl.connect(PlainSocketImpl.java:172)
D/WearableConn(  501): 	at java.net.Socket.startupSocket(Socket.java:567)
D/WearableConn(  501): 	at java.net.Socket.<init>(Socket.java:226)
D/WearableConn(  501): 	at btx.run(SourceFile:130)
D/WearableConn(  501): Caused by: libcore.io.ErrnoException: connect failed: ECONNREFUSED (Connection refused)
D/WearableConn(  501): 	at libcore.io.Posix.connect(Native Method)
D/WearableConn(  501): 	at libcore.io.BlockGuardOs.connect(BlockGuardOs.java:101)
D/WearableConn(  501): 	at libcore.io.IoBridge.connectErrno(IoBridge.java:127)
D/WearableConn(  501): 	at libcore.io.IoBridge.connect(IoBridge.java:112)
D/WearableConn(  501): 	... 5 more
D/WearableConn(  501): Socket closed
D/WearableConn(  501): Waiting 4.0 seconds to retry connection
D/WearableConn(  501): Connecting via TCP to /10.0.2.2:5601
D/WearableConn(  501): Error writing to device
D/WearableConn(  501): java.net.ConnectException: failed to connect to /10.0.2.2 (port 5601): connect failed: ECONNREFUSED (Connection refused)
D/WearableConn(  501): 	at libcore.io.IoBridge.connect(IoBridge.java:114)
D/WearableConn(  501): 	at java.net.PlainSocketImpl.connect(PlainSocketImpl.java:192)
D/WearableConn(  501): 	at java.net.PlainSocketImpl.connect(PlainSocketImpl.java:172)
D/WearableConn(  501): 	at java.net.Socket.startupSocket(Socket.java:567)
D/WearableConn(  501): 	at java.net.Socket.<init>(Socket.java:226)
D/WearableConn(  501): 	at btx.run(SourceFile:130)
D/WearableConn(  501): Caused by: libcore.io.ErrnoException: connect failed: ECONNREFUSED (Connection refused)
D/WearableConn(  501): 	at libcore.io.Posix.connect(Native Method)
D/WearableConn(  501): 	at libcore.io.BlockGuardOs.connect(BlockGuardOs.java:101)
D/WearableConn(  501): 	at libcore.io.IoBridge.connectErrno(IoBridge.java:127)
D/WearableConn(  501): 	at libcore.io.IoBridge.connect(IoBridge.java:112)
D/WearableConn(  501): 	... 5 more
D/WearableConn(  501): Socket closed
D/WearableConn(  501): Waiting 4.0 seconds to retry connection
D/WearableConn(  501): Connecting via TCP to /10.0.2.2:5601
D/WearableConn(  501): Error writing to device
D/WearableConn(  501): java.net.ConnectException: failed to connect to /10.0.2.2 (port 5601): connect failed: ECONNREFUSED (Connection refused)
D/WearableConn(  501): 	at libcore.io.IoBridge.connect(IoBridge.java:114)
D/WearableConn(  501): 	at java.net.PlainSocketImpl.connect(PlainSocketImpl.java:192)
D/WearableConn(  501): 	at java.net.PlainSocketImpl.connect(PlainSocketImpl.java:172)
D/WearableConn(  501): 	at java.net.Socket.startupSocket(Socket.java:567)
D/WearableConn(  501): 	at java.net.Socket.<init>(Socket.java:226)
D/WearableConn(  501): 	at btx.run(SourceFile:130)
D/WearableConn(  501): Caused by: libcore.io.ErrnoException: connect failed: ECONNREFUSED (Connection refused)
D/WearableConn(  501): 	at libcore.io.Posix.connect(Native Method)
D/WearableConn(  501): 	at libcore.io.BlockGuardOs.connect(BlockGuardOs.java:101)
D/WearableConn(  501): 	at libcore.io.IoBridge.connectErrno(IoBridge.java:127)
D/WearableConn(  501): 	at libcore.io.IoBridge.connect(IoBridge.java:112)
D/WearableConn(  501): 	... 5 more
D/WearableConn(  501): Socket closed
D/WearableConn(  501): Waiting 4.0 seconds to retry connection
D/WearableConn(  501): Connecting via TCP to /10.0.2.2:5601
D/WearableConn(  501): Error writing to device
D/WearableConn(  501): java.net.ConnectException: failed to connect to /10.0.2.2 (port 5601): connect failed: ECONNREFUSED (Connection refused)
D/WearableConn(  501): 	at libcore.io.IoBridge.connect(IoBridge.java:114)
D/WearableConn(  501): 	at java.net.PlainSocketImpl.connect(PlainSocketImpl.java:192)
D/WearableConn(  501): 	at java.net.PlainSocketImpl.connect(PlainSocketImpl.java:172)
D/WearableConn(  501): 	at java.net.Socket.startupSocket(Socket.java:567)
D/WearableConn(  501): 	at java.net.Socket.<init>(Socket.java:226)
D/WearableConn(  501): 	at btx.run(SourceFile:130)
D/WearableConn(  501): Caused by: libcore.io.ErrnoException: connect failed: ECONNREFUSED (Connection refused)
D/WearableConn(  501): 	at libcore.io.Posix.connect(Native Method)
D/WearableConn(  501): 	at libcore.io.BlockGuardOs.connect(BlockGuardOs.java:101)
D/WearableConn(  501): 	at libcore.io.IoBridge.connectErrno(IoBridge.java:127)
D/WearableConn(  501): 	at libcore.io.IoBridge.connect(IoBridge.java:112)
D/WearableConn(  501): 	... 5 more
D/WearableConn(  501): Socket closed
D/WearableConn(  501): Waiting 4.0 seconds to retry connection
D/WearableConn(  501): Connecting via TCP to /10.0.2.2:5601
D/WearableConn(  501): Error writing to device
D/WearableConn(  501): java.net.ConnectException: failed to connect to /10.0.2.2 (port 5601): connect failed: ECONNREFUSED (Connection refused)
D/WearableConn(  501): 	at libcore.io.IoBridge.connect(IoBridge.java:114)
D/WearableConn(  501): 	at java.net.PlainSocketImpl.connect(PlainSocketImpl.java:192)
D/WearableConn(  501): 	at java.net.PlainSocketImpl.connect(PlainSocketImpl.java:172)
D/WearableConn(  501): 	at java.net.Socket.startupSocket(Socket.java:567)
D/WearableConn(  501): 	at java.net.Socket.<init>(Socket.java:226)
D/WearableConn(  501): 	at btx.run(SourceFile:130)
D/WearableConn(  501): Caused by: libcore.io.ErrnoException: connect failed: ECONNREFUSED (Connection refused)
D/WearableConn(  501): 	at libcore.io.Posix.connect(Native Method)
D/WearableConn(  501): 	at libcore.io.BlockGuardOs.connect(BlockGuardOs.java:101)
D/WearableConn(  501): 	at libcore.io.IoBridge.connectErrno(IoBridge.java:127)
D/WearableConn(  501): 	at libcore.io.IoBridge.connect(IoBridge.java:112)
D/WearableConn(  501): 	... 5 more
D/WearableConn(  501): Socket closed
D/WearableConn(  501): Waiting 4.0 seconds to retry connection
D/WearableConn(  501): Connecting via TCP to /10.0.2.2:5601
D/WearableConn(  501): Error writing to device
D/WearableConn(  501): java.net.ConnectException: failed to connect to /10.0.2.2 (port 5601): connect failed: ECONNREFUSED (Connection refused)
D/WearableConn(  501): 	at libcore.io.IoBridge.connect(IoBridge.java:114)
D/WearableConn(  501): 	at java.net.PlainSocketImpl.connect(PlainSocketImpl.java:192)
D/WearableConn(  501): 	at java.net.PlainSocketImpl.connect(PlainSocketImpl.java:172)
D/WearableConn(  501): 	at java.net.Socket.startupSocket(Socket.java:567)
D/WearableConn(  501): 	at java.net.Socket.<init>(Socket.java:226)
D/WearableConn(  501): 	at btx.run(SourceFile:130)
D/WearableConn(  501): Caused by: libcore.io.ErrnoException: connect failed: ECONNREFUSED (Connection refused)
D/WearableConn(  501): 	at libcore.io.Posix.connect(Native Method)
D/WearableConn(  501): 	at libcore.io.BlockGuardOs.connect(BlockGuardOs.java:101)
D/WearableConn(  501): 	at libcore.io.IoBridge.connectErrno(IoBridge.java:127)
D/WearableConn(  501): 	at libcore.io.IoBridge.connect(IoBridge.java:112)
D/WearableConn(  501): 	... 5 more
D/WearableConn(  501): Socket closed
D/WearableConn(  501): Waiting 4.0 seconds to retry connection
D/dalvikvm(  345): GC_CONCURRENT freed 313K, 28% free 4870K/6708K, paused 13ms+10ms, total 73ms
D/WearableConn(  501): Connecting via TCP to /10.0.2.2:5601
D/WearableConn(  501): Error writing to device
D/WearableConn(  501): java.net.ConnectException: failed to connect to /10.0.2.2 (port 5601): connect failed: ECONNREFUSED (Connection refused)
D/WearableConn(  501): 	at libcore.io.IoBridge.connect(IoBridge.java:114)
D/WearableConn(  501): 	at java.net.PlainSocketImpl.connect(PlainSocketImpl.java:192)
D/WearableConn(  501): 	at java.net.PlainSocketImpl.connect(PlainSocketImpl.java:172)
D/WearableConn(  501): 	at java.net.Socket.startupSocket(Socket.java:567)
D/WearableConn(  501): 	at java.net.Socket.<init>(Socket.java:226)
D/WearableConn(  501): 	at btx.run(SourceFile:130)
D/WearableConn(  501): Caused by: libcore.io.ErrnoException: connect failed: ECONNREFUSED (Connection refused)
D/WearableConn(  501): 	at libcore.io.Posix.connect(Native Method)
D/WearableConn(  501): 	at libcore.io.BlockGuardOs.connect(BlockGuardOs.java:101)
D/WearableConn(  501): 	at libcore.io.IoBridge.connectErrno(IoBridge.java:127)
D/WearableConn(  501): 	at libcore.io.IoBridge.connect(IoBridge.java:112)
D/WearableConn(  501): 	... 5 more
D/WearableConn(  501): Socket closed
D/WearableConn(  501): Waiting 4.0 seconds to retry connection
D/WearableConn(  501): Connecting via TCP to /10.0.2.2:5601
D/WearableConn(  501): Error writing to device
D/WearableConn(  501): java.net.ConnectException: failed to connect to /10.0.2.2 (port 5601): connect failed: ECONNREFUSED (Connection refused)
D/WearableConn(  501): 	at libcore.io.IoBridge.connect(IoBridge.java:114)
D/WearableConn(  501): 	at java.net.PlainSocketImpl.connect(PlainSocketImpl.java:192)
D/WearableConn(  501): 	at java.net.PlainSocketImpl.connect(PlainSocketImpl.java:172)
D/WearableConn(  501): 	at java.net.Socket.startupSocket(Socket.java:567)
D/WearableConn(  501): 	at java.net.Socket.<init>(Socket.java:226)
D/WearableConn(  501): 	at btx.run(SourceFile:130)
D/WearableConn(  501): Caused by: libcore.io.ErrnoException: connect failed: ECONNREFUSED (Connection refused)
D/WearableConn(  501): 	at libcore.io.Posix.connect(Native Method)
D/WearableConn(  501): 	at libcore.io.BlockGuardOs.connect(BlockGuardOs.java:101)
D/WearableConn(  501): 	at libcore.io.IoBridge.connectErrno(IoBridge.java:127)
D/WearableConn(  501): 	at libcore.io.IoBridge.connect(IoBridge.java:112)
D/WearableConn(  501): 	... 5 more
D/WearableConn(  501): Socket closed
D/WearableConn(  501): Waiting 4.0 seconds to retry connection
D/WearableConn(  501): Connecting via TCP to /10.0.2.2:5601
D/WearableConn(  501): Error writing to device
D/WearableConn(  501): java.net.ConnectException: failed to connect to /10.0.2.2 (port 5601): connect failed: ECONNREFUSED (Connection refused)
D/WearableConn(  501): 	at libcore.io.IoBridge.connect(IoBridge.java:114)
D/WearableConn(  501): 	at java.net.PlainSocketImpl.connect(PlainSocketImpl.java:192)
D/WearableConn(  501): 	at java.net.PlainSocketImpl.connect(PlainSocketImpl.java:172)
D/WearableConn(  501): 	at java.net.Socket.startupSocket(Socket.java:567)
D/WearableConn(  501): 	at java.net.Socket.<init>(Socket.java:226)
D/WearableConn(  501): 	at btx.run(SourceFile:130)
D/WearableConn(  501): Caused by: libcore.io.ErrnoException: connect failed: ECONNREFUSED (Connection refused)
D/WearableConn(  501): 	at libcore.io.Posix.connect(Native Method)
D/WearableConn(  501): 	at libcore.io.BlockGuardOs.connect(BlockGuardOs.java:101)
D/WearableConn(  501): 	at libcore.io.IoBridge.connectErrno(IoBridge.java:127)
D/WearableConn(  501): 	at libcore.io.IoBridge.connect(IoBridge.java:112)
D/WearableConn(  501): 	... 5 more
D/WearableConn(  501): Socket closed
D/dalvikvm(  501): GC_CONCURRENT freed 396K, 19% free 2364K/2896K, paused 1ms+21ms, total 45ms
D/WearableConn(  501): Waiting 4.0 seconds to retry connection
D/AndroidRuntime(  801): 
D/AndroidRuntime(  801): >>>>>> AndroidRuntime START com.android.internal.os.RuntimeInit <<<<<<
D/AndroidRuntime(  801): CheckJNI is ON
D/dalvikvm(  801): Trying to load lib libjavacore.so 0x0
D/dalvikvm(  801): Added shared lib libjavacore.so 0x0
D/dalvikvm(  801): Trying to load lib libnativehelper.so 0x0
D/dalvikvm(  801): Added shared lib libnativehelper.so 0x0
D/dalvikvm(  801): No JNI_OnLoad found in libnativehelper.so 0x0, skipping init
D/dalvikvm(  801): Note: class Landroid/app/ActivityManagerNative; has 179 unimplemented (abstract) methods
D/WearableConn(  501): Connecting via TCP to /10.0.2.2:5601
D/WearableConn(  501): Error writing to device
D/WearableConn(  501): java.net.ConnectException: failed to connect to /10.0.2.2 (port 5601): connect failed: ECONNREFUSED (Connection refused)
D/WearableConn(  501): 	at libcore.io.IoBridge.connect(IoBridge.java:114)
D/WearableConn(  501): 	at java.net.PlainSocketImpl.connect(PlainSocketImpl.java:192)
D/WearableConn(  501): 	at java.net.PlainSocketImpl.connect(PlainSocketImpl.java:172)
D/WearableConn(  501): 	at java.net.Socket.startupSocket(Socket.java:567)
D/WearableConn(  501): 	at java.net.Socket.<init>(Socket.java:226)
D/WearableConn(  501): 	at btx.run(SourceFile:130)
D/WearableConn(  501): Caused by: libcore.io.ErrnoException: connect failed: ECONNREFUSED (Connection refused)
D/WearableConn(  501): 	at libcore.io.Posix.connect(Native Method)
D/WearableConn(  501): 	at libcore.io.BlockGuardOs.connect(BlockGuardOs.java:101)
D/WearableConn(  501): 	at libcore.io.IoBridge.connectErrno(IoBridge.java:127)
D/WearableConn(  501): 	at libcore.io.IoBridge.connect(IoBridge.java:112)
D/WearableConn(  501): 	... 5 more
D/WearableConn(  501): Socket closed
D/WearableConn(  501): Waiting 4.0 seconds to retry connection
E/memtrack(  801): Couldn't load memtrack module (No such file or directory)
E/android.os.Debug(  801): failed to load memtrack module: -2
D/AndroidRuntime(  801): Calling main entry com.android.commands.pm.Pm
D/AndroidRuntime(  801): Shutting down VM
D/dalvikvm(  801): GC_CONCURRENT freed 143K, 21% free 574K/720K, paused 2ms+1ms, total 13ms
D/WearableConn(  501): Connecting via TCP to /10.0.2.2:5601
D/WearableConn(  501): Error writing to device
D/WearableConn(  501): java.net.ConnectException: failed to connect to /10.0.2.2 (port 5601): connect failed: ECONNREFUSED (Connection refused)
D/WearableConn(  501): 	at libcore.io.IoBridge.connect(IoBridge.java:114)
D/WearableConn(  501): 	at java.net.PlainSocketImpl.connect(PlainSocketImpl.java:192)
D/WearableConn(  501): 	at java.net.PlainSocketImpl.connect(PlainSocketImpl.java:172)
D/WearableConn(  501): 	at java.net.Socket.startupSocket(Socket.java:567)
D/WearableConn(  501): 	at java.net.Socket.<init>(Socket.java:226)
D/WearableConn(  501): 	at btx.run(SourceFile:130)
D/WearableConn(  501): Caused by: libcore.io.ErrnoException: connect failed: ECONNREFUSED (Connection refused)
D/WearableConn(  501): 	at libcore.io.Posix.connect(Native Method)
D/WearableConn(  501): 	at libcore.io.BlockGuardOs.connect(BlockGuardOs.java:101)
D/WearableConn(  501): 	at libcore.io.IoBridge.connectErrno(IoBridge.java:127)
D/WearableConn(  501): 	at libcore.io.IoBridge.connect(IoBridge.java:112)
D/WearableConn(  501): 	... 5 more
D/WearableConn(  501): Socket closed
D/WearableConn(  501): Waiting 4.0 seconds to retry connection
D/WearableConn(  501): Connecting via TCP to /10.0.2.2:5601
D/WearableConn(  501): Error writing to device
D/WearableConn(  501): java.net.ConnectException: failed to connect to /10.0.2.2 (port 5601): connect failed: ECONNREFUSED (Connection refused)
D/WearableConn(  501): 	at libcore.io.IoBridge.connect(IoBridge.java:114)
D/WearableConn(  501): 	at java.net.PlainSocketImpl.connect(PlainSocketImpl.java:192)
D/WearableConn(  501): 	at java.net.PlainSocketImpl.connect(PlainSocketImpl.java:172)
D/WearableConn(  501): 	at java.net.Socket.startupSocket(Socket.java:567)
D/WearableConn(  501): 	at java.net.Socket.<init>(Socket.java:226)
D/WearableConn(  501): 	at btx.run(SourceFile:130)
D/WearableConn(  501): Caused by: libcore.io.ErrnoException: connect failed: ECONNREFUSED (Connection refused)
D/WearableConn(  501): 	at libcore.io.Posix.connect(Native Method)
D/WearableConn(  501): 	at libcore.io.BlockGuardOs.connect(BlockGuardOs.java:101)
D/WearableConn(  501): 	at libcore.io.IoBridge.connectErrno(IoBridge.java:127)
D/WearableConn(  501): 	at libcore.io.IoBridge.connect(IoBridge.java:112)
D/WearableConn(  501): 	... 5 more
D/WearableConn(  501): Socket closed
D/WearableConn(  501): Waiting 4.0 seconds to retry connection
D/WearableConn(  501): Connecting via TCP to /10.0.2.2:5601
D/WearableConn(  501): Error writing to device
D/WearableConn(  501): java.net.ConnectException: failed to connect to /10.0.2.2 (port 5601): connect failed: ECONNREFUSED (Connection refused)
D/WearableConn(  501): 	at libcore.io.IoBridge.connect(IoBridge.java:114)
D/WearableConn(  501): 	at java.net.PlainSocketImpl.connect(PlainSocketImpl.java:192)
D/WearableConn(  501): 	at java.net.PlainSocketImpl.connect(PlainSocketImpl.java:172)
D/WearableConn(  501): 	at java.net.Socket.startupSocket(Socket.java:567)
D/WearableConn(  501): 	at java.net.Socket.<init>(Socket.java:226)
D/WearableConn(  501): 	at btx.run(SourceFile:130)
D/WearableConn(  501): Caused by: libcore.io.ErrnoException: connect failed: ECONNREFUSED (Connection refused)
D/WearableConn(  501): 	at libcore.io.Posix.connect(Native Method)
D/WearableConn(  501): 	at libcore.io.BlockGuardOs.connect(BlockGuardOs.java:101)
D/WearableConn(  501): 	at libcore.io.IoBridge.connectErrno(IoBridge.java:127)
D/WearableConn(  501): 	at libcore.io.IoBridge.connect(IoBridge.java:112)
D/WearableConn(  501): 	... 5 more
D/WearableConn(  501): Socket closed
D/WearableConn(  501): Waiting 4.0 seconds to retry connection
D/WearableConn(  501): Connecting via TCP to /10.0.2.2:5601
D/WearableConn(  501): Error writing to device
D/WearableConn(  501): java.net.ConnectException: failed to connect to /10.0.2.2 (port 5601): connect failed: ECONNREFUSED (Connection refused)
D/WearableConn(  501): 	at libcore.io.IoBridge.connect(IoBridge.java:114)
D/WearableConn(  501): 	at java.net.PlainSocketImpl.connect(PlainSocketImpl.java:192)
D/WearableConn(  501): 	at java.net.PlainSocketImpl.connect(PlainSocketImpl.java:172)
D/WearableConn(  501): 	at java.net.Socket.startupSocket(Socket.java:567)
D/WearableConn(  501): 	at java.net.Socket.<init>(Socket.java:226)
D/WearableConn(  501): 	at btx.run(SourceFile:130)
D/WearableConn(  501): Caused by: libcore.io.ErrnoException: connect failed: ECONNREFUSED (Connection refused)
D/WearableConn(  501): 	at libcore.io.Posix.connect(Native Method)
D/WearableConn(  501): 	at libcore.io.BlockGuardOs.connect(BlockGuardOs.java:101)
D/WearableConn(  501): 	at libcore.io.IoBridge.connectErrno(IoBridge.java:127)
D/WearableConn(  501): 	at libcore.io.IoBridge.connect(IoBridge.java:112)
D/WearableConn(  501): 	... 5 more
D/WearableConn(  501): Socket closed
D/WearableConn(  501): Waiting 4.0 seconds to retry connection
D/WearableConn(  501): Connecting via TCP to /10.0.2.2:5601
D/WearableConn(  501): Error writing to device
D/WearableConn(  501): java.net.ConnectException: failed to connect to /10.0.2.2 (port 5601): connect failed: ECONNREFUSED (Connection refused)
D/WearableConn(  501): 	at libcore.io.IoBridge.connect(IoBridge.java:114)
D/WearableConn(  501): 	at java.net.PlainSocketImpl.connect(PlainSocketImpl.java:192)
D/WearableConn(  501): 	at java.net.PlainSocketImpl.connect(PlainSocketImpl.java:172)
D/WearableConn(  501): 	at java.net.Socket.startupSocket(Socket.java:567)
D/WearableConn(  501): 	at java.net.Socket.<init>(Socket.java:226)
D/WearableConn(  501): 	at btx.run(SourceFile:130)
D/WearableConn(  501): Caused by: libcore.io.ErrnoException: connect failed: ECONNREFUSED (Connection refused)
D/WearableConn(  501): 	at libcore.io.Posix.connect(Native Method)
D/WearableConn(  501): 	at libcore.io.BlockGuardOs.connect(BlockGuardOs.java:101)
D/WearableConn(  501): 	at libcore.io.IoBridge.connectErrno(IoBridge.java:127)
D/WearableConn(  501): 	at libcore.io.IoBridge.connect(IoBridge.java:112)
D/WearableConn(  501): 	... 5 more
D/WearableConn(  501): Socket closed
D/WearableConn(  501): Waiting 4.0 seconds to retry connection
D/WearableConn(  501): Connecting via TCP to /10.0.2.2:5601
D/WearableConn(  501): Error writing to device
D/WearableConn(  501): java.net.ConnectException: failed to connect to /10.0.2.2 (port 5601): connect failed: ECONNREFUSED (Connection refused)
D/WearableConn(  501): 	at libcore.io.IoBridge.connect(IoBridge.java:114)
D/WearableConn(  501): 	at java.net.PlainSocketImpl.connect(PlainSocketImpl.java:192)
D/WearableConn(  501): 	at java.net.PlainSocketImpl.connect(PlainSocketImpl.java:172)
D/WearableConn(  501): 	at java.net.Socket.startupSocket(Socket.java:567)
D/WearableConn(  501): 	at java.net.Socket.<init>(Socket.java:226)
D/WearableConn(  501): 	at btx.run(SourceFile:130)
D/WearableConn(  501): Caused by: libcore.io.ErrnoException: connect failed: ECONNREFUSED (Connection refused)
D/WearableConn(  501): 	at libcore.io.Posix.connect(Native Method)
D/WearableConn(  501): 	at libcore.io.BlockGuardOs.connect(BlockGuardOs.java:101)
D/WearableConn(  501): 	at libcore.io.IoBridge.connectErrno(IoBridge.java:127)
D/WearableConn(  501): 	at libcore.io.IoBridge.connect(IoBridge.java:112)
D/WearableConn(  501): 	... 5 more
D/WearableConn(  501): Socket closed
D/WearableConn(  501): Waiting 4.0 seconds to retry connection
D/dalvikvm(  466): GC_CONCURRENT freed 401K, 32% free 3267K/4804K, paused 2ms+3ms, total 31ms
D/WearableConn(  501): Connecting via TCP to /10.0.2.2:5601
D/WearableConn(  501): Error writing to device
D/WearableConn(  501): java.net.ConnectException: failed to connect to /10.0.2.2 (port 5601): connect failed: ECONNREFUSED (Connection refused)
D/WearableConn(  501): 	at libcore.io.IoBridge.connect(IoBridge.java:114)
D/WearableConn(  501): 	at java.net.PlainSocketImpl.connect(PlainSocketImpl.java:192)
D/WearableConn(  501): 	at java.net.PlainSocketImpl.connect(PlainSocketImpl.java:172)
D/WearableConn(  501): 	at java.net.Socket.startupSocket(Socket.java:567)
D/WearableConn(  501): 	at java.net.Socket.<init>(Socket.java:226)
D/WearableConn(  501): 	at btx.run(SourceFile:130)
D/WearableConn(  501): Caused by: libcore.io.ErrnoException: connect failed: ECONNREFUSED (Connection refused)
D/WearableConn(  501): 	at libcore.io.Posix.connect(Native Method)
D/WearableConn(  501): 	at libcore.io.BlockGuardOs.connect(BlockGuardOs.java:101)
D/WearableConn(  501): 	at libcore.io.IoBridge.connectErrno(IoBridge.java:127)
D/WearableConn(  501): 	at libcore.io.IoBridge.connect(IoBridge.java:112)
D/WearableConn(  501): 	... 5 more
D/WearableConn(  501): Socket closed
D/WearableConn(  501): Waiting 4.0 seconds to retry connection
D/dalvikvm(  345): GC_CONCURRENT freed 759K, 30% free 4720K/6708K, paused 23ms+10ms, total 96ms
D/WearableConn(  501): Connecting via TCP to /10.0.2.2:5601
D/WearableConn(  501): Error writing to device
D/WearableConn(  501): java.net.ConnectException: failed to connect to /10.0.2.2 (port 5601): connect failed: ECONNREFUSED (Connection refused)
D/WearableConn(  501): 	at libcore.io.IoBridge.connect(IoBridge.java:114)
D/WearableConn(  501): 	at java.net.PlainSocketImpl.connect(PlainSocketImpl.java:192)
D/WearableConn(  501): 	at java.net.PlainSocketImpl.connect(PlainSocketImpl.java:172)
D/WearableConn(  501): 	at java.net.Socket.startupSocket(Socket.java:567)
D/WearableConn(  501): 	at java.net.Socket.<init>(Socket.java:226)
D/WearableConn(  501): 	at btx.run(SourceFile:130)
D/WearableConn(  501): Caused by: libcore.io.ErrnoException: connect failed: ECONNREFUSED (Connection refused)
D/WearableConn(  501): 	at libcore.io.Posix.connect(Native Method)
D/WearableConn(  501): 	at libcore.io.BlockGuardOs.connect(BlockGuardOs.java:101)
D/WearableConn(  501): 	at libcore.io.IoBridge.connectErrno(IoBridge.java:127)
D/WearableConn(  501): 	at libcore.io.IoBridge.connect(IoBridge.java:112)
D/WearableConn(  501): 	... 5 more
D/WearableConn(  501): Socket closed
D/WearableConn(  501): Waiting 4.0 seconds to retry connection
D/WearableConn(  501): Connecting via TCP to /10.0.2.2:5601
D/WearableConn(  501): Error writing to device
D/WearableConn(  501): java.net.ConnectException: failed to connect to /10.0.2.2 (port 5601): connect failed: ECONNREFUSED (Connection refused)
D/WearableConn(  501): 	at libcore.io.IoBridge.connect(IoBridge.java:114)
D/WearableConn(  501): 	at java.net.PlainSocketImpl.connect(PlainSocketImpl.java:192)
D/WearableConn(  501): 	at java.net.PlainSocketImpl.connect(PlainSocketImpl.java:172)
D/WearableConn(  501): 	at java.net.Socket.startupSocket(Socket.java:567)
D/WearableConn(  501): 	at java.net.Socket.<init>(Socket.java:226)
D/WearableConn(  501): 	at btx.run(SourceFile:130)
D/WearableConn(  501): Caused by: libcore.io.ErrnoException: connect failed: ECONNREFUSED (Connection refused)
D/WearableConn(  501): 	at libcore.io.Posix.connect(Native Method)
D/WearableConn(  501): 	at libcore.io.BlockGuardOs.connect(BlockGuardOs.java:101)
D/WearableConn(  501): 	at libcore.io.IoBridge.connectErrno(IoBridge.java:127)
D/WearableConn(  501): 	at libcore.io.IoBridge.connect(IoBridge.java:112)
D/WearableConn(  501): 	... 5 more
D/WearableConn(  501): Socket closed
D/WearableConn(  501): Waiting 4.0 seconds to retry connection
D/WearableConn(  501): Connecting via TCP to /10.0.2.2:5601
D/WearableConn(  501): Error writing to device
D/WearableConn(  501): java.net.ConnectException: failed to connect to /10.0.2.2 (port 5601): connect failed: ECONNREFUSED (Connection refused)
D/WearableConn(  501): 	at libcore.io.IoBridge.connect(IoBridge.java:114)
D/WearableConn(  501): 	at java.net.PlainSocketImpl.connect(PlainSocketImpl.java:192)
D/WearableConn(  501): 	at java.net.PlainSocketImpl.connect(PlainSocketImpl.java:172)
D/WearableConn(  501): 	at java.net.Socket.startupSocket(Socket.java:567)
D/WearableConn(  501): 	at java.net.Socket.<init>(Socket.java:226)
D/WearableConn(  501): 	at btx.run(SourceFile:130)
D/WearableConn(  501): Caused by: libcore.io.ErrnoException: connect failed: ECONNREFUSED (Connection refused)
D/WearableConn(  501): 	at libcore.io.Posix.connect(Native Method)
D/WearableConn(  501): 	at libcore.io.BlockGuardOs.connect(BlockGuardOs.java:101)
D/WearableConn(  501): 	at libcore.io.IoBridge.connectErrno(IoBridge.java:127)
D/WearableConn(  501): 	at libcore.io.IoBridge.connect(IoBridge.java:112)
D/WearableConn(  501): 	... 5 more
D/WearableConn(  501): Socket closed
D/WearableConn(  501): Waiting 4.0 seconds to retry connection
D/WearableConn(  501): Connecting via TCP to /10.0.2.2:5601
D/WearableConn(  501): Error writing to device
D/WearableConn(  501): java.net.ConnectException: failed to connect to /10.0.2.2 (port 5601): connect failed: ECONNREFUSED (Connection refused)
D/WearableConn(  501): 	at libcore.io.IoBridge.connect(IoBridge.java:114)
D/WearableConn(  501): 	at java.net.PlainSocketImpl.connect(PlainSocketImpl.java:192)
D/WearableConn(  501): 	at java.net.PlainSocketImpl.connect(PlainSocketImpl.java:172)
D/WearableConn(  501): 	at java.net.Socket.startupSocket(Socket.java:567)
D/WearableConn(  501): 	at java.net.Socket.<init>(Socket.java:226)
D/WearableConn(  501): 	at btx.run(SourceFile:130)
D/WearableConn(  501): Caused by: libcore.io.ErrnoException: connect failed: ECONNREFUSED (Connection refused)
D/WearableConn(  501): 	at libcore.io.Posix.connect(Native Method)
D/WearableConn(  501): 	at libcore.io.BlockGuardOs.connect(BlockGuardOs.java:101)
D/WearableConn(  501): 	at libcore.io.IoBridge.connectErrno(IoBridge.java:127)
D/WearableConn(  501): 	at libcore.io.IoBridge.connect(IoBridge.java:112)
D/WearableConn(  501): 	... 5 more
D/WearableConn(  501): Socket closed
D/WearableConn(  501): Waiting 4.0 seconds to retry connection
D/WearableConn(  501): Connecting via TCP to /10.0.2.2:5601
D/WearableConn(  501): Error writing to device
D/WearableConn(  501): java.net.ConnectException: failed to connect to /10.0.2.2 (port 5601): connect failed: ECONNREFUSED (Connection refused)
D/WearableConn(  501): 	at libcore.io.IoBridge.connect(IoBridge.java:114)
D/WearableConn(  501): 	at java.net.PlainSocketImpl.connect(PlainSocketImpl.java:192)
D/WearableConn(  501): 	at java.net.PlainSocketImpl.connect(PlainSocketImpl.java:172)
D/WearableConn(  501): 	at java.net.Socket.startupSocket(Socket.java:567)
D/WearableConn(  501): 	at java.net.Socket.<init>(Socket.java:226)
D/WearableConn(  501): 	at btx.run(SourceFile:130)
D/WearableConn(  501): Caused by: libcore.io.ErrnoException: connect failed: ECONNREFUSED (Connection refused)
D/WearableConn(  501): 	at libcore.io.Posix.connect(Native Method)
D/WearableConn(  501): 	at libcore.io.BlockGuardOs.connect(BlockGuardOs.java:101)
D/WearableConn(  501): 	at libcore.io.IoBridge.connectErrno(IoBridge.java:127)
D/WearableConn(  501): 	at libcore.io.IoBridge.connect(IoBridge.java:112)
D/WearableConn(  501): 	... 5 more
D/WearableConn(  501): Socket closed
D/WearableConn(  501): Waiting 4.0 seconds to retry connection
D/dalvikvm(  501): GC_CONCURRENT freed 400K, 19% free 2367K/2904K, paused 3ms+2ms, total 66ms
D/WearableConn(  501): Connecting via TCP to /10.0.2.2:5601
D/WearableConn(  501): Error writing to device
D/WearableConn(  501): java.net.ConnectException: failed to connect to /10.0.2.2 (port 5601): connect failed: ECONNREFUSED (Connection refused)
D/WearableConn(  501): 	at libcore.io.IoBridge.connect(IoBridge.java:114)
D/WearableConn(  501): 	at java.net.PlainSocketImpl.connect(PlainSocketImpl.java:192)
D/WearableConn(  501): 	at java.net.PlainSocketImpl.connect(PlainSocketImpl.java:172)
D/WearableConn(  501): 	at java.net.Socket.startupSocket(Socket.java:567)
D/WearableConn(  501): 	at java.net.Socket.<init>(Socket.java:226)
D/WearableConn(  501): 	at btx.run(SourceFile:130)
D/WearableConn(  501): Caused by: libcore.io.ErrnoException: connect failed: ECONNREFUSED (Connection refused)
D/WearableConn(  501): 	at libcore.io.Posix.connect(Native Method)
D/WearableConn(  501): 	at libcore.io.BlockGuardOs.connect(BlockGuardOs.java:101)
D/WearableConn(  501): 	at libcore.io.IoBridge.connectErrno(IoBridge.java:127)
D/WearableConn(  501): 	at libcore.io.IoBridge.connect(IoBridge.java:112)
D/WearableConn(  501): 	... 5 more
D/WearableConn(  501): Socket closed
D/WearableConn(  501): Waiting 4.0 seconds to retry connection
D/WearableConn(  501): Connecting via TCP to /10.0.2.2:5601
D/WearableConn(  501): Error writing to device
D/WearableConn(  501): java.net.ConnectException: failed to connect to /10.0.2.2 (port 5601): connect failed: ECONNREFUSED (Connection refused)
D/WearableConn(  501): 	at libcore.io.IoBridge.connect(IoBridge.java:114)
D/WearableConn(  501): 	at java.net.PlainSocketImpl.connect(PlainSocketImpl.java:192)
D/WearableConn(  501): 	at java.net.PlainSocketImpl.connect(PlainSocketImpl.java:172)
D/WearableConn(  501): 	at java.net.Socket.startupSocket(Socket.java:567)
D/WearableConn(  501): 	at java.net.Socket.<init>(Socket.java:226)
D/WearableConn(  501): 	at btx.run(SourceFile:130)
D/WearableConn(  501): Caused by: libcore.io.ErrnoException: connect failed: ECONNREFUSED (Connection refused)
D/WearableConn(  501): 	at libcore.io.Posix.connect(Native Method)
D/WearableConn(  501): 	at libcore.io.BlockGuardOs.connect(BlockGuardOs.java:101)
D/WearableConn(  501): 	at libcore.io.IoBridge.connectErrno(IoBridge.java:127)
D/WearableConn(  501): 	at libcore.io.IoBridge.connect(IoBridge.java:112)
D/WearableConn(  501): 	... 5 more
D/WearableConn(  501): Socket closed
D/WearableConn(  501): Waiting 4.0 seconds to retry connection
D/WearableConn(  501): Connecting via TCP to /10.0.2.2:5601
D/WearableConn(  501): Error writing to device
D/WearableConn(  501): java.net.ConnectException: failed to connect to /10.0.2.2 (port 5601): connect failed: ECONNREFUSED (Connection refused)
D/WearableConn(  501): 	at libcore.io.IoBridge.connect(IoBridge.java:114)
D/WearableConn(  501): 	at java.net.PlainSocketImpl.connect(PlainSocketImpl.java:192)
D/WearableConn(  501): 	at java.net.PlainSocketImpl.connect(PlainSocketImpl.java:172)
D/WearableConn(  501): 	at java.net.Socket.startupSocket(Socket.java:567)
D/WearableConn(  501): 	at java.net.Socket.<init>(Socket.java:226)
D/WearableConn(  501): 	at btx.run(SourceFile:130)
D/WearableConn(  501): Caused by: libcore.io.ErrnoException: connect failed: ECONNREFUSED (Connection refused)
D/WearableConn(  501): 	at libcore.io.Posix.connect(Native Method)
D/WearableConn(  501): 	at libcore.io.BlockGuardOs.connect(BlockGuardOs.java:101)
D/WearableConn(  501): 	at libcore.io.IoBridge.connectErrno(IoBridge.java:127)
D/WearableConn(  501): 	at libcore.io.IoBridge.connect(IoBridge.java:112)
D/WearableConn(  501): 	... 5 more
D/WearableConn(  501): Socket closed
D/WearableConn(  501): Waiting 4.0 seconds to retry connection
D/WearableConn(  501): Connecting via TCP to /10.0.2.2:5601
D/WearableConn(  501): Error writing to device
D/WearableConn(  501): java.net.ConnectException: failed to connect to /10.0.2.2 (port 5601): connect failed: ECONNREFUSED (Connection refused)
D/WearableConn(  501): 	at libcore.io.IoBridge.connect(IoBridge.java:114)
D/WearableConn(  501): 	at java.net.PlainSocketImpl.connect(PlainSocketImpl.java:192)
D/WearableConn(  501): 	at java.net.PlainSocketImpl.connect(PlainSocketImpl.java:172)
D/WearableConn(  501): 	at java.net.Socket.startupSocket(Socket.java:567)
D/WearableConn(  501): 	at java.net.Socket.<init>(Socket.java:226)
D/WearableConn(  501): 	at btx.run(SourceFile:130)
D/WearableConn(  501): Caused by: libcore.io.ErrnoException: connect failed: ECONNREFUSED (Connection refused)
D/WearableConn(  501): 	at libcore.io.Posix.connect(Native Method)
D/WearableConn(  501): 	at libcore.io.BlockGuardOs.connect(BlockGuardOs.java:101)
D/WearableConn(  501): 	at libcore.io.IoBridge.connectErrno(IoBridge.java:127)
D/WearableConn(  501): 	at libcore.io.IoBridge.connect(IoBridge.java:112)
D/WearableConn(  501): 	... 5 more
D/WearableConn(  501): Socket closed
D/WearableConn(  501): Waiting 4.0 seconds to retry connection
D/WearableConn(  501): Connecting via TCP to /10.0.2.2:5601
D/WearableConn(  501): Error writing to device
D/WearableConn(  501): java.net.ConnectException: failed to connect to /10.0.2.2 (port 5601): connect failed: ECONNREFUSED (Connection refused)
D/WearableConn(  501): 	at libcore.io.IoBridge.connect(IoBridge.java:114)
D/WearableConn(  501): 	at java.net.PlainSocketImpl.connect(PlainSocketImpl.java:192)
D/WearableConn(  501): 	at java.net.PlainSocketImpl.connect(PlainSocketImpl.java:172)
D/WearableConn(  501): 	at java.net.Socket.startupSocket(Socket.java:567)
D/WearableConn(  501): 	at java.net.Socket.<init>(Socket.java:226)
D/WearableConn(  501): 	at btx.run(SourceFile:130)
D/WearableConn(  501): Caused by: libcore.io.ErrnoException: connect failed: ECONNREFUSED (Connection refused)
D/WearableConn(  501): 	at libcore.io.Posix.connect(Native Method)
D/WearableConn(  501): 	at libcore.io.BlockGuardOs.connect(BlockGuardOs.java:101)
D/WearableConn(  501): 	at libcore.io.IoBridge.connectErrno(IoBridge.java:127)
D/WearableConn(  501): 	at libcore.io.IoBridge.connect(IoBridge.java:112)
D/WearableConn(  501): 	... 5 more
D/WearableConn(  501): Socket closed
D/WearableConn(  501): Waiting 4.0 seconds to retry connection
D/dalvikvm(  345): GC_CONCURRENT freed 753K, 33% free 4523K/6708K, paused 4ms+5ms, total 68ms
D/WearableConn(  501): Connecting via TCP to /10.0.2.2:5601
D/WearableConn(  501): Error writing to device
D/WearableConn(  501): java.net.ConnectException: failed to connect to /10.0.2.2 (port 5601): connect failed: ECONNREFUSED (Connection refused)
D/WearableConn(  501): 	at libcore.io.IoBridge.connect(IoBridge.java:114)
D/WearableConn(  501): 	at java.net.PlainSocketImpl.connect(PlainSocketImpl.java:192)
D/WearableConn(  501): 	at java.net.PlainSocketImpl.connect(PlainSocketImpl.java:172)
D/WearableConn(  501): 	at java.net.Socket.startupSocket(Socket.java:567)
D/WearableConn(  501): 	at java.net.Socket.<init>(Socket.java:226)
D/WearableConn(  501): 	at btx.run(SourceFile:130)
D/WearableConn(  501): Caused by: libcore.io.ErrnoException: connect failed: ECONNREFUSED (Connection refused)
D/WearableConn(  501): 	at libcore.io.Posix.connect(Native Method)
D/WearableConn(  501): 	at libcore.io.BlockGuardOs.connect(BlockGuardOs.java:101)
D/WearableConn(  501): 	at libcore.io.IoBridge.connectErrno(IoBridge.java:127)
D/WearableConn(  501): 	at libcore.io.IoBridge.connect(IoBridge.java:112)
D/WearableConn(  501): 	... 5 more
D/WearableConn(  501): Socket closed
D/WearableConn(  501): Waiting 4.0 seconds to retry connection
D/WearableConn(  501): Connecting via TCP to /10.0.2.2:5601
D/WearableConn(  501): Error writing to device
D/WearableConn(  501): java.net.ConnectException: failed to connect to /10.0.2.2 (port 5601): connect failed: ECONNREFUSED (Connection refused)
D/WearableConn(  501): 	at libcore.io.IoBridge.connect(IoBridge.java:114)
D/WearableConn(  501): 	at java.net.PlainSocketImpl.connect(PlainSocketImpl.java:192)
D/WearableConn(  501): 	at java.net.PlainSocketImpl.connect(PlainSocketImpl.java:172)
D/WearableConn(  501): 	at java.net.Socket.startupSocket(Socket.java:567)
D/WearableConn(  501): 	at java.net.Socket.<init>(Socket.java:226)
D/WearableConn(  501): 	at btx.run(SourceFile:130)
D/WearableConn(  501): Caused by: libcore.io.ErrnoException: connect failed: ECONNREFUSED (Connection refused)
D/WearableConn(  501): 	at libcore.io.Posix.connect(Native Method)
D/WearableConn(  501): 	at libcore.io.BlockGuardOs.connect(BlockGuardOs.java:101)
D/WearableConn(  501): 	at libcore.io.IoBridge.connectErrno(IoBridge.java:127)
D/WearableConn(  501): 	at libcore.io.IoBridge.connect(IoBridge.java:112)
D/WearableConn(  501): 	... 5 more
D/WearableConn(  501): Socket closed
D/WearableConn(  501): Waiting 4.0 seconds to retry connection
D/WearableConn(  501): Connecting via TCP to /10.0.2.2:5601
D/WearableConn(  501): Error writing to device
D/WearableConn(  501): java.net.ConnectException: failed to connect to /10.0.2.2 (port 5601): connect failed: ECONNREFUSED (Connection refused)
D/WearableConn(  501): 	at libcore.io.IoBridge.connect(IoBridge.java:114)
D/WearableConn(  501): 	at java.net.PlainSocketImpl.connect(PlainSocketImpl.java:192)
D/WearableConn(  501): 	at java.net.PlainSocketImpl.connect(PlainSocketImpl.java:172)
D/WearableConn(  501): 	at java.net.Socket.startupSocket(Socket.java:567)
D/WearableConn(  501): 	at java.net.Socket.<init>(Socket.java:226)
D/WearableConn(  501): 	at btx.run(SourceFile:130)
D/WearableConn(  501): Caused by: libcore.io.ErrnoException: connect failed: ECONNREFUSED (Connection refused)
D/WearableConn(  501): 	at libcore.io.Posix.connect(Native Method)
D/WearableConn(  501): 	at libcore.io.BlockGuardOs.connect(BlockGuardOs.java:101)
D/WearableConn(  501): 	at libcore.io.IoBridge.connectErrno(IoBridge.java:127)
D/WearableConn(  501): 	at libcore.io.IoBridge.connect(IoBridge.java:112)
D/WearableConn(  501): 	... 5 more
D/WearableConn(  501): Socket closed
D/WearableConn(  501): Waiting 4.0 seconds to retry connection
D/WearableConn(  501): Connecting via TCP to /10.0.2.2:5601
D/WearableConn(  501): Error writing to device
D/WearableConn(  501): java.net.ConnectException: failed to connect to /10.0.2.2 (port 5601): connect failed: ECONNREFUSED (Connection refused)
D/WearableConn(  501): 	at libcore.io.IoBridge.connect(IoBridge.java:114)
D/WearableConn(  501): 	at java.net.PlainSocketImpl.connect(PlainSocketImpl.java:192)
D/WearableConn(  501): 	at java.net.PlainSocketImpl.connect(PlainSocketImpl.java:172)
D/WearableConn(  501): 	at java.net.Socket.startupSocket(Socket.java:567)
D/WearableConn(  501): 	at java.net.Socket.<init>(Socket.java:226)
D/WearableConn(  501): 	at btx.run(SourceFile:130)
D/WearableConn(  501): Caused by: libcore.io.ErrnoException: connect failed: ECONNREFUSED (Connection refused)
D/WearableConn(  501): 	at libcore.io.Posix.connect(Native Method)
D/WearableConn(  501): 	at libcore.io.BlockGuardOs.connect(BlockGuardOs.java:101)
D/WearableConn(  501): 	at libcore.io.IoBridge.connectErrno(IoBridge.java:127)
D/WearableConn(  501): 	at libcore.io.IoBridge.connect(IoBridge.java:112)
D/WearableConn(  501): 	... 5 more
D/WearableConn(  501): Socket closed
D/WearableConn(  501): Waiting 4.0 seconds to retry connection
D/WearableConn(  501): Connecting via TCP to /10.0.2.2:5601
D/WearableConn(  501): Error writing to device
D/WearableConn(  501): java.net.ConnectException: failed to connect to /10.0.2.2 (port 5601): connect failed: ECONNREFUSED (Connection refused)
D/WearableConn(  501): 	at libcore.io.IoBridge.connect(IoBridge.java:114)
D/WearableConn(  501): 	at java.net.PlainSocketImpl.connect(PlainSocketImpl.java:192)
D/WearableConn(  501): 	at java.net.PlainSocketImpl.connect(PlainSocketImpl.java:172)
D/WearableConn(  501): 	at java.net.Socket.startupSocket(Socket.java:567)
D/WearableConn(  501): 	at java.net.Socket.<init>(Socket.java:226)
D/WearableConn(  501): 	at btx.run(SourceFile:130)
D/WearableConn(  501): Caused by: libcore.io.ErrnoException: connect failed: ECONNREFUSED (Connection refused)
D/WearableConn(  501): 	at libcore.io.Posix.connect(Native Method)
D/WearableConn(  501): 	at libcore.io.BlockGuardOs.connect(BlockGuardOs.java:101)
D/WearableConn(  501): 	at libcore.io.IoBridge.connectErrno(IoBridge.java:127)
D/WearableConn(  501): 	at libcore.io.IoBridge.connect(IoBridge.java:112)
D/WearableConn(  501): 	... 5 more
D/WearableConn(  501): Socket closed
D/WearableConn(  501): Waiting 4.0 seconds to retry connection
D/WearableConn(  501): Connecting via TCP to /10.0.2.2:5601
D/WearableConn(  501): Error writing to device
D/WearableConn(  501): java.net.ConnectException: failed to connect to /10.0.2.2 (port 5601): connect failed: ECONNREFUSED (Connection refused)
D/WearableConn(  501): 	at libcore.io.IoBridge.connect(IoBridge.java:114)
D/WearableConn(  501): 	at java.net.PlainSocketImpl.connect(PlainSocketImpl.java:192)
D/WearableConn(  501): 	at java.net.PlainSocketImpl.connect(PlainSocketImpl.java:172)
D/WearableConn(  501): 	at java.net.Socket.startupSocket(Socket.java:567)
D/WearableConn(  501): 	at java.net.Socket.<init>(Socket.java:226)
D/WearableConn(  501): 	at btx.run(SourceFile:130)
D/WearableConn(  501): Caused by: libcore.io.ErrnoException: connect failed: ECONNREFUSED (Connection refused)
D/WearableConn(  501): 	at libcore.io.Posix.connect(Native Method)
D/WearableConn(  501): 	at libcore.io.BlockGuardOs.connect(BlockGuardOs.java:101)
D/WearableConn(  501): 	at libcore.io.IoBridge.connectErrno(IoBridge.java:127)
D/WearableConn(  501): 	at libcore.io.IoBridge.connect(IoBridge.java:112)
D/WearableConn(  501): 	... 5 more
